../Core/Src/main.c:77:6:HAL_UART_RxCpltCallback	16	static
../Core/Src/main.c:94:5:main	8	static
../Core/Src/main.c:159:6:SystemClock_Config	72	static
../Core/Src/main.c:203:13:MX_TIM1_Init	96	static
../Core/Src/main.c:286:13:MX_TIM2_Init	32	static
../Core/Src/main.c:331:13:MX_USART1_UART_Init	8	static
../Core/Src/main.c:364:13:MX_USART2_UART_Init	8	static
../Core/Src/main.c:397:13:MX_GPIO_Init	24	static
../Core/Src/main.c:413:6:UsrInitGpio	4	static
../Core/Src/main.c:427:6:UsrInitPwm	16	static
../Core/Src/main.c:465:6:Error_Handler	4	static,ignoring_inline_asm
