../Core/Src/main.c:78:5:main	8	static
../Core/Src/main.c:133:6:SystemClock_Config	72	static
../Core/Src/main.c:173:13:MX_TIM1_Init	96	static
../Core/Src/main.c:259:13:MX_TIM3_Init	32	static
../Core/Src/main.c:304:13:MX_USART1_UART_Init	8	static
../Core/Src/main.c:335:13:MX_DMA_Init	16	static
../Core/Src/main.c:359:13:MX_GPIO_Init	24	static
../Core/Src/main.c:374:6:HAL_TIM_PWM_PulseFinishedCallback	16	static
../Core/Src/main.c:390:6:HAL_TIM_PeriodElapsedCallback	16	static
../Core/Src/main.c:407:6:Error_Handler	4	static,ignoring_inline_asm
