../Core/Src/main.c:71:6:HAL_UART_RxCpltCallback	16	static
../Core/Src/main.c:95:5:main	8	static
../Core/Src/main.c:175:6:SystemClock_Config	88	static
../Core/Src/main.c:218:6:UsrOpenPwm1Channel1	8	static
../Core/Src/main.c:230:6:UsrOpenPwm1Channel1Complementary	8	static
../Core/Src/main.c:242:6:UsrOpenPwm1Channel2	8	static
../Core/Src/main.c:254:6:UsrOpenPwm1Channel2Complementary	8	static
../Core/Src/main.c:266:6:UsrOpenPwm1Channel3	8	static
../Core/Src/main.c:278:6:UsrOpenPwm1Channel3Complementary	8	static
../Core/Src/main.c:296:6:Error_Handler	4	static,ignoring_inline_asm
