../Core/Src/gnd16x2_i2c.c:42:6:LCD16X2_Init	16	static
../Core/Src/gnd16x2_i2c.c:97:6:LCD16X2_Clear	8	static
../Core/Src/gnd16x2_i2c.c:103:6:LCD16X2_Home	8	static
../Core/Src/gnd16x2_i2c.c:109:6:LCD16X2_SetCursor	40	static
../Core/Src/gnd16x2_i2c.c:119:6:LCD16X2_NoDisplay	8	static
../Core/Src/gnd16x2_i2c.c:125:6:LCD16X2_Display	8	static
../Core/Src/gnd16x2_i2c.c:131:6:LCD16X2_NoCursor	8	static
../Core/Src/gnd16x2_i2c.c:137:6:LCD16X2_Cursor	8	static
../Core/Src/gnd16x2_i2c.c:143:6:LCD16X2_NoBlink	8	static
../Core/Src/gnd16x2_i2c.c:149:6:LCD16X2_Blink	8	static
../Core/Src/gnd16x2_i2c.c:155:6:LCD16X2_ScrollDisplayLeft	8	static
../Core/Src/gnd16x2_i2c.c:160:6:LCD16X2_ScrollDisplayRight	8	static
../Core/Src/gnd16x2_i2c.c:165:6:LCD16X2_LeftToRight	8	static
../Core/Src/gnd16x2_i2c.c:171:6:LCD16X2_RightToLeft	8	static
../Core/Src/gnd16x2_i2c.c:177:6:LCD16X2_AutoScroll	8	static
../Core/Src/gnd16x2_i2c.c:183:6:LCD16X2_NoAutoScroll	8	static
../Core/Src/gnd16x2_i2c.c:189:6:LCD16X2_CreateSpecialChar	24	static
../Core/Src/gnd16x2_i2c.c:199:6:LCD16X2_PrintSpecialChar	16	static
../Core/Src/gnd16x2_i2c.c:204:6:LCD16X2_LoadCustomCharacter	16	static
../Core/Src/gnd16x2_i2c.c:209:6:LCD16X2_PrintStr	16	static
../Core/Src/gnd16x2_i2c.c:214:6:LCD16X2_SetBacklight	16	static
../Core/Src/gnd16x2_i2c.c:220:6:LCD16X2_NoBacklight	8	static
../Core/Src/gnd16x2_i2c.c:226:6:LCD16X2_Backlight	8	static
../Core/Src/gnd16x2_i2c.c:232:13:SendCommand	16	static
../Core/Src/gnd16x2_i2c.c:237:13:SendChar	16	static
../Core/Src/gnd16x2_i2c.c:242:13:Send	24	static
../Core/Src/gnd16x2_i2c.c:250:13:Write4Bits	16	static
../Core/Src/gnd16x2_i2c.c:256:13:ExpanderWrite	32	static
../Core/Src/gnd16x2_i2c.c:262:13:PulseEnable	16	static
../Core/Src/gnd16x2_i2c.c:271:13:DelayInit	4	static,ignoring_inline_asm
../Core/Src/gnd16x2_i2c.c:287:13:DelayUS	32	static
