../Core/Src/main.c:120:10:vref	16	static
../Core/Src/main.c:128:5:tempMCU	4	static
../Core/Src/main.c:133:10:analogtan_veriye	16	static
../Core/Src/main.c:137:6:pilleri_olc	24	static
../Core/Src/main.c:142:6:lcdGoster	24	static
../Core/Src/main.c:160:6:prescalerVeCounterBul	40	static
../Core/Src/main.c:191:6:setPWMFrequencyAndDutyCycle	56	static
../Core/Src/main.c:264:6:hesaplaAdcDegerleri	24	static
../Core/Src/main.c:291:9:map	16	static
../Core/Src/main.c:296:6:pwmSecimi	32	static
../Core/Src/main.c:339:6:limitKontrol	8	static
../Core/Src/main.c:356:6:balansTest	8	static
../Core/Src/main.c:478:6:send_Lcd	24	static
../Core/Src/main.c:572:6:send_Serial	32	static
../Core/Src/main.c:675:6:PwmVeOnOffKontrol	8	static
../Core/Src/main.c:747:5:main	104	static
../Core/Src/main.c:837:6:SystemClock_Config	88	static
../Core/Src/main.c:880:13:MX_ADC1_Init	24	static
../Core/Src/main.c:972:13:MX_I2C1_Init	8	static
../Core/Src/main.c:1004:13:MX_TIM1_Init	96	static
../Core/Src/main.c:1083:13:MX_TIM3_Init	32	static
../Core/Src/main.c:1125:13:MX_USART1_UART_Init	8	static
../Core/Src/main.c:1154:13:MX_DMA_Init	16	static
../Core/Src/main.c:1171:13:MX_GPIO_Init	40	static
../Core/Src/main.c:1221:6:HAL_ADC_ConvCpltCallback	16	static
../Core/Src/main.c:1242:6:StartKontrolTask	16	static
../Core/Src/main.c:1264:6:StartAdcTask	16	static
../Core/Src/main.c:1287:6:StartBalansTask	16	static
../Core/Src/main.c:1305:6:HAL_TIM_PeriodElapsedCallback	16	static
../Core/Src/main.c:1321:6:Error_Handler	4	static,ignoring_inline_asm
