../Core/Src/stm32f1xx_it.c:79:6:NMI_Handler	4	static
../Core/Src/stm32f1xx_it.c:94:6:HardFault_Handler	4	static
../Core/Src/stm32f1xx_it.c:109:6:MemManage_Handler	4	static
../Core/Src/stm32f1xx_it.c:124:6:BusFault_Handler	4	static
../Core/Src/stm32f1xx_it.c:139:6:UsageFault_Handler	4	static
../Core/Src/stm32f1xx_it.c:154:6:DebugMon_Handler	4	static
../Core/Src/stm32f1xx_it.c:174:6:EXTI0_IRQHandler	8	static
../Core/Src/stm32f1xx_it.c:195:6:EXTI1_IRQHandler	8	static
../Core/Src/stm32f1xx_it.c:218:6:DMA1_Channel1_IRQHandler	8	static
../Core/Src/stm32f1xx_it.c:232:6:TIM2_IRQHandler	8	static
../Core/Src/stm32f1xx_it.c:246:6:USART1_IRQHandler	8	static
