Archive member included to satisfy reference by file (symbol)

C:/ST/STM32CubeIDE_1.15.1/STM32CubeIDE/plugins/com.st.stm32cube.ide.mcu.externaltools.gnu-tools-for-stm32.12.3.rel1.win32_1.0.100.202403111256/tools/bin/../lib/gcc/arm-none-eabi/12.3.1/../../../../arm-none-eabi/lib/thumb/v7-m/nofp\libc_nano.a(libc_a-exit.o)
                              C:/ST/STM32CubeIDE_1.15.1/STM32CubeIDE/plugins/com.st.stm32cube.ide.mcu.externaltools.gnu-tools-for-stm32.12.3.rel1.win32_1.0.100.202403111256/tools/bin/../lib/gcc/arm-none-eabi/12.3.1/../../../../arm-none-eabi/lib/thumb/v7-m/nofp/crt0.o (exit)
C:/ST/STM32CubeIDE_1.15.1/STM32CubeIDE/plugins/com.st.stm32cube.ide.mcu.externaltools.gnu-tools-for-stm32.12.3.rel1.win32_1.0.100.202403111256/tools/bin/../lib/gcc/arm-none-eabi/12.3.1/../../../../arm-none-eabi/lib/thumb/v7-m/nofp\libc_nano.a(libc_a-findfp.o)
                              C:/ST/STM32CubeIDE_1.15.1/STM32CubeIDE/plugins/com.st.stm32cube.ide.mcu.externaltools.gnu-tools-for-stm32.12.3.rel1.win32_1.0.100.202403111256/tools/bin/../lib/gcc/arm-none-eabi/12.3.1/../../../../arm-none-eabi/lib/thumb/v7-m/nofp\libc_nano.a(libc_a-exit.o) (__stdio_exit_handler)
C:/ST/STM32CubeIDE_1.15.1/STM32CubeIDE/plugins/com.st.stm32cube.ide.mcu.externaltools.gnu-tools-for-stm32.12.3.rel1.win32_1.0.100.202403111256/tools/bin/../lib/gcc/arm-none-eabi/12.3.1/../../../../arm-none-eabi/lib/thumb/v7-m/nofp\libc_nano.a(libc_a-fwalk.o)
                              C:/ST/STM32CubeIDE_1.15.1/STM32CubeIDE/plugins/com.st.stm32cube.ide.mcu.externaltools.gnu-tools-for-stm32.12.3.rel1.win32_1.0.100.202403111256/tools/bin/../lib/gcc/arm-none-eabi/12.3.1/../../../../arm-none-eabi/lib/thumb/v7-m/nofp\libc_nano.a(libc_a-findfp.o) (_fwalk_sglue)
C:/ST/STM32CubeIDE_1.15.1/STM32CubeIDE/plugins/com.st.stm32cube.ide.mcu.externaltools.gnu-tools-for-stm32.12.3.rel1.win32_1.0.100.202403111256/tools/bin/../lib/gcc/arm-none-eabi/12.3.1/../../../../arm-none-eabi/lib/thumb/v7-m/nofp\libc_nano.a(libc_a-sprintf.o)
                              ./Core/Src/usr_adc.o (sprintf)
C:/ST/STM32CubeIDE_1.15.1/STM32CubeIDE/plugins/com.st.stm32cube.ide.mcu.externaltools.gnu-tools-for-stm32.12.3.rel1.win32_1.0.100.202403111256/tools/bin/../lib/gcc/arm-none-eabi/12.3.1/../../../../arm-none-eabi/lib/thumb/v7-m/nofp\libc_nano.a(libc_a-stdio.o)
                              C:/ST/STM32CubeIDE_1.15.1/STM32CubeIDE/plugins/com.st.stm32cube.ide.mcu.externaltools.gnu-tools-for-stm32.12.3.rel1.win32_1.0.100.202403111256/tools/bin/../lib/gcc/arm-none-eabi/12.3.1/../../../../arm-none-eabi/lib/thumb/v7-m/nofp\libc_nano.a(libc_a-findfp.o) (__sread)
C:/ST/STM32CubeIDE_1.15.1/STM32CubeIDE/plugins/com.st.stm32cube.ide.mcu.externaltools.gnu-tools-for-stm32.12.3.rel1.win32_1.0.100.202403111256/tools/bin/../lib/gcc/arm-none-eabi/12.3.1/../../../../arm-none-eabi/lib/thumb/v7-m/nofp\libc_nano.a(libc_a-memset.o)
                              C:/ST/STM32CubeIDE_1.15.1/STM32CubeIDE/plugins/com.st.stm32cube.ide.mcu.externaltools.gnu-tools-for-stm32.12.3.rel1.win32_1.0.100.202403111256/tools/bin/../lib/gcc/arm-none-eabi/12.3.1/../../../../arm-none-eabi/lib/thumb/v7-m/nofp/crt0.o (memset)
C:/ST/STM32CubeIDE_1.15.1/STM32CubeIDE/plugins/com.st.stm32cube.ide.mcu.externaltools.gnu-tools-for-stm32.12.3.rel1.win32_1.0.100.202403111256/tools/bin/../lib/gcc/arm-none-eabi/12.3.1/../../../../arm-none-eabi/lib/thumb/v7-m/nofp\libc_nano.a(libc_a-closer.o)
                              C:/ST/STM32CubeIDE_1.15.1/STM32CubeIDE/plugins/com.st.stm32cube.ide.mcu.externaltools.gnu-tools-for-stm32.12.3.rel1.win32_1.0.100.202403111256/tools/bin/../lib/gcc/arm-none-eabi/12.3.1/../../../../arm-none-eabi/lib/thumb/v7-m/nofp\libc_nano.a(libc_a-stdio.o) (_close_r)
C:/ST/STM32CubeIDE_1.15.1/STM32CubeIDE/plugins/com.st.stm32cube.ide.mcu.externaltools.gnu-tools-for-stm32.12.3.rel1.win32_1.0.100.202403111256/tools/bin/../lib/gcc/arm-none-eabi/12.3.1/../../../../arm-none-eabi/lib/thumb/v7-m/nofp\libc_nano.a(libc_a-reent.o)
                              C:/ST/STM32CubeIDE_1.15.1/STM32CubeIDE/plugins/com.st.stm32cube.ide.mcu.externaltools.gnu-tools-for-stm32.12.3.rel1.win32_1.0.100.202403111256/tools/bin/../lib/gcc/arm-none-eabi/12.3.1/../../../../arm-none-eabi/lib/thumb/v7-m/nofp\libc_nano.a(libc_a-closer.o) (errno)
C:/ST/STM32CubeIDE_1.15.1/STM32CubeIDE/plugins/com.st.stm32cube.ide.mcu.externaltools.gnu-tools-for-stm32.12.3.rel1.win32_1.0.100.202403111256/tools/bin/../lib/gcc/arm-none-eabi/12.3.1/../../../../arm-none-eabi/lib/thumb/v7-m/nofp\libc_nano.a(libc_a-impure.o)
                              C:/ST/STM32CubeIDE_1.15.1/STM32CubeIDE/plugins/com.st.stm32cube.ide.mcu.externaltools.gnu-tools-for-stm32.12.3.rel1.win32_1.0.100.202403111256/tools/bin/../lib/gcc/arm-none-eabi/12.3.1/../../../../arm-none-eabi/lib/thumb/v7-m/nofp\libc_nano.a(libc_a-sprintf.o) (_impure_ptr)
[...]
Memory Configuration

Name             Origin             Length             Attributes
RAM              0x20000000         0x00005000         xrw
FLASH            0x08000000         0x00010000         xr
*default*        0x00000000         0xffffffff

Linker script and memory map

LOAD C:/ST/STM32CubeIDE_1.15.1/STM32CubeIDE/plugins/com.st.stm32cube.ide.mcu.externaltools.gnu-tools-for-stm32.12.3.rel1.win32_1.0.100.202403111256/tools/bin/../lib/gcc/arm-none-eabi/12.3.1/thumb/v7-m/nofp/crti.o
LOAD C:/ST/STM32CubeIDE_1.15.1/STM32CubeIDE/plugins/com.st.stm32cube.ide.mcu.externaltools.gnu-tools-for-stm32.12.3.rel1.win32_1.0.100.202403111256/tools/bin/../lib/gcc/arm-none-eabi/12.3.1/thumb/v7-m/nofp/crtbegin.o
LOAD C:/ST/STM32CubeIDE_1.15.1/STM32CubeIDE/plugins/com.st.stm32cube.ide.mcu.externaltools.gnu-tools-for-stm32.12.3.rel1.win32_1.0.100.202403111256/tools/bin/../lib/gcc/arm-none-eabi/12.3.1/../../../../arm-none-eabi/lib/thumb/v7-m/nofp/crt0.o
LOAD ./Core/Src/adc.o
LOAD ./Core/Src/gpio.o
LOAD ./Core/Src/i2c.o
LOAD ./Core/Src/main.o
LOAD ./Core/Src/stm32f1xx_hal_msp.o
LOAD ./Core/Src/stm32f1xx_it.o
LOAD ./Core/Src/syscalls.o
LOAD ./Core/Src/sysmem.o
LOAD ./Core/Src/system_stm32f1xx.o
LOAD ./Core/Src/tim.o
LOAD ./Core/Src/usart.o
LOAD ./Core/Src/usr_adc.o
LOAD ./Core/Src/usr_gpio.o
LOAD ./Core/Src/usr_lcd.o
LOAD ./Core/Src/usr_pwm.o
LOAD ./Core/Src/usr_system.o
LOAD ./Core/Src/usr_tim.o
LOAD ./Core/Src/usr_uart.o
LOAD ./Core/Startup/startup_stm32f103c8tx.o
LOAD ./Drivers/STM32F1xx_HAL_Driver/Src/stm32f1xx_hal.o
LOAD ./Drivers/STM32F1xx_HAL_Driver/Src/stm32f1xx_hal_adc.o
LOAD ./Drivers/STM32F1xx_HAL_Driver/Src/stm32f1xx_hal_adc_ex.o
LOAD ./Drivers/STM32F1xx_HAL_Driver/Src/stm32f1xx_hal_cortex.o
LOAD ./Drivers/STM32F1xx_HAL_Driver/Src/stm32f1xx_hal_dma.o
LOAD ./Drivers/STM32F1xx_HAL_Driver/Src/stm32f1xx_hal_exti.o
LOAD ./Drivers/STM32F1xx_HAL_Driver/Src/stm32f1xx_hal_flash.o
LOAD ./Drivers/STM32F1xx_HAL_Driver/Src/stm32f1xx_hal_flash_ex.o
LOAD ./Drivers/STM32F1xx_HAL_Driver/Src/stm32f1xx_hal_gpio.o
LOAD ./Drivers/STM32F1xx_HAL_Driver/Src/stm32f1xx_hal_gpio_ex.o
LOAD ./Drivers/STM32F1xx_HAL_Driver/Src/stm32f1xx_hal_i2c.o
LOAD ./Drivers/STM32F1xx_HAL_Driver/Src/stm32f1xx_hal_pwr.o
LOAD ./Drivers/STM32F1xx_HAL_Driver/Src/stm32f1xx_hal_rcc.o
LOAD ./Drivers/STM32F1xx_HAL_Driver/Src/stm32f1xx_hal_rcc_ex.o
LOAD ./Drivers/STM32F1xx_HAL_Driver/Src/stm32f1xx_hal_tim.o
LOAD ./Drivers/STM32F1xx_HAL_Driver/Src/stm32f1xx_hal_tim_ex.o
LOAD ./Drivers/STM32F1xx_HAL_Driver/Src/stm32f1xx_hal_uart.o
START GROUP
LOAD C:/ST/STM32CubeIDE_1.15.1/STM32CubeIDE/plugins/com.st.stm32cube.ide.mcu.externaltools.gnu-tools-for-stm32.12.3.rel1.win32_1.0.100.202403111256/tools/bin/../lib/gcc/arm-none-eabi/12.3.1/../../../../arm-none-eabi/lib/thumb/v7-m/nofp\libc_nano.a
LOAD C:/ST/STM32CubeIDE_1.15.1/STM32CubeIDE/plugins/com.st.stm32cube.ide.mcu.externaltools.gnu-tools-for-stm32.12.3.rel1.win32_1.0.100.202403111256/tools/bin/../lib/gcc/arm-none-eabi/12.3.1/../../../../arm-none-eabi/lib/thumb/v7-m/nofp\libm.a
END GROUP
START GROUP
LOAD C:/ST/STM32CubeIDE_1.15.1/STM32CubeIDE/plugins/com.st.stm32cube.ide.mcu.externaltools.gnu-tools-for-stm32.12.3.rel1.win32_1.0.100.202403111256/tools/bin/../lib/gcc/arm-none-eabi/12.3.1/thumb/v7-m/nofp\libgcc.a
LOAD C:/ST/STM32CubeIDE_1.15.1/STM32CubeIDE/plugins/com.st.stm32cube.ide.mcu.externaltools.gnu-tools-for-stm32.12.3.rel1.win32_1.0.100.202403111256/tools/bin/../lib/gcc/arm-none-eabi/12.3.1/../../../../arm-none-eabi/lib/thumb/v7-m/nofp\libc_nano.a
END GROUP
START GROUP
LOAD C:/ST/STM32CubeIDE_1.15.1/STM32CubeIDE/plugins/com.st.stm32cube.ide.mcu.externaltools.gnu-tools-for-stm32.12.3.rel1.win32_1.0.100.202403111256/tools/bin/../lib/gcc/arm-none-eabi/12.3.1/thumb/v7-m/nofp\libgcc.a
LOAD C:/ST/STM32CubeIDE_1.15.1/STM32CubeIDE/plugins/com.st.stm32cube.ide.mcu.externaltools.gnu-tools-for-stm32.12.3.rel1.win32_1.0.100.202403111256/tools/bin/../lib/gcc/arm-none-eabi/12.3.1/../../../../arm-none-eabi/lib/thumb/v7-m/nofp\libc_nano.a
LOAD C:/ST/STM32CubeIDE_1.15.1/STM32CubeIDE/plugins/com.st.stm32cube.ide.mcu.externaltools.gnu-tools-for-stm32.12.3.rel1.win32_1.0.100.202403111256/tools/bin/../lib/gcc/arm-none-eabi/12.3.1/../../../../arm-none-eabi/lib/thumb/v7-m/nofp\libnosys.a
END GROUP
START GROUP
LOAD C:/ST/STM32CubeIDE_1.15.1/STM32CubeIDE/plugins/com.st.stm32cube.ide.mcu.externaltools.gnu-tools-for-stm32.12.3.rel1.win32_1.0.100.202403111256/tools/bin/../lib/gcc/arm-none-eabi/12.3.1/thumb/v7-m/nofp\libgcc.a
LOAD C:/ST/STM32CubeIDE_1.15.1/STM32CubeIDE/plugins/com.st.stm32cube.ide.mcu.externaltools.gnu-tools-for-stm32.12.3.rel1.win32_1.0.100.202403111256/tools/bin/../lib/gcc/arm-none-eabi/12.3.1/../../../../arm-none-eabi/lib/thumb/v7-m/nofp\libc_nano.a
LOAD C:/ST/STM32CubeIDE_1.15.1/STM32CubeIDE/plugins/com.st.stm32cube.ide.mcu.externaltools.gnu-tools-for-stm32.12.3.rel1.win32_1.0.100.202403111256/tools/bin/../lib/gcc/arm-none-eabi/12.3.1/../../../../arm-none-eabi/lib/thumb/v7-m/nofp\libnosys.a
END GROUP
LOAD C:/ST/STM32CubeIDE_1.15.1/STM32CubeIDE/plugins/com.st.stm32cube.ide.mcu.externaltools.gnu-tools-for-stm32.12.3.rel1.win32_1.0.100.202403111256/tools/bin/../lib/gcc/arm-none-eabi/12.3.1/thumb/v7-m/nofp/crtend.o
LOAD C:/ST/STM32CubeIDE_1.15.1/STM32CubeIDE/plugins/com.st.stm32cube.ide.mcu.externaltools.gnu-tools-for-stm32.12.3.rel1.win32_1.0.100.202403111256/tools/bin/../lib/gcc/arm-none-eabi/12.3.1/thumb/v7-m/nofp/crtn.o
                0x20005000                        _estack = (ORIGIN (RAM) + LENGTH (RAM))
                0x00000200                        _Min_Heap_Size = 0x200
                0x00000400                        _Min_Stack_Size = 0x400

.isr_vector     0x08000000      0x10c
                0x08000000                        . = ALIGN (0x4)
 *(.isr_vector)
 .isr_vector    0x08000000      0x10c ./Core/Startup/startup_stm32f103c8tx.o
                0x08000000                g_pfnVectors
                0x0800010c                        . = ALIGN (0x4)

.text           0x08000110     0x6b1c
                0x08000110                        . = ALIGN (0x4)
 *(.text)
 .text          0x08000110       0x40 C:/ST/STM32CubeIDE_1.15.1/STM32CubeIDE/plugins/com.st.stm32cube.ide.mcu.externaltools.gnu-tools-for-stm32.12.3.rel1.win32_1.0.100.202403111256/tools/bin/../lib/gcc/arm-none-eabi/12.3.1/thumb/v7-m/nofp/crtbegin.o
 .text          0x08000150       0x10 C:/ST/STM32CubeIDE_1.15.1/STM32CubeIDE/plugins/com.st.stm32cube.ide.mcu.externaltools.gnu-tools-for-stm32.12.3.rel1.win32_1.0.100.202403111256/tools/bin/../lib/gcc/arm-none-eabi/12.3.1/../../../../arm-none-eabi/lib/thumb/v7-m/nofp\libc_nano.a(libc_a-strlen.o)
                0x08000150                strlen
 .text          0x08000160      0x254 C:/ST/STM32CubeIDE_1.15.1/STM32CubeIDE/plugins/com.st.stm32cube.ide.mcu.externaltools.gnu-tools-for-stm32.12.3.rel1.win32_1.0.100.202403111256/tools/bin/../lib/gcc/arm-none-eabi/12.3.1/thumb/v7-m/nofp\libgcc.a(_arm_muldf3.o)
                0x08000160                __muldf3
                0x08000160                __aeabi_dmul
 .text          0x080003b4      0x378 C:/ST/STM32CubeIDE_1.15.1/STM32CubeIDE/plugins/com.st.stm32cube.ide.mcu.externaltools.gnu-tools-for-stm32.12.3.rel1.win32_1.0.100.202403111256/tools/bin/../lib/gcc/arm-none-eabi/12.3.1/thumb/v7-m/nofp\libgcc.a(_arm_addsubdf3.o)
                0x080003b4                __aeabi_drsub
                0x080003bc                __aeabi_dsub
                0x080003bc                __subdf3
                0x080003c0                __aeabi_dadd
                0x080003c0                __adddf3
                0x08000638                __floatunsidf
                0x08000638                __aeabi_ui2d
                0x08000658                __floatsidf
                0x08000658                __aeabi_i2d
                0x0800067c                __aeabi_f2d
                0x0800067c                __extendsfdf2
                0x080006c0                __floatundidf
                0x080006c0                __aeabi_ul2d
                0x080006d0                __floatdidf
                0x080006d0                __aeabi_l2d
 .text          0x0800072c       0x40 C:/ST/STM32CubeIDE_1.15.1/STM32CubeIDE/plugins/com.st.stm32cube.ide.mcu.externaltools.gnu-tools-for-stm32.12.3.rel1.win32_1.0.100.202403111256/tools/bin/../lib/gcc/arm-none-eabi/12.3.1/thumb/v7-m/nofp\libgcc.a(_arm_fixunsdfsi.o)
                0x0800072c                __aeabi_d2uiz
                0x0800072c                __fixunsdfsi
 *(.text*)
 .text.MX_ADC1_Init
                0x0800076c       0x7c ./Core/Src/adc.o
                0x0800076c                MX_ADC1_Init
 .text.HAL_ADC_MspInit
                0x080007e8       0x88 ./Core/Src/adc.o
                0x080007e8                HAL_ADC_MspInit
 .text.MX_GPIO_Init
                0x08000870       0xb4 ./Core/Src/gpio.o
                0x08000870                MX_GPIO_Init
 .text.MX_I2C1_Init
                0x08000924       0x5c ./Core/Src/i2c.o
                0x08000924                MX_I2C1_Init
 .text.HAL_I2C_MspInit
                0x08000980       0xa0 ./Core/Src/i2c.o
                0x08000980                HAL_I2C_MspInit
 .text.main     0x08000a20       0x2e ./Core/Src/main.o
                0x08000a20                main
 .text.SystemClock_Config
                0x08000a4e       0xb6 ./Core/Src/main.o
                0x08000a4e                SystemClock_Config
 .text.Error_Handler
                0x08000b04        0xc ./Core/Src/main.o
                0x08000b04                Error_Handler
 .text.HAL_MspInit
                0x08000b10       0x74 ./Core/Src/stm32f1xx_hal_msp.o
                0x08000b10                HAL_MspInit
 .text.NMI_Handler
                0x08000b84        0x8 ./Core/Src/stm32f1xx_it.o
                0x08000b84                NMI_Handler
 .text.HardFault_Handler
                0x08000b8c        0x8 ./Core/Src/stm32f1xx_it.o
                0x08000b8c                HardFault_Handler
 .text.MemManage_Handler
                0x08000b94        0x8 ./Core/Src/stm32f1xx_it.o
                0x08000b94                MemManage_Handler
 .text.BusFault_Handler
                0x08000b9c        0x8 ./Core/Src/stm32f1xx_it.o
                0x08000b9c                BusFault_Handler
 .text.UsageFault_Handler
                0x08000ba4        0x8 ./Core/Src/stm32f1xx_it.o
                0x08000ba4                UsageFault_Handler
 .text.SVC_Handler
                0x08000bac        0xc ./Core/Src/stm32f1xx_it.o
                0x08000bac                SVC_Handler
 .text.DebugMon_Handler
                0x08000bb8        0xc ./Core/Src/stm32f1xx_it.o
                0x08000bb8                DebugMon_Handler
 .text.PendSV_Handler
                0x08000bc4        0xc ./Core/Src/stm32f1xx_it.o
                0x08000bc4                PendSV_Handler
 .text.SysTick_Handler
                0x08000bd0        0xc ./Core/Src/stm32f1xx_it.o
                0x08000bd0                SysTick_Handler
 .text.RCC_IRQHandler
                0x08000bdc        0xc ./Core/Src/stm32f1xx_it.o
                0x08000bdc                RCC_IRQHandler
 .text.ADC1_2_IRQHandler
                0x08000be8       0x14 ./Core/Src/stm32f1xx_it.o
                0x08000be8                ADC1_2_IRQHandler
 .text.TIM2_IRQHandler
                0x08000bfc       0x5c ./Core/Src/stm32f1xx_it.o
                0x08000bfc                TIM2_IRQHandler
 .text.USART1_IRQHandler
                0x08000c58       0x14 ./Core/Src/stm32f1xx_it.o
                0x08000c58                USART1_IRQHandler
 .text._sbrk    0x08000c6c       0x6c ./Core/Src/sysmem.o
                0x08000c6c                _sbrk
 .text.SystemInit
                0x08000cd8        0xc ./Core/Src/system_stm32f1xx.o
                0x08000cd8                SystemInit
 .text.MX_TIM1_Init
                0x08000ce4      0x170 ./Core/Src/tim.o
                0x08000ce4                MX_TIM1_Init
 .text.MX_TIM2_Init
                0x08000e54       0xc8 ./Core/Src/tim.o
                0x08000e54                MX_TIM2_Init
 .text.HAL_TIM_Base_MspInit
                0x08000f1c       0x70 ./Core/Src/tim.o
                0x08000f1c                HAL_TIM_Base_MspInit
 .text.HAL_TIM_MspPostInit
                0x08000f8c       0x9c ./Core/Src/tim.o
                0x08000f8c                HAL_TIM_MspPostInit
 .text.MX_USART1_UART_Init
                0x08001028       0x54 ./Core/Src/usart.o
                0x08001028                MX_USART1_UART_Init
 .text.HAL_UART_MspInit
                0x0800107c       0xc4 ./Core/Src/usart.o
                0x0800107c                HAL_UART_MspInit
 .text.AdcValuesMovingAverageProc
                0x08001140       0x4a ./Core/Src/usr_adc.o
 *fill*         0x0800118a        0x6 
 .text.UsrReadAdc
                0x08001190      0x2c4 ./Core/Src/usr_adc.o
                0x08001190                UsrReadAdc
 .text.UsrCheckBat2Bat3
                0x08001454       0x80 ./Core/Src/usr_adc.o
                0x08001454                UsrCheckBat2Bat3
 .text.UsrInitGpio
                0x080014d4       0x34 ./Core/Src/usr_gpio.o
                0x080014d4                UsrInitGpio
 .text.UsrLcdInit
                0x08001508       0x62 ./Core/Src/usr_lcd.o
                0x08001508                UsrLcdInit
 .text.UsrLcdSendString
                0x0800156a       0x2a ./Core/Src/usr_lcd.o
                0x0800156a                UsrLcdSendString
 .text.UsrLcdClearDisplay
                0x08001594       0x5c ./Core/Src/usr_lcd.o
                0x08001594                UsrLcdClearDisplay
 .text.UsrLcdSetCursor
                0x080015f0       0x4e ./Core/Src/usr_lcd.o
                0x080015f0                UsrLcdSetCursor
 *fill*         0x0800163e        0x2 
 .text.UsrI2CScan
                0x08001640       0x8c ./Core/Src/usr_lcd.o
                0x08001640                UsrI2CScan
 .text.lcdSendCommandProc
                0x080016cc       0x78 ./Core/Src/usr_lcd.o
 .text.lcdSendDataProc
                0x08001744       0x78 ./Core/Src/usr_lcd.o
 .text.UsrInitPwm
                0x080017bc       0x84 ./Core/Src/usr_pwm.o
                0x080017bc                UsrInitPwm
 .text.UsrTrigPwm1Channel1
                0x08001840       0x9c ./Core/Src/usr_pwm.o
                0x08001840                UsrTrigPwm1Channel1
 .text.UsrTrigSwapPwm1Channel1
                0x080018dc       0xc4 ./Core/Src/usr_pwm.o
                0x080018dc                UsrTrigSwapPwm1Channel1
 .text.UsrAllChannelLowLevel
                0x080019a0       0x68 ./Core/Src/usr_pwm.o
                0x080019a0                UsrAllChannelLowLevel
 .text.UsrSystemInitial
                0x08001a08       0xb8 ./Core/Src/usr_system.o
                0x08001a08                UsrSystemInitial
 .text.UsrSystemGeneral
                0x08001ac0       0xac ./Core/Src/usr_system.o
                0x08001ac0                UsrSystemGeneral
 .text.__NVIC_EnableIRQ
                0x08001b6c       0x38 ./Core/Src/usr_tim.o
 .text.UsrTim2Init
                0x08001ba4       0x60 ./Core/Src/usr_tim.o
                0x08001ba4                UsrTim2Init
 .text.HAL_UART_RxCpltCallback
                0x08001c04       0x68 ./Core/Src/usr_uart.o
                0x08001c04                HAL_UART_RxCpltCallback
 .text.Reset_Handler
                0x08001c6c       0x48 ./Core/Startup/startup_stm32f103c8tx.o
                0x08001c6c                Reset_Handler
 .text.Default_Handler
                0x08001cb4        0x2 ./Core/Startup/startup_stm32f103c8tx.o
                0x08001cb4                RTC_Alarm_IRQHandler
                0x08001cb4                EXTI2_IRQHandler
                0x08001cb4                TIM1_CC_IRQHandler
                0x08001cb4                PVD_IRQHandler
                0x08001cb4                EXTI3_IRQHandler
                0x08001cb4                EXTI0_IRQHandler
                0x08001cb4                I2C2_EV_IRQHandler
                0x08001cb4                SPI1_IRQHandler
                0x08001cb4                TAMPER_IRQHandler
                0x08001cb4                DMA1_Channel4_IRQHandler
                0x08001cb4                USART3_IRQHandler
                0x08001cb4                RTC_IRQHandler
                0x08001cb4                DMA1_Channel7_IRQHandler
                0x08001cb4                CAN1_RX1_IRQHandler
                0x08001cb4                TIM4_IRQHandler
                0x08001cb4                I2C1_EV_IRQHandler
                0x08001cb4                DMA1_Channel6_IRQHandler
                0x08001cb4                TIM3_IRQHandler
                0x08001cb4                TIM1_TRG_COM_IRQHandler
                0x08001cb4                DMA1_Channel1_IRQHandler
                0x08001cb4                Default_Handler
                0x08001cb4                EXTI15_10_IRQHandler
                0x08001cb4                EXTI9_5_IRQHandler
                0x08001cb4                SPI2_IRQHandler
                0x08001cb4                DMA1_Channel5_IRQHandler
                0x08001cb4                EXTI4_IRQHandler
                0x08001cb4                USB_LP_CAN1_RX0_IRQHandler
                0x08001cb4                USB_HP_CAN1_TX_IRQHandler
                0x08001cb4                DMA1_Channel3_IRQHandler
                0x08001cb4                TIM1_UP_IRQHandler
                0x08001cb4                WWDG_IRQHandler
                0x08001cb4                TIM1_BRK_IRQHandler
                0x08001cb4                EXTI1_IRQHandler
                0x08001cb4                USART2_IRQHandler
                0x08001cb4                I2C2_ER_IRQHandler
                0x08001cb4                DMA1_Channel2_IRQHandler
                0x08001cb4                CAN1_SCE_IRQHandler
                0x08001cb4                FLASH_IRQHandler
                0x08001cb4                I2C1_ER_IRQHandler
                0x08001cb4                USBWakeUp_IRQHandler
 *fill*         0x08001cb6        0x2 
 .text.HAL_Init
                0x08001cb8       0x2c ./Drivers/STM32F1xx_HAL_Driver/Src/stm32f1xx_hal.o
                0x08001cb8                HAL_Init
 .text.HAL_InitTick
                0x08001ce4       0x60 ./Drivers/STM32F1xx_HAL_Driver/Src/stm32f1xx_hal.o
                0x08001ce4                HAL_InitTick
 .text.HAL_IncTick
                0x08001d44       0x24 ./Drivers/STM32F1xx_HAL_Driver/Src/stm32f1xx_hal.o
                0x08001d44                HAL_IncTick
 .text.HAL_GetTick
                0x08001d68       0x14 ./Drivers/STM32F1xx_HAL_Driver/Src/stm32f1xx_hal.o
                0x08001d68                HAL_GetTick
 .text.HAL_Delay
                0x08001d7c       0x48 ./Drivers/STM32F1xx_HAL_Driver/Src/stm32f1xx_hal.o
                0x08001d7c                HAL_Delay
 .text.HAL_ADC_Init
                0x08001dc4      0x1b0 ./Drivers/STM32F1xx_HAL_Driver/Src/stm32f1xx_hal_adc.o
                0x08001dc4                HAL_ADC_Init
 .text.HAL_ADC_Start
                0x08001f74      0x15c ./Drivers/STM32F1xx_HAL_Driver/Src/stm32f1xx_hal_adc.o
                0x08001f74                HAL_ADC_Start
 .text.HAL_ADC_Stop
                0x080020d0       0x58 ./Drivers/STM32F1xx_HAL_Driver/Src/stm32f1xx_hal_adc.o
                0x080020d0                HAL_ADC_Stop
 .text.HAL_ADC_PollForConversion
                0x08002128      0x20c ./Drivers/STM32F1xx_HAL_Driver/Src/stm32f1xx_hal_adc.o
                0x08002128                HAL_ADC_PollForConversion
 .text.HAL_ADC_GetValue
                0x08002334       0x18 ./Drivers/STM32F1xx_HAL_Driver/Src/stm32f1xx_hal_adc.o
                0x08002334                HAL_ADC_GetValue
 .text.HAL_ADC_IRQHandler
                0x0800234c      0x17e ./Drivers/STM32F1xx_HAL_Driver/Src/stm32f1xx_hal_adc.o
                0x0800234c                HAL_ADC_IRQHandler
 .text.HAL_ADC_ConvCpltCallback
                0x080024ca       0x12 ./Drivers/STM32F1xx_HAL_Driver/Src/stm32f1xx_hal_adc.o
                0x080024ca                HAL_ADC_ConvCpltCallback
 .text.HAL_ADC_LevelOutOfWindowCallback
                0x080024dc       0x12 ./Drivers/STM32F1xx_HAL_Driver/Src/stm32f1xx_hal_adc.o
                0x080024dc                HAL_ADC_LevelOutOfWindowCallback
 *fill*         0x080024ee        0x2 
 .text.HAL_ADC_ConfigChannel
                0x080024f0      0x1f0 ./Drivers/STM32F1xx_HAL_Driver/Src/stm32f1xx_hal_adc.o
                0x080024f0                HAL_ADC_ConfigChannel
 .text.ADC_Enable
                0x080026e0       0xb4 ./Drivers/STM32F1xx_HAL_Driver/Src/stm32f1xx_hal_adc.o
                0x080026e0                ADC_Enable
 .text.ADC_ConversionStop_Disable
                0x08002794       0x82 ./Drivers/STM32F1xx_HAL_Driver/Src/stm32f1xx_hal_adc.o
                0x08002794                ADC_ConversionStop_Disable
 *fill*         0x08002816        0x2 
 .text.HAL_ADCEx_Calibration_Start
                0x08002818      0x15c ./Drivers/STM32F1xx_HAL_Driver/Src/stm32f1xx_hal_adc_ex.o
                0x08002818                HAL_ADCEx_Calibration_Start
 .text.HAL_ADCEx_InjectedConvCpltCallback
                0x08002974       0x12 ./Drivers/STM32F1xx_HAL_Driver/Src/stm32f1xx_hal_adc_ex.o
                0x08002974                HAL_ADCEx_InjectedConvCpltCallback
 *fill*         0x08002986        0x2 
 .text.__NVIC_SetPriorityGrouping
                0x08002988       0x48 ./Drivers/STM32F1xx_HAL_Driver/Src/stm32f1xx_hal_cortex.o
 .text.__NVIC_GetPriorityGrouping
                0x080029d0       0x1c ./Drivers/STM32F1xx_HAL_Driver/Src/stm32f1xx_hal_cortex.o
 .text.__NVIC_EnableIRQ
                0x080029ec       0x38 ./Drivers/STM32F1xx_HAL_Driver/Src/stm32f1xx_hal_cortex.o
 .text.__NVIC_SetPriority
                0x08002a24       0x54 ./Drivers/STM32F1xx_HAL_Driver/Src/stm32f1xx_hal_cortex.o
 .text.NVIC_EncodePriority
                0x08002a78       0x64 ./Drivers/STM32F1xx_HAL_Driver/Src/stm32f1xx_hal_cortex.o
 .text.SysTick_Config
                0x08002adc       0x44 ./Drivers/STM32F1xx_HAL_Driver/Src/stm32f1xx_hal_cortex.o
 .text.HAL_NVIC_SetPriorityGrouping
                0x08002b20       0x16 ./Drivers/STM32F1xx_HAL_Driver/Src/stm32f1xx_hal_cortex.o
                0x08002b20                HAL_NVIC_SetPriorityGrouping
 .text.HAL_NVIC_SetPriority
                0x08002b36       0x38 ./Drivers/STM32F1xx_HAL_Driver/Src/stm32f1xx_hal_cortex.o
                0x08002b36                HAL_NVIC_SetPriority
 .text.HAL_NVIC_EnableIRQ
                0x08002b6e       0x1c ./Drivers/STM32F1xx_HAL_Driver/Src/stm32f1xx_hal_cortex.o
                0x08002b6e                HAL_NVIC_EnableIRQ
 .text.HAL_SYSTICK_Config
                0x08002b8a       0x18 ./Drivers/STM32F1xx_HAL_Driver/Src/stm32f1xx_hal_cortex.o
                0x08002b8a                HAL_SYSTICK_Config
 .text.HAL_DMA_Abort
                0x08002ba2       0x76 ./Drivers/STM32F1xx_HAL_Driver/Src/stm32f1xx_hal_dma.o
                0x08002ba2                HAL_DMA_Abort
 .text.HAL_DMA_Abort_IT
                0x08002c18       0xf0 ./Drivers/STM32F1xx_HAL_Driver/Src/stm32f1xx_hal_dma.o
                0x08002c18                HAL_DMA_Abort_IT
 .text.HAL_GPIO_Init
                0x08002d08      0x308 ./Drivers/STM32F1xx_HAL_Driver/Src/stm32f1xx_hal_gpio.o
                0x08002d08                HAL_GPIO_Init
 .text.HAL_GPIO_WritePin
                0x08003010       0x30 ./Drivers/STM32F1xx_HAL_Driver/Src/stm32f1xx_hal_gpio.o
                0x08003010                HAL_GPIO_WritePin
 .text.HAL_I2C_Init
                0x08003040      0x288 ./Drivers/STM32F1xx_HAL_Driver/Src/stm32f1xx_hal_i2c.o
                0x08003040                HAL_I2C_Init
 .text.HAL_I2C_Master_Transmit
                0x080032c8      0x1fc ./Drivers/STM32F1xx_HAL_Driver/Src/stm32f1xx_hal_i2c.o
                0x080032c8                HAL_I2C_Master_Transmit
 .text.HAL_I2C_IsDeviceReady
                0x080034c4      0x25c ./Drivers/STM32F1xx_HAL_Driver/Src/stm32f1xx_hal_i2c.o
                0x080034c4                HAL_I2C_IsDeviceReady
 .text.I2C_MasterRequestWrite
                0x08003720      0x104 ./Drivers/STM32F1xx_HAL_Driver/Src/stm32f1xx_hal_i2c.o
 .text.I2C_WaitOnFlagUntilTimeout
                0x08003824       0xf4 ./Drivers/STM32F1xx_HAL_Driver/Src/stm32f1xx_hal_i2c.o
 .text.I2C_WaitOnMasterAddressFlagUntilTimeout
                0x08003918      0x140 ./Drivers/STM32F1xx_HAL_Driver/Src/stm32f1xx_hal_i2c.o
 .text.I2C_WaitOnTXEFlagUntilTimeout
                0x08003a58       0x90 ./Drivers/STM32F1xx_HAL_Driver/Src/stm32f1xx_hal_i2c.o
 .text.I2C_WaitOnBTFFlagUntilTimeout
                0x08003ae8       0x90 ./Drivers/STM32F1xx_HAL_Driver/Src/stm32f1xx_hal_i2c.o
 .text.I2C_IsAcknowledgeFailed
                0x08003b78       0x5c ./Drivers/STM32F1xx_HAL_Driver/Src/stm32f1xx_hal_i2c.o
 .text.HAL_RCC_OscConfig
                0x08003bd4      0x504 ./Drivers/STM32F1xx_HAL_Driver/Src/stm32f1xx_hal_rcc.o
                0x08003bd4                HAL_RCC_OscConfig
 .text.HAL_RCC_ClockConfig
                0x080040d8      0x1d4 ./Drivers/STM32F1xx_HAL_Driver/Src/stm32f1xx_hal_rcc.o
                0x080040d8                HAL_RCC_ClockConfig
 .text.HAL_RCC_GetSysClockFreq
                0x080042ac       0xa8 ./Drivers/STM32F1xx_HAL_Driver/Src/stm32f1xx_hal_rcc.o
                0x080042ac                HAL_RCC_GetSysClockFreq
 .text.HAL_RCC_GetHCLKFreq
                0x08004354       0x14 ./Drivers/STM32F1xx_HAL_Driver/Src/stm32f1xx_hal_rcc.o
                0x08004354                HAL_RCC_GetHCLKFreq
 .text.HAL_RCC_GetPCLK1Freq
                0x08004368       0x28 ./Drivers/STM32F1xx_HAL_Driver/Src/stm32f1xx_hal_rcc.o
                0x08004368                HAL_RCC_GetPCLK1Freq
 .text.HAL_RCC_GetPCLK2Freq
                0x08004390       0x28 ./Drivers/STM32F1xx_HAL_Driver/Src/stm32f1xx_hal_rcc.o
                0x08004390                HAL_RCC_GetPCLK2Freq
 .text.RCC_Delay
                0x080043b8       0x3c ./Drivers/STM32F1xx_HAL_Driver/Src/stm32f1xx_hal_rcc.o
 .text.HAL_RCCEx_PeriphCLKConfig
                0x080043f4      0x16c ./Drivers/STM32F1xx_HAL_Driver/Src/stm32f1xx_hal_rcc_ex.o
                0x080043f4                HAL_RCCEx_PeriphCLKConfig
 .text.HAL_RCCEx_GetPeriphCLKFreq
                0x08004560      0x16c ./Drivers/STM32F1xx_HAL_Driver/Src/stm32f1xx_hal_rcc_ex.o
                0x08004560                HAL_RCCEx_GetPeriphCLKFreq
 .text.HAL_TIM_Base_Init
                0x080046cc       0x9e ./Drivers/STM32F1xx_HAL_Driver/Src/stm32f1xx_hal_tim.o
                0x080046cc                HAL_TIM_Base_Init
 .text.HAL_TIM_PWM_Init
                0x0800476a       0x9e ./Drivers/STM32F1xx_HAL_Driver/Src/stm32f1xx_hal_tim.o
                0x0800476a                HAL_TIM_PWM_Init
 .text.HAL_TIM_PWM_MspInit
                0x08004808       0x12 ./Drivers/STM32F1xx_HAL_Driver/Src/stm32f1xx_hal_tim.o
                0x08004808                HAL_TIM_PWM_MspInit
 .text.HAL_TIM_IRQHandler
                0x0800481a      0x210 ./Drivers/STM32F1xx_HAL_Driver/Src/stm32f1xx_hal_tim.o
                0x0800481a                HAL_TIM_IRQHandler
 *fill*         0x08004a2a        0x2 
 .text.HAL_TIM_PWM_ConfigChannel
                0x08004a2c      0x184 ./Drivers/STM32F1xx_HAL_Driver/Src/stm32f1xx_hal_tim.o
                0x08004a2c                HAL_TIM_PWM_ConfigChannel
 .text.HAL_TIM_ConfigClockSource
                0x08004bb0      0x18e ./Drivers/STM32F1xx_HAL_Driver/Src/stm32f1xx_hal_tim.o
                0x08004bb0                HAL_TIM_ConfigClockSource
 .text.HAL_TIM_SlaveConfigSynchro
                0x08004d3e       0x84 ./Drivers/STM32F1xx_HAL_Driver/Src/stm32f1xx_hal_tim.o
                0x08004d3e                HAL_TIM_SlaveConfigSynchro
 .text.HAL_TIM_PeriodElapsedCallback
                0x08004dc2       0x12 ./Drivers/STM32F1xx_HAL_Driver/Src/stm32f1xx_hal_tim.o
                0x08004dc2                HAL_TIM_PeriodElapsedCallback
 .text.HAL_TIM_OC_DelayElapsedCallback
                0x08004dd4       0x12 ./Drivers/STM32F1xx_HAL_Driver/Src/stm32f1xx_hal_tim.o
                0x08004dd4                HAL_TIM_OC_DelayElapsedCallback
 .text.HAL_TIM_IC_CaptureCallback
                0x08004de6       0x12 ./Drivers/STM32F1xx_HAL_Driver/Src/stm32f1xx_hal_tim.o
                0x08004de6                HAL_TIM_IC_CaptureCallback
 .text.HAL_TIM_PWM_PulseFinishedCallback
                0x08004df8       0x12 ./Drivers/STM32F1xx_HAL_Driver/Src/stm32f1xx_hal_tim.o
                0x08004df8                HAL_TIM_PWM_PulseFinishedCallback
 .text.HAL_TIM_TriggerCallback
                0x08004e0a       0x12 ./Drivers/STM32F1xx_HAL_Driver/Src/stm32f1xx_hal_tim.o
                0x08004e0a                HAL_TIM_TriggerCallback
 .text.TIM_Base_SetConfig
                0x08004e1c       0xc4 ./Drivers/STM32F1xx_HAL_Driver/Src/stm32f1xx_hal_tim.o
                0x08004e1c                TIM_Base_SetConfig
 .text.TIM_OC1_SetConfig
                0x08004ee0       0xcc ./Drivers/STM32F1xx_HAL_Driver/Src/stm32f1xx_hal_tim.o
 .text.TIM_OC2_SetConfig
                0x08004fac       0xd4 ./Drivers/STM32F1xx_HAL_Driver/Src/stm32f1xx_hal_tim.o
                0x08004fac                TIM_OC2_SetConfig
 .text.TIM_OC3_SetConfig
                0x08005080       0xd4 ./Drivers/STM32F1xx_HAL_Driver/Src/stm32f1xx_hal_tim.o
 .text.TIM_OC4_SetConfig
                0x08005154       0x9c ./Drivers/STM32F1xx_HAL_Driver/Src/stm32f1xx_hal_tim.o
 .text.TIM_SlaveTimer_SetConfig
                0x080051f0      0x122 ./Drivers/STM32F1xx_HAL_Driver/Src/stm32f1xx_hal_tim.o
 .text.TIM_TI1_ConfigInputStage
                0x08005312       0x5c ./Drivers/STM32F1xx_HAL_Driver/Src/stm32f1xx_hal_tim.o
 .text.TIM_TI2_ConfigInputStage
                0x0800536e       0x5e ./Drivers/STM32F1xx_HAL_Driver/Src/stm32f1xx_hal_tim.o
 .text.TIM_ITRx_SetConfig
                0x080053cc       0x34 ./Drivers/STM32F1xx_HAL_Driver/Src/stm32f1xx_hal_tim.o
 .text.TIM_ETR_SetConfig
                0x08005400       0x3e ./Drivers/STM32F1xx_HAL_Driver/Src/stm32f1xx_hal_tim.o
                0x08005400                TIM_ETR_SetConfig
 *fill*         0x0800543e        0x2 
 .text.HAL_TIMEx_MasterConfigSynchronization
                0x08005440       0xbc ./Drivers/STM32F1xx_HAL_Driver/Src/stm32f1xx_hal_tim_ex.o
                0x08005440                HAL_TIMEx_MasterConfigSynchronization
 .text.HAL_TIMEx_ConfigBreakDeadTime
                0x080054fc       0xa2 ./Drivers/STM32F1xx_HAL_Driver/Src/stm32f1xx_hal_tim_ex.o
                0x080054fc                HAL_TIMEx_ConfigBreakDeadTime
 .text.HAL_TIMEx_CommutCallback
                0x0800559e       0x12 ./Drivers/STM32F1xx_HAL_Driver/Src/stm32f1xx_hal_tim_ex.o
                0x0800559e                HAL_TIMEx_CommutCallback
 .text.HAL_TIMEx_BreakCallback
                0x080055b0       0x12 ./Drivers/STM32F1xx_HAL_Driver/Src/stm32f1xx_hal_tim_ex.o
                0x080055b0                HAL_TIMEx_BreakCallback
 .text.HAL_UART_Init
                0x080055c2       0xa0 ./Drivers/STM32F1xx_HAL_Driver/Src/stm32f1xx_hal_uart.o
                0x080055c2                HAL_UART_Init
 .text.HAL_UART_Transmit
                0x08005662      0x106 ./Drivers/STM32F1xx_HAL_Driver/Src/stm32f1xx_hal_uart.o
                0x08005662                HAL_UART_Transmit
 .text.HAL_UART_Receive_IT
                0x08005768       0x4a ./Drivers/STM32F1xx_HAL_Driver/Src/stm32f1xx_hal_uart.o
                0x08005768                HAL_UART_Receive_IT
 *fill*         0x080057b2        0x2 
 .text.HAL_UART_IRQHandler
                0x080057b4      0x524 ./Drivers/STM32F1xx_HAL_Driver/Src/stm32f1xx_hal_uart.o
                0x080057b4                HAL_UART_IRQHandler
 .text.HAL_UART_TxCpltCallback
                0x08005cd8       0x12 ./Drivers/STM32F1xx_HAL_Driver/Src/stm32f1xx_hal_uart.o
                0x08005cd8                HAL_UART_TxCpltCallback
 .text.HAL_UART_ErrorCallback
                0x08005cea       0x12 ./Drivers/STM32F1xx_HAL_Driver/Src/stm32f1xx_hal_uart.o
                0x08005cea                HAL_UART_ErrorCallback
 .text.HAL_UARTEx_RxEventCallback
                0x08005cfc       0x16 ./Drivers/STM32F1xx_HAL_Driver/Src/stm32f1xx_hal_uart.o
                0x08005cfc                HAL_UARTEx_RxEventCallback
 .text.UART_WaitOnFlagUntilTimeout
                0x08005d12       0xdc ./Drivers/STM32F1xx_HAL_Driver/Src/stm32f1xx_hal_uart.o
 .text.UART_Start_Receive_IT
                0x08005dee       0x72 ./Drivers/STM32F1xx_HAL_Driver/Src/stm32f1xx_hal_uart.o
                0x08005dee                UART_Start_Receive_IT
 .text.UART_EndRxTransfer
                0x08005e60       0xc4 ./Drivers/STM32F1xx_HAL_Driver/Src/stm32f1xx_hal_uart.o
 .text.UART_DMAAbortOnError
                0x08005f24       0x28 ./Drivers/STM32F1xx_HAL_Driver/Src/stm32f1xx_hal_uart.o
 .text.UART_Transmit_IT
                0x08005f4c       0x9e ./Drivers/STM32F1xx_HAL_Driver/Src/stm32f1xx_hal_uart.o
 .text.UART_EndTransmit_IT
                0x08005fea       0x30 ./Drivers/STM32F1xx_HAL_Driver/Src/stm32f1xx_hal_uart.o
 .text.UART_Receive_IT
                0x0800601a      0x17c ./Drivers/STM32F1xx_HAL_Driver/Src/stm32f1xx_hal_uart.o
 *fill*         0x08006196        0x2 
 .text.UART_SetConfig
                0x08006198      0x11c ./Drivers/STM32F1xx_HAL_Driver/Src/stm32f1xx_hal_uart.o
 .text.sprintf  0x080062b4       0x40 C:/ST/STM32CubeIDE_1.15.1/STM32CubeIDE/plugins/com.st.stm32cube.ide.mcu.externaltools.gnu-tools-for-stm32.12.3.rel1.win32_1.0.100.202403111256/tools/bin/../lib/gcc/arm-none-eabi/12.3.1/../../../../arm-none-eabi/lib/thumb/v7-m/nofp\libc_nano.a(libc_a-sprintf.o)
                0x080062b4                siprintf
                0x080062b4                sprintf
 .text.memset   0x080062f4       0x10 C:/ST/STM32CubeIDE_1.15.1/STM32CubeIDE/plugins/com.st.stm32cube.ide.mcu.externaltools.gnu-tools-for-stm32.12.3.rel1.win32_1.0.100.202403111256/tools/bin/../lib/gcc/arm-none-eabi/12.3.1/../../../../arm-none-eabi/lib/thumb/v7-m/nofp\libc_nano.a(libc_a-memset.o)
                0x080062f4                memset
 .text.__errno  0x08006304        0xc C:/ST/STM32CubeIDE_1.15.1/STM32CubeIDE/plugins/com.st.stm32cube.ide.mcu.externaltools.gnu-tools-for-stm32.12.3.rel1.win32_1.0.100.202403111256/tools/bin/../lib/gcc/arm-none-eabi/12.3.1/../../../../arm-none-eabi/lib/thumb/v7-m/nofp\libc_nano.a(libc_a-errno.o)
                0x08006304                __errno
 .text.__libc_init_array
                0x08006310       0x48 C:/ST/STM32CubeIDE_1.15.1/STM32CubeIDE/plugins/com.st.stm32cube.ide.mcu.externaltools.gnu-tools-for-stm32.12.3.rel1.win32_1.0.100.202403111256/tools/bin/../lib/gcc/arm-none-eabi/12.3.1/../../../../arm-none-eabi/lib/thumb/v7-m/nofp\libc_nano.a(libc_a-init.o)
                0x08006310                __libc_init_array
 .text.__retarget_lock_acquire_recursive
                0x08006358        0x2 C:/ST/STM32CubeIDE_1.15.1/STM32CubeIDE/plugins/com.st.stm32cube.ide.mcu.externaltools.gnu-tools-for-stm32.12.3.rel1.win32_1.0.100.202403111256/tools/bin/../lib/gcc/arm-none-eabi/12.3.1/../../../../arm-none-eabi/lib/thumb/v7-m/nofp\libc_nano.a(libc_a-lock.o)
                0x08006358                __retarget_lock_acquire_recursive
 .text.__retarget_lock_release_recursive
                0x0800635a        0x2 C:/ST/STM32CubeIDE_1.15.1/STM32CubeIDE/plugins/com.st.stm32cube.ide.mcu.externaltools.gnu-tools-for-stm32.12.3.rel1.win32_1.0.100.202403111256/tools/bin/../lib/gcc/arm-none-eabi/12.3.1/../../../../arm-none-eabi/lib/thumb/v7-m/nofp\libc_nano.a(libc_a-lock.o)
                0x0800635a                __retarget_lock_release_recursive
 .text._free_r  0x0800635c       0x90 C:/ST/STM32CubeIDE_1.15.1/STM32CubeIDE/plugins/com.st.stm32cube.ide.mcu.externaltools.gnu-tools-for-stm32.12.3.rel1.win32_1.0.100.202403111256/tools/bin/../lib/gcc/arm-none-eabi/12.3.1/../../../../arm-none-eabi/lib/thumb/v7-m/nofp\libc_nano.a(libc_a-freer.o)
                0x0800635c                _free_r
 .text.sbrk_aligned
                0x080063ec       0x44 C:/ST/STM32CubeIDE_1.15.1/STM32CubeIDE/plugins/com.st.stm32cube.ide.mcu.externaltools.gnu-tools-for-stm32.12.3.rel1.win32_1.0.100.202403111256/tools/bin/../lib/gcc/arm-none-eabi/12.3.1/../../../../arm-none-eabi/lib/thumb/v7-m/nofp\libc_nano.a(libc_a-mallocr.o)
 .text._malloc_r
                0x08006430      0x100 C:/ST/STM32CubeIDE_1.15.1/STM32CubeIDE/plugins/com.st.stm32cube.ide.mcu.externaltools.gnu-tools-for-stm32.12.3.rel1.win32_1.0.100.202403111256/tools/bin/../lib/gcc/arm-none-eabi/12.3.1/../../../../arm-none-eabi/lib/thumb/v7-m/nofp\libc_nano.a(libc_a-mallocr.o)
                0x08006430                _malloc_r
 .text.__malloc_lock
                0x08006530        0xc C:/ST/STM32CubeIDE_1.15.1/STM32CubeIDE/plugins/com.st.stm32cube.ide.mcu.externaltools.gnu-tools-for-stm32.12.3.rel1.win32_1.0.100.202403111256/tools/bin/../lib/gcc/arm-none-eabi/12.3.1/../../../../arm-none-eabi/lib/thumb/v7-m/nofp\libc_nano.a(libc_a-mlock.o)
                0x08006530                __malloc_lock
 .text.__malloc_unlock
                0x0800653c        0xc C:/ST/STM32CubeIDE_1.15.1/STM32CubeIDE/plugins/com.st.stm32cube.ide.mcu.externaltools.gnu-tools-for-stm32.12.3.rel1.win32_1.0.100.202403111256/tools/bin/../lib/gcc/arm-none-eabi/12.3.1/../../../../arm-none-eabi/lib/thumb/v7-m/nofp\libc_nano.a(libc_a-mlock.o)
                0x0800653c                __malloc_unlock
 .text.__ssputs_r
                0x08006548       0xb6 C:/ST/STM32CubeIDE_1.15.1/STM32CubeIDE/plugins/com.st.stm32cube.ide.mcu.externaltools.gnu-tools-for-stm32.12.3.rel1.win32_1.0.100.202403111256/tools/bin/../lib/gcc/arm-none-eabi/12.3.1/../../../../arm-none-eabi/lib/thumb/v7-m/nofp\libc_nano.a(libc_a-nano-svfprintf.o)
                0x08006548                __ssputs_r
 *fill*         0x080065fe        0x2 
 .text._svfprintf_r
                0x08006600      0x1f8 C:/ST/STM32CubeIDE_1.15.1/STM32CubeIDE/plugins/com.st.stm32cube.ide.mcu.externaltools.gnu-tools-for-stm32.12.3.rel1.win32_1.0.100.202403111256/tools/bin/../lib/gcc/arm-none-eabi/12.3.1/../../../../arm-none-eabi/lib/thumb/v7-m/nofp\libc_nano.a(libc_a-nano-svfprintf.o)
                0x08006600                _svfiprintf_r
                0x08006600                _svfprintf_r
 .text._printf_common
                0x080067f8       0xe4 C:/ST/STM32CubeIDE_1.15.1/STM32CubeIDE/plugins/com.st.stm32cube.ide.mcu.externaltools.gnu-tools-for-stm32.12.3.rel1.win32_1.0.100.202403111256/tools/bin/../lib/gcc/arm-none-eabi/12.3.1/../../../../arm-none-eabi/lib/thumb/v7-m/nofp\libc_nano.a(libc_a-nano-vfprintf_i.o)
                0x080067f8                _printf_common
 .text._printf_i
                0x080068dc      0x240 C:/ST/STM32CubeIDE_1.15.1/STM32CubeIDE/plugins/com.st.stm32cube.ide.mcu.externaltools.gnu-tools-for-stm32.12.3.rel1.win32_1.0.100.202403111256/tools/bin/../lib/gcc/arm-none-eabi/12.3.1/../../../../arm-none-eabi/lib/thumb/v7-m/nofp\libc_nano.a(libc_a-nano-vfprintf_i.o)
                0x080068dc                _printf_i
 .text.memmove  0x08006b1c       0x34 C:/ST/STM32CubeIDE_1.15.1/STM32CubeIDE/plugins/com.st.stm32cube.ide.mcu.externaltools.gnu-tools-for-stm32.12.3.rel1.win32_1.0.100.202403111256/tools/bin/../lib/gcc/arm-none-eabi/12.3.1/../../../../arm-none-eabi/lib/thumb/v7-m/nofp\libc_nano.a(libc_a-memmove.o)
                0x08006b1c                memmove
 .text._sbrk_r  0x08006b50       0x20 C:/ST/STM32CubeIDE_1.15.1/STM32CubeIDE/plugins/com.st.stm32cube.ide.mcu.externaltools.gnu-tools-for-stm32.12.3.rel1.win32_1.0.100.202403111256/tools/bin/../lib/gcc/arm-none-eabi/12.3.1/../../../../arm-none-eabi/lib/thumb/v7-m/nofp\libc_nano.a(libc_a-sbrkr.o)
                0x08006b50                _sbrk_r
 .text.memchr   0x08006b70       0x1c C:/ST/STM32CubeIDE_1.15.1/STM32CubeIDE/plugins/com.st.stm32cube.ide.mcu.externaltools.gnu-tools-for-stm32.12.3.rel1.win32_1.0.100.202403111256/tools/bin/../lib/gcc/arm-none-eabi/12.3.1/../../../../arm-none-eabi/lib/thumb/v7-m/nofp\libc_nano.a(libc_a-memchr-stub.o)
                0x08006b70                memchr
 .text.memcpy   0x08006b8c       0x1c C:/ST/STM32CubeIDE_1.15.1/STM32CubeIDE/plugins/com.st.stm32cube.ide.mcu.externaltools.gnu-tools-for-stm32.12.3.rel1.win32_1.0.100.202403111256/tools/bin/../lib/gcc/arm-none-eabi/12.3.1/../../../../arm-none-eabi/lib/thumb/v7-m/nofp\libc_nano.a(libc_a-memcpy-stub.o)
                0x08006b8c                memcpy
 .text._realloc_r
                0x08006ba8       0x5c C:/ST/STM32CubeIDE_1.15.1/STM32CubeIDE/plugins/com.st.stm32cube.ide.mcu.externaltools.gnu-tools-for-stm32.12.3.rel1.win32_1.0.100.202403111256/tools/bin/../lib/gcc/arm-none-eabi/12.3.1/../../../../arm-none-eabi/lib/thumb/v7-m/nofp\libc_nano.a(libc_a-reallocr.o)
                0x08006ba8                _realloc_r
 .text._malloc_usable_size_r
                0x08006c04       0x10 C:/ST/STM32CubeIDE_1.15.1/STM32CubeIDE/plugins/com.st.stm32cube.ide.mcu.externaltools.gnu-tools-for-stm32.12.3.rel1.win32_1.0.100.202403111256/tools/bin/../lib/gcc/arm-none-eabi/12.3.1/../../../../arm-none-eabi/lib/thumb/v7-m/nofp\libc_nano.a(libc_a-msizer.o)
                0x08006c04                _malloc_usable_size_r
 *(.glue_7)
 .glue_7        0x08006c14        0x0 linker stubs
 *(.glue_7t)
 .glue_7t       0x08006c14        0x0 linker stubs
 *(.eh_frame)
 .eh_frame      0x08006c14        0x0 C:/ST/STM32CubeIDE_1.15.1/STM32CubeIDE/plugins/com.st.stm32cube.ide.mcu.externaltools.gnu-tools-for-stm32.12.3.rel1.win32_1.0.100.202403111256/tools/bin/../lib/gcc/arm-none-eabi/12.3.1/thumb/v7-m/nofp/crtbegin.o
 *(.init)
 .init          0x08006c14        0x4 C:/ST/STM32CubeIDE_1.15.1/STM32CubeIDE/plugins/com.st.stm32cube.ide.mcu.externaltools.gnu-tools-for-stm32.12.3.rel1.win32_1.0.100.202403111256/tools/bin/../lib/gcc/arm-none-eabi/12.3.1/thumb/v7-m/nofp/crti.o
                0x08006c14                _init
 .init          0x08006c18        0x8 C:/ST/STM32CubeIDE_1.15.1/STM32CubeIDE/plugins/com.st.stm32cube.ide.mcu.externaltools.gnu-tools-for-stm32.12.3.rel1.win32_1.0.100.202403111256/tools/bin/../lib/gcc/arm-none-eabi/12.3.1/thumb/v7-m/nofp/crtn.o
 *(.fini)
 .fini          0x08006c20        0x4 C:/ST/STM32CubeIDE_1.15.1/STM32CubeIDE/plugins/com.st.stm32cube.ide.mcu.externaltools.gnu-tools-for-stm32.12.3.rel1.win32_1.0.100.202403111256/tools/bin/../lib/gcc/arm-none-eabi/12.3.1/thumb/v7-m/nofp/crti.o
                0x08006c20                _fini
 .fini          0x08006c24        0x8 C:/ST/STM32CubeIDE_1.15.1/STM32CubeIDE/plugins/com.st.stm32cube.ide.mcu.externaltools.gnu-tools-for-stm32.12.3.rel1.win32_1.0.100.202403111256/tools/bin/../lib/gcc/arm-none-eabi/12.3.1/thumb/v7-m/nofp/crtn.o
                0x08006c2c                        . = ALIGN (0x4)
                0x08006c2c                        _etext = .

.vfp11_veneer   0x08006c2c        0x0
 .vfp11_veneer  0x08006c2c        0x0 linker stubs

.v4_bx          0x08006c2c        0x0
 .v4_bx         0x08006c2c        0x0 linker stubs

.iplt           0x08006c2c        0x0
 .iplt          0x08006c2c        0x0 C:/ST/STM32CubeIDE_1.15.1/STM32CubeIDE/plugins/com.st.stm32cube.ide.mcu.externaltools.gnu-tools-for-stm32.12.3.rel1.win32_1.0.100.202403111256/tools/bin/../lib/gcc/arm-none-eabi/12.3.1/thumb/v7-m/nofp/crtbegin.o

.rodata         0x08006c2c      0x148
                0x08006c2c                        . = ALIGN (0x4)
 *(.rodata)
 .rodata        0x08006c2c       0x27 ./Core/Src/usr_adc.o
 *fill*         0x08006c53        0x1 
 .rodata        0x08006c54       0x32 ./Core/Src/usr_lcd.o
 *fill*         0x08006c86        0x2 
 .rodata        0x08006c88       0x53 ./Core/Src/usr_pwm.o
 *fill*         0x08006cdb        0x1 
 .rodata        0x08006cdc       0x24 ./Core/Src/usr_system.o
 *(.rodata*)
 .rodata.AHBPrescTable
                0x08006d00       0x10 ./Core/Src/system_stm32f1xx.o
                0x08006d00                AHBPrescTable
 .rodata.APBPrescTable
                0x08006d10        0x8 ./Core/Src/system_stm32f1xx.o
                0x08006d10                APBPrescTable
 .rodata.aPLLMULFactorTable.1
                0x08006d18       0x10 ./Drivers/STM32F1xx_HAL_Driver/Src/stm32f1xx_hal_rcc.o
 .rodata.aPredivFactorTable.0
                0x08006d28        0x2 ./Drivers/STM32F1xx_HAL_Driver/Src/stm32f1xx_hal_rcc.o
 *fill*         0x08006d2a        0x2 
 .rodata.aPLLMULFactorTable.1
                0x08006d2c       0x10 ./Drivers/STM32F1xx_HAL_Driver/Src/stm32f1xx_hal_rcc_ex.o
 .rodata.aPredivFactorTable.0
                0x08006d3c        0x2 ./Drivers/STM32F1xx_HAL_Driver/Src/stm32f1xx_hal_rcc_ex.o
 .rodata._svfprintf_r.str1.1
                0x08006d3e       0x11 C:/ST/STM32CubeIDE_1.15.1/STM32CubeIDE/plugins/com.st.stm32cube.ide.mcu.externaltools.gnu-tools-for-stm32.12.3.rel1.win32_1.0.100.202403111256/tools/bin/../lib/gcc/arm-none-eabi/12.3.1/../../../../arm-none-eabi/lib/thumb/v7-m/nofp\libc_nano.a(libc_a-nano-svfprintf.o)
 .rodata._printf_i.str1.1
                0x08006d4f       0x22 C:/ST/STM32CubeIDE_1.15.1/STM32CubeIDE/plugins/com.st.stm32cube.ide.mcu.externaltools.gnu-tools-for-stm32.12.3.rel1.win32_1.0.100.202403111256/tools/bin/../lib/gcc/arm-none-eabi/12.3.1/../../../../arm-none-eabi/lib/thumb/v7-m/nofp\libc_nano.a(libc_a-nano-vfprintf_i.o)
                0x08006d74                        . = ALIGN (0x4)
 *fill*         0x08006d71        0x3 

.ARM.extab      0x08006d74        0x0
                0x08006d74                        . = ALIGN (0x4)
 *(.ARM.extab* .gnu.linkonce.armextab.*)
                0x08006d74                        . = ALIGN (0x4)

.ARM            0x08006d74        0x8
                0x08006d74                        . = ALIGN (0x4)
                0x08006d74                        __exidx_start = .
 *(.ARM.exidx*)
 .ARM.exidx     0x08006d74        0x8 C:/ST/STM32CubeIDE_1.15.1/STM32CubeIDE/plugins/com.st.stm32cube.ide.mcu.externaltools.gnu-tools-for-stm32.12.3.rel1.win32_1.0.100.202403111256/tools/bin/../lib/gcc/arm-none-eabi/12.3.1/../../../../arm-none-eabi/lib/thumb/v7-m/nofp\libc_nano.a(libc_a-strlen.o)
                0x08006d7c                        __exidx_end = .
                0x08006d7c                        . = ALIGN (0x4)

.preinit_array  0x08006d7c        0x0
                0x08006d7c                        . = ALIGN (0x4)
                0x08006d7c                        PROVIDE (__preinit_array_start = .)
 *(.preinit_array*)
                0x08006d7c                        PROVIDE (__preinit_array_end = .)
                0x08006d7c                        . = ALIGN (0x4)

.init_array     0x08006d7c        0x4
                0x08006d7c                        . = ALIGN (0x4)
                0x08006d7c                        PROVIDE (__init_array_start = .)
 *(SORT_BY_NAME(.init_array.*))
 *(.init_array*)
 .init_array    0x08006d7c        0x4 C:/ST/STM32CubeIDE_1.15.1/STM32CubeIDE/plugins/com.st.stm32cube.ide.mcu.externaltools.gnu-tools-for-stm32.12.3.rel1.win32_1.0.100.202403111256/tools/bin/../lib/gcc/arm-none-eabi/12.3.1/thumb/v7-m/nofp/crtbegin.o
                0x08006d80                        PROVIDE (__init_array_end = .)
                0x08006d80                        . = ALIGN (0x4)

.fini_array     0x08006d80        0x4
                0x08006d80                        . = ALIGN (0x4)
                [!provide]                        PROVIDE (__fini_array_start = .)
 *(SORT_BY_NAME(.fini_array.*))
 *(.fini_array*)
 .fini_array    0x08006d80        0x4 C:/ST/STM32CubeIDE_1.15.1/STM32CubeIDE/plugins/com.st.stm32cube.ide.mcu.externaltools.gnu-tools-for-stm32.12.3.rel1.win32_1.0.100.202403111256/tools/bin/../lib/gcc/arm-none-eabi/12.3.1/thumb/v7-m/nofp/crtbegin.o
                [!provide]                        PROVIDE (__fini_array_end = .)
                0x08006d84                        . = ALIGN (0x4)
                0x08006d84                        _sidata = LOADADDR (.data)

.rel.dyn        0x08006d84        0x0
 .rel.iplt      0x08006d84        0x0 C:/ST/STM32CubeIDE_1.15.1/STM32CubeIDE/plugins/com.st.stm32cube.ide.mcu.externaltools.gnu-tools-for-stm32.12.3.rel1.win32_1.0.100.202403111256/tools/bin/../lib/gcc/arm-none-eabi/12.3.1/thumb/v7-m/nofp/crtbegin.o

.data           0x20000000       0x64 load address 0x08006d84
                0x20000000                        . = ALIGN (0x4)
                0x20000000                        _sdata = .
 *(.data)
 *(.data*)
 .data.SystemCoreClock
                0x20000000        0x4 ./Core/Src/system_stm32f1xx.o
                0x20000000                SystemCoreClock
 .data.histeris
                0x20000004        0x1 ./Core/Src/usr_adc.o
                0x20000004                histeris
 *fill*         0x20000005        0x1 
 .data.autoReload
                0x20000006        0x2 ./Core/Src/usr_system.o
                0x20000006                autoReload
 .data.prescaler
                0x20000008        0x2 ./Core/Src/usr_system.o
                0x20000008                prescaler
 .data.g_dutyCycle
                0x2000000a        0x2 ./Core/Src/usr_system.o
                0x2000000a                g_dutyCycle
 .data.uwTickPrio
                0x2000000c        0x4 ./Drivers/STM32F1xx_HAL_Driver/Src/stm32f1xx_hal.o
                0x2000000c                uwTickPrio
 .data.uwTickFreq
                0x20000010        0x1 ./Drivers/STM32F1xx_HAL_Driver/Src/stm32f1xx_hal.o
                0x20000010                uwTickFreq
 *fill*         0x20000011        0x3 
 .data._impure_ptr
                0x20000014        0x4 C:/ST/STM32CubeIDE_1.15.1/STM32CubeIDE/plugins/com.st.stm32cube.ide.mcu.externaltools.gnu-tools-for-stm32.12.3.rel1.win32_1.0.100.202403111256/tools/bin/../lib/gcc/arm-none-eabi/12.3.1/../../../../arm-none-eabi/lib/thumb/v7-m/nofp\libc_nano.a(libc_a-impure.o)
                0x20000014                _impure_ptr
 .data._impure_data
                0x20000018       0x4c C:/ST/STM32CubeIDE_1.15.1/STM32CubeIDE/plugins/com.st.stm32cube.ide.mcu.externaltools.gnu-tools-for-stm32.12.3.rel1.win32_1.0.100.202403111256/tools/bin/../lib/gcc/arm-none-eabi/12.3.1/../../../../arm-none-eabi/lib/thumb/v7-m/nofp\libc_nano.a(libc_a-impure.o)
                0x20000018                _impure_data
 *(.RamFunc)
 *(.RamFunc*)
                0x20000064                        . = ALIGN (0x4)
                0x20000064                        _edata = .

.igot.plt       0x20000064        0x0 load address 0x08006de8
 .igot.plt      0x20000064        0x0 C:/ST/STM32CubeIDE_1.15.1/STM32CubeIDE/plugins/com.st.stm32cube.ide.mcu.externaltools.gnu-tools-for-stm32.12.3.rel1.win32_1.0.100.202403111256/tools/bin/../lib/gcc/arm-none-eabi/12.3.1/thumb/v7-m/nofp/crtbegin.o
                0x20000064                        . = ALIGN (0x4)

.bss            0x20000064      0x434 load address 0x08006de8
                0x20000064                        _sbss = .
                0x20000064                        __bss_start__ = _sbss
 *(.bss)
 .bss           0x20000064       0x1c C:/ST/STM32CubeIDE_1.15.1/STM32CubeIDE/plugins/com.st.stm32cube.ide.mcu.externaltools.gnu-tools-for-stm32.12.3.rel1.win32_1.0.100.202403111256/tools/bin/../lib/gcc/arm-none-eabi/12.3.1/thumb/v7-m/nofp/crtbegin.o
 *(.bss*)
 .bss.hadc1     0x20000080       0x30 ./Core/Src/adc.o
                0x20000080                hadc1
 .bss.hi2c1     0x200000b0       0x54 ./Core/Src/i2c.o
                0x200000b0                hi2c1
 .bss.__sbrk_heap_end
                0x20000104        0x4 ./Core/Src/sysmem.o
 .bss.htim1     0x20000108       0x48 ./Core/Src/tim.o
                0x20000108                htim1
 .bss.htim2     0x20000150       0x48 ./Core/Src/tim.o
                0x20000150                htim2
 .bss.huart1    0x20000198       0x48 ./Core/Src/usart.o
                0x20000198                huart1
 .bss.direction
                0x200001e0        0x3 ./Core/Src/usr_adc.o
                0x200001e0                direction
 *fill*         0x200001e3        0x1 
 .bss.g_rawAdcReadValues
                0x200001e4        0xa ./Core/Src/usr_adc.o
                0x200001e4                g_rawAdcReadValues
 *fill*         0x200001ee        0x2 
 .bss.g_batteryValues
                0x200001f0        0x8 ./Core/Src/usr_adc.o
                0x200001f0                g_batteryValues
 .bss.g_batteryValuesModified
                0x200001f8        0x8 ./Core/Src/usr_adc.o
                0x200001f8                g_batteryValuesModified
 .bss.g_adcBuffer
                0x20000200       0x20 ./Core/Src/usr_adc.o
                0x20000200                g_adcBuffer
 .bss.g_adcBufferIndex
                0x20000220        0x2 ./Core/Src/usr_adc.o
                0x20000220                g_adcBufferIndex
 *fill*         0x20000222        0x2 
 .bss.sConfigPrivate
                0x20000224        0xc ./Core/Src/usr_adc.o
                0x20000224                sConfigPrivate
 .bss.startMessage
                0x20000230       0x40 ./Core/Src/usr_lcd.o
                0x20000230                startMessage
 .bss.data      0x20000270       0x40 ./Core/Src/usr_lcd.o
                0x20000270                data
 .bss.g_sendStringUpLine
                0x200002b0       0x10 ./Core/Src/usr_lcd.o
                0x200002b0                g_sendStringUpLine
 .bss.g_sendStringDownLine
                0x200002c0       0x10 ./Core/Src/usr_lcd.o
                0x200002c0                g_sendStringDownLine
 .bss.g_timerCount
                0x200002d0        0x4 ./Core/Src/usr_system.o
                0x200002d0                g_timerCount
 .bss.m_batteryBufferUpLine
                0x200002d4       0x10 ./Core/Src/usr_system.o
                0x200002d4                m_batteryBufferUpLine
 .bss.m_batteryBufferDownLine
                0x200002e4       0x10 ./Core/Src/usr_system.o
                0x200002e4                m_batteryBufferDownLine
 .bss.g_rxTempBuf
                0x200002f4        0x1 ./Core/Src/usr_uart.o
                0x200002f4                g_rxTempBuf
 *fill*         0x200002f5        0x3 
 .bss.g_rxBuf   0x200002f8       0x28 ./Core/Src/usr_uart.o
                0x200002f8                g_rxBuf
 .bss.g_txBuf   0x20000320       0x28 ./Core/Src/usr_uart.o
                0x20000320                g_txBuf
 .bss.g_rxIndex
                0x20000348        0x2 ./Core/Src/usr_uart.o
                0x20000348                g_rxIndex
 .bss.g_rxIntFlg
                0x2000034a        0x1 ./Core/Src/usr_uart.o
                0x2000034a                g_rxIntFlg
 *fill*         0x2000034b        0x1 
 .bss.uwTick    0x2000034c        0x4 ./Drivers/STM32F1xx_HAL_Driver/Src/stm32f1xx_hal.o
                0x2000034c                uwTick
 .bss.__sf      0x20000350      0x138 C:/ST/STM32CubeIDE_1.15.1/STM32CubeIDE/plugins/com.st.stm32cube.ide.mcu.externaltools.gnu-tools-for-stm32.12.3.rel1.win32_1.0.100.202403111256/tools/bin/../lib/gcc/arm-none-eabi/12.3.1/../../../../arm-none-eabi/lib/thumb/v7-m/nofp\libc_nano.a(libc_a-findfp.o)
                0x20000350                __sf
 .bss.errno     0x20000488        0x4 C:/ST/STM32CubeIDE_1.15.1/STM32CubeIDE/plugins/com.st.stm32cube.ide.mcu.externaltools.gnu-tools-for-stm32.12.3.rel1.win32_1.0.100.202403111256/tools/bin/../lib/gcc/arm-none-eabi/12.3.1/../../../../arm-none-eabi/lib/thumb/v7-m/nofp\libc_nano.a(libc_a-reent.o)
                0x20000488                errno
 .bss.__lock___malloc_recursive_mutex
                0x2000048c        0x1 C:/ST/STM32CubeIDE_1.15.1/STM32CubeIDE/plugins/com.st.stm32cube.ide.mcu.externaltools.gnu-tools-for-stm32.12.3.rel1.win32_1.0.100.202403111256/tools/bin/../lib/gcc/arm-none-eabi/12.3.1/../../../../arm-none-eabi/lib/thumb/v7-m/nofp\libc_nano.a(libc_a-lock.o)
                0x2000048c                __lock___malloc_recursive_mutex
 *fill*         0x2000048d        0x3 
 .bss.__malloc_sbrk_start
                0x20000490        0x4 C:/ST/STM32CubeIDE_1.15.1/STM32CubeIDE/plugins/com.st.stm32cube.ide.mcu.externaltools.gnu-tools-for-stm32.12.3.rel1.win32_1.0.100.202403111256/tools/bin/../lib/gcc/arm-none-eabi/12.3.1/../../../../arm-none-eabi/lib/thumb/v7-m/nofp\libc_nano.a(libc_a-mallocr.o)
                0x20000490                __malloc_sbrk_start
 .bss.__malloc_free_list
                0x20000494        0x4 C:/ST/STM32CubeIDE_1.15.1/STM32CubeIDE/plugins/com.st.stm32cube.ide.mcu.externaltools.gnu-tools-for-stm32.12.3.rel1.win32_1.0.100.202403111256/tools/bin/../lib/gcc/arm-none-eabi/12.3.1/../../../../arm-none-eabi/lib/thumb/v7-m/nofp\libc_nano.a(libc_a-mallocr.o)
                0x20000494                __malloc_free_list
 *(COMMON)
                0x20000498                        . = ALIGN (0x4)
                0x20000498                        _ebss = .
                0x20000498                        __bss_end__ = _ebss

._user_heap_stack
                0x20000498      0x600 load address 0x08006de8
                0x20000498                        . = ALIGN (0x8)
                [!provide]                        PROVIDE (end = .)
                0x20000498                        PROVIDE (_end = .)
                0x20000698                        . = (. + _Min_Heap_Size)
 *fill*         0x20000498      0x200 
                0x20000a98                        . = (. + _Min_Stack_Size)
 *fill*         0x20000698      0x400 
                0x20000a98                        . = ALIGN (0x8)

/DISCARD/
 libc.a(*)
 libm.a(*)
 libgcc.a(*)

.ARM.attributes
                0x00000000       0x29
 *(.ARM.attributes)
 .ARM.attributes
                0x00000000       0x1d C:/ST/STM32CubeIDE_1.15.1/STM32CubeIDE/plugins/com.st.stm32cube.ide.mcu.externaltools.gnu-tools-for-stm32.12.3.rel1.win32_1.0.100.202403111256/tools/bin/../lib/gcc/arm-none-eabi/12.3.1/thumb/v7-m/nofp/crti.o
 .ARM.attributes
                0x0000001d       0x2d C:/ST/STM32CubeIDE_1.15.1/STM32CubeIDE/plugins/com.st.stm32cube.ide.mcu.externaltools.gnu-tools-for-stm32.12.3.rel1.win32_1.0.100.202403111256/tools/bin/../lib/gcc/arm-none-eabi/12.3.1/thumb/v7-m/nofp/crtbegin.o
 .ARM.attributes
                0x0000004a       0x2d ./Core/Src/adc.o
 .ARM.attributes
                0x00000077       0x2d ./Core/Src/gpio.o
 .ARM.attributes
                0x000000a4       0x2d ./Core/Src/i2c.o
 .ARM.attributes
                0x000000d1       0x2d ./Core/Src/main.o
 .ARM.attributes
                0x000000fe       0x2d ./Core/Src/stm32f1xx_hal_msp.o
 .ARM.attributes
                0x0000012b       0x2d ./Core/Src/stm32f1xx_it.o
 .ARM.attributes
                0x00000158       0x2d ./Core/Src/sysmem.o
 .ARM.attributes
                0x00000185       0x2d ./Core/Src/system_stm32f1xx.o
 .ARM.attributes
                0x000001b2       0x2d ./Core/Src/tim.o
 .ARM.attributes
                0x000001df       0x2d ./Core/Src/usart.o
 .ARM.attributes
                0x0000020c       0x2d ./Core/Src/usr_adc.o
 .ARM.attributes
                0x00000239       0x2d ./Core/Src/usr_gpio.o
 .ARM.attributes
                0x00000266       0x2d ./Core/Src/usr_lcd.o
 .ARM.attributes
                0x00000293       0x2d ./Core/Src/usr_pwm.o
 .ARM.attributes
                0x000002c0       0x2d ./Core/Src/usr_system.o
 .ARM.attributes
                0x000002ed       0x2d ./Core/Src/usr_tim.o
 .ARM.attributes
                0x0000031a       0x2d ./Core/Src/usr_uart.o
 .ARM.attributes
                0x00000347       0x21 ./Core/Startup/startup_stm32f103c8tx.o
 .ARM.attributes
                0x00000368       0x2d ./Drivers/STM32F1xx_HAL_Driver/Src/stm32f1xx_hal.o
 .ARM.attributes
                0x00000395       0x2d ./Drivers/STM32F1xx_HAL_Driver/Src/stm32f1xx_hal_adc.o
 .ARM.attributes
                0x000003c2       0x2d ./Drivers/STM32F1xx_HAL_Driver/Src/stm32f1xx_hal_adc_ex.o
 .ARM.attributes
                0x000003ef       0x2d ./Drivers/STM32F1xx_HAL_Driver/Src/stm32f1xx_hal_cortex.o
 .ARM.attributes
                0x0000041c       0x2d ./Drivers/STM32F1xx_HAL_Driver/Src/stm32f1xx_hal_dma.o
 .ARM.attributes
                0x00000449       0x2d ./Drivers/STM32F1xx_HAL_Driver/Src/stm32f1xx_hal_gpio.o
 .ARM.attributes
                0x00000476       0x2d ./Drivers/STM32F1xx_HAL_Driver/Src/stm32f1xx_hal_i2c.o
 .ARM.attributes
                0x000004a3       0x2d ./Drivers/STM32F1xx_HAL_Driver/Src/stm32f1xx_hal_rcc.o
 .ARM.attributes
                0x000004d0       0x2d ./Drivers/STM32F1xx_HAL_Driver/Src/stm32f1xx_hal_rcc_ex.o
 .ARM.attributes
                0x000004fd       0x2d ./Drivers/STM32F1xx_HAL_Driver/Src/stm32f1xx_hal_tim.o
 .ARM.attributes
                0x0000052a       0x2d ./Drivers/STM32F1xx_HAL_Driver/Src/stm32f1xx_hal_tim_ex.o
 .ARM.attributes
                0x00000557       0x2d ./Drivers/STM32F1xx_HAL_Driver/Src/stm32f1xx_hal_uart.o
 .ARM.attributes
                0x00000584       0x2d C:/ST/STM32CubeIDE_1.15.1/STM32CubeIDE/plugins/com.st.stm32cube.ide.mcu.externaltools.gnu-tools-for-stm32.12.3.rel1.win32_1.0.100.202403111256/tools/bin/../lib/gcc/arm-none-eabi/12.3.1/../../../../arm-none-eabi/lib/thumb/v7-m/nofp\libc_nano.a(libc_a-findfp.o)
 .ARM.attributes
                0x000005b1       0x2d C:/ST/STM32CubeIDE_1.15.1/STM32CubeIDE/plugins/com.st.stm32cube.ide.mcu.externaltools.gnu-tools-for-stm32.12.3.rel1.win32_1.0.100.202403111256/tools/bin/../lib/gcc/arm-none-eabi/12.3.1/../../../../arm-none-eabi/lib/thumb/v7-m/nofp\libc_nano.a(libc_a-sprintf.o)
 .ARM.attributes
                0x000005de       0x2d C:/ST/STM32CubeIDE_1.15.1/STM32CubeIDE/plugins/com.st.stm32cube.ide.mcu.externaltools.gnu-tools-for-stm32.12.3.rel1.win32_1.0.100.202403111256/tools/bin/../lib/gcc/arm-none-eabi/12.3.1/../../../../arm-none-eabi/lib/thumb/v7-m/nofp\libc_nano.a(libc_a-memset.o)
 .ARM.attributes
                0x0000060b       0x2d C:/ST/STM32CubeIDE_1.15.1/STM32CubeIDE/plugins/com.st.stm32cube.ide.mcu.externaltools.gnu-tools-for-stm32.12.3.rel1.win32_1.0.100.202403111256/tools/bin/../lib/gcc/arm-none-eabi/12.3.1/../../../../arm-none-eabi/lib/thumb/v7-m/nofp\libc_nano.a(libc_a-reent.o)
 .ARM.attributes
                0x00000638       0x2d C:/ST/STM32CubeIDE_1.15.1/STM32CubeIDE/plugins/com.st.stm32cube.ide.mcu.externaltools.gnu-tools-for-stm32.12.3.rel1.win32_1.0.100.202403111256/tools/bin/../lib/gcc/arm-none-eabi/12.3.1/../../../../arm-none-eabi/lib/thumb/v7-m/nofp\libc_nano.a(libc_a-impure.o)
 .ARM.attributes
                0x00000665       0x2d C:/ST/STM32CubeIDE_1.15.1/STM32CubeIDE/plugins/com.st.stm32cube.ide.mcu.externaltools.gnu-tools-for-stm32.12.3.rel1.win32_1.0.100.202403111256/tools/bin/../lib/gcc/arm-none-eabi/12.3.1/../../../../arm-none-eabi/lib/thumb/v7-m/nofp\libc_nano.a(libc_a-errno.o)
 .ARM.attributes
                0x00000692       0x2d C:/ST/STM32CubeIDE_1.15.1/STM32CubeIDE/plugins/com.st.stm32cube.ide.mcu.externaltools.gnu-tools-for-stm32.12.3.rel1.win32_1.0.100.202403111256/tools/bin/../lib/gcc/arm-none-eabi/12.3.1/../../../../arm-none-eabi/lib/thumb/v7-m/nofp\libc_nano.a(libc_a-init.o)
 .ARM.attributes
                0x000006bf       0x2d C:/ST/STM32CubeIDE_1.15.1/STM32CubeIDE/plugins/com.st.stm32cube.ide.mcu.externaltools.gnu-tools-for-stm32.12.3.rel1.win32_1.0.100.202403111256/tools/bin/../lib/gcc/arm-none-eabi/12.3.1/../../../../arm-none-eabi/lib/thumb/v7-m/nofp\libc_nano.a(libc_a-lock.o)
 .ARM.attributes
                0x000006ec       0x17 C:/ST/STM32CubeIDE_1.15.1/STM32CubeIDE/plugins/com.st.stm32cube.ide.mcu.externaltools.gnu-tools-for-stm32.12.3.rel1.win32_1.0.100.202403111256/tools/bin/../lib/gcc/arm-none-eabi/12.3.1/../../../../arm-none-eabi/lib/thumb/v7-m/nofp\libc_nano.a(libc_a-strlen.o)
 .ARM.attributes
                0x00000703       0x2d C:/ST/STM32CubeIDE_1.15.1/STM32CubeIDE/plugins/com.st.stm32cube.ide.mcu.externaltools.gnu-tools-for-stm32.12.3.rel1.win32_1.0.100.202403111256/tools/bin/../lib/gcc/arm-none-eabi/12.3.1/../../../../arm-none-eabi/lib/thumb/v7-m/nofp\libc_nano.a(libc_a-freer.o)
 .ARM.attributes
                0x00000730       0x2d C:/ST/STM32CubeIDE_1.15.1/STM32CubeIDE/plugins/com.st.stm32cube.ide.mcu.externaltools.gnu-tools-for-stm32.12.3.rel1.win32_1.0.100.202403111256/tools/bin/../lib/gcc/arm-none-eabi/12.3.1/../../../../arm-none-eabi/lib/thumb/v7-m/nofp\libc_nano.a(libc_a-mallocr.o)
 .ARM.attributes
                0x0000075d       0x2d C:/ST/STM32CubeIDE_1.15.1/STM32CubeIDE/plugins/com.st.stm32cube.ide.mcu.externaltools.gnu-tools-for-stm32.12.3.rel1.win32_1.0.100.202403111256/tools/bin/../lib/gcc/arm-none-eabi/12.3.1/../../../../arm-none-eabi/lib/thumb/v7-m/nofp\libc_nano.a(libc_a-mlock.o)
 .ARM.attributes
                0x0000078a       0x2d C:/ST/STM32CubeIDE_1.15.1/STM32CubeIDE/plugins/com.st.stm32cube.ide.mcu.externaltools.gnu-tools-for-stm32.12.3.rel1.win32_1.0.100.202403111256/tools/bin/../lib/gcc/arm-none-eabi/12.3.1/../../../../arm-none-eabi/lib/thumb/v7-m/nofp\libc_nano.a(libc_a-nano-svfprintf.o)
 .ARM.attributes
                0x000007b7       0x2d C:/ST/STM32CubeIDE_1.15.1/STM32CubeIDE/plugins/com.st.stm32cube.ide.mcu.externaltools.gnu-tools-for-stm32.12.3.rel1.win32_1.0.100.202403111256/tools/bin/../lib/gcc/arm-none-eabi/12.3.1/../../../../arm-none-eabi/lib/thumb/v7-m/nofp\libc_nano.a(libc_a-nano-vfprintf_i.o)
 .ARM.attributes
                0x000007e4       0x2d C:/ST/STM32CubeIDE_1.15.1/STM32CubeIDE/plugins/com.st.stm32cube.ide.mcu.externaltools.gnu-tools-for-stm32.12.3.rel1.win32_1.0.100.202403111256/tools/bin/../lib/gcc/arm-none-eabi/12.3.1/../../../../arm-none-eabi/lib/thumb/v7-m/nofp\libc_nano.a(libc_a-memmove.o)
 .ARM.attributes
                0x00000811       0x2d C:/ST/STM32CubeIDE_1.15.1/STM32CubeIDE/plugins/com.st.stm32cube.ide.mcu.externaltools.gnu-tools-for-stm32.12.3.rel1.win32_1.0.100.202403111256/tools/bin/../lib/gcc/arm-none-eabi/12.3.1/../../../../arm-none-eabi/lib/thumb/v7-m/nofp\libc_nano.a(libc_a-sbrkr.o)
 .ARM.attributes
                0x0000083e       0x2d C:/ST/STM32CubeIDE_1.15.1/STM32CubeIDE/plugins/com.st.stm32cube.ide.mcu.externaltools.gnu-tools-for-stm32.12.3.rel1.win32_1.0.100.202403111256/tools/bin/../lib/gcc/arm-none-eabi/12.3.1/../../../../arm-none-eabi/lib/thumb/v7-m/nofp\libc_nano.a(libc_a-memchr-stub.o)
 .ARM.attributes
                0x0000086b       0x2d C:/ST/STM32CubeIDE_1.15.1/STM32CubeIDE/plugins/com.st.stm32cube.ide.mcu.externaltools.gnu-tools-for-stm32.12.3.rel1.win32_1.0.100.202403111256/tools/bin/../lib/gcc/arm-none-eabi/12.3.1/../../../../arm-none-eabi/lib/thumb/v7-m/nofp\libc_nano.a(libc_a-memcpy-stub.o)
 .ARM.attributes
                0x00000898       0x2d C:/ST/STM32CubeIDE_1.15.1/STM32CubeIDE/plugins/com.st.stm32cube.ide.mcu.externaltools.gnu-tools-for-stm32.12.3.rel1.win32_1.0.100.202403111256/tools/bin/../lib/gcc/arm-none-eabi/12.3.1/../../../../arm-none-eabi/lib/thumb/v7-m/nofp\libc_nano.a(libc_a-reallocr.o)
 .ARM.attributes
                0x000008c5       0x2d C:/ST/STM32CubeIDE_1.15.1/STM32CubeIDE/plugins/com.st.stm32cube.ide.mcu.externaltools.gnu-tools-for-stm32.12.3.rel1.win32_1.0.100.202403111256/tools/bin/../lib/gcc/arm-none-eabi/12.3.1/../../../../arm-none-eabi/lib/thumb/v7-m/nofp\libc_nano.a(libc_a-msizer.o)
 .ARM.attributes
                0x000008f2       0x1d C:/ST/STM32CubeIDE_1.15.1/STM32CubeIDE/plugins/com.st.stm32cube.ide.mcu.externaltools.gnu-tools-for-stm32.12.3.rel1.win32_1.0.100.202403111256/tools/bin/../lib/gcc/arm-none-eabi/12.3.1/thumb/v7-m/nofp\libgcc.a(_arm_muldf3.o)
 .ARM.attributes
                0x0000090f       0x1d C:/ST/STM32CubeIDE_1.15.1/STM32CubeIDE/plugins/com.st.stm32cube.ide.mcu.externaltools.gnu-tools-for-stm32.12.3.rel1.win32_1.0.100.202403111256/tools/bin/../lib/gcc/arm-none-eabi/12.3.1/thumb/v7-m/nofp\libgcc.a(_arm_addsubdf3.o)
 .ARM.attributes
                0x0000092c       0x1d C:/ST/STM32CubeIDE_1.15.1/STM32CubeIDE/plugins/com.st.stm32cube.ide.mcu.externaltools.gnu-tools-for-stm32.12.3.rel1.win32_1.0.100.202403111256/tools/bin/../lib/gcc/arm-none-eabi/12.3.1/thumb/v7-m/nofp\libgcc.a(_arm_fixunsdfsi.o)
 .ARM.attributes
                0x00000949       0x1d C:/ST/STM32CubeIDE_1.15.1/STM32CubeIDE/plugins/com.st.stm32cube.ide.mcu.externaltools.gnu-tools-for-stm32.12.3.rel1.win32_1.0.100.202403111256/tools/bin/../lib/gcc/arm-none-eabi/12.3.1/thumb/v7-m/nofp/crtn.o
OUTPUT(cubemx_project_compPwmPolarity_02.elf elf32-littlearm)
LOAD linker stubs
LOAD C:/ST/STM32CubeIDE_1.15.1/STM32CubeIDE/plugins/com.st.stm32cube.ide.mcu.externaltools.gnu-tools-for-stm32.12.3.rel1.win32_1.0.100.202403111256/tools/bin/../lib/gcc/arm-none-eabi/12.3.1/../../../../arm-none-eabi/lib/thumb/v7-m/nofp\libc.a
LOAD C:/ST/STM32CubeIDE_1.15.1/STM32CubeIDE/plugins/com.st.stm32cube.ide.mcu.externaltools.gnu-tools-for-stm32.12.3.rel1.win32_1.0.100.202403111256/tools/bin/../lib/gcc/arm-none-eabi/12.3.1/../../../../arm-none-eabi/lib/thumb/v7-m/nofp\libm.a
LOAD C:/ST/STM32CubeIDE_1.15.1/STM32CubeIDE/plugins/com.st.stm32cube.ide.mcu.externaltools.gnu-tools-for-stm32.12.3.rel1.win32_1.0.100.202403111256/tools/bin/../lib/gcc/arm-none-eabi/12.3.1/thumb/v7-m/nofp\libgcc.a

.debug_info     0x00000000    0x14923
 .debug_info    0x00000000      0x94a ./Core/Src/adc.o
 .debug_info    0x0000094a      0x2b7 ./Core/Src/gpio.o
 .debug_info    0x00000c01      0x879 ./Core/Src/i2c.o
 .debug_info    0x0000147a      0x348 ./Core/Src/main.o
 .debug_info    0x000017c2      0x370 ./Core/Src/stm32f1xx_hal_msp.o
 .debug_info    0x00001b32      0xbfe ./Core/Src/stm32f1xx_it.o
 .debug_info    0x00002730      0x168 ./Core/Src/sysmem.o
 .debug_info    0x00002898      0x222 ./Core/Src/system_stm32f1xx.o
 .debug_info    0x00002aba      0xd6d ./Core/Src/tim.o
 .debug_info    0x00003827      0x9be ./Core/Src/usart.o
 .debug_info    0x000041e5      0xa0c ./Core/Src/usr_adc.o
 .debug_info    0x00004bf1      0x12f ./Core/Src/usr_gpio.o
 .debug_info    0x00004d20      0xaec ./Core/Src/usr_lcd.o
 .debug_info    0x0000580c      0x88a ./Core/Src/usr_pwm.o
 .debug_info    0x00006096      0xa9a ./Core/Src/usr_system.o
 .debug_info    0x00006b30      0x4d8 ./Core/Src/usr_tim.o
 .debug_info    0x00007008      0x65b ./Core/Src/usr_uart.o
 .debug_info    0x00007663       0x30 ./Core/Startup/startup_stm32f103c8tx.o
 .debug_info    0x00007693      0x704 ./Drivers/STM32F1xx_HAL_Driver/Src/stm32f1xx_hal.o
 .debug_info    0x00007d97      0xc50 ./Drivers/STM32F1xx_HAL_Driver/Src/stm32f1xx_hal_adc.o
 .debug_info    0x000089e7      0xa10 ./Drivers/STM32F1xx_HAL_Driver/Src/stm32f1xx_hal_adc_ex.o
 .debug_info    0x000093f7      0xa87 ./Drivers/STM32F1xx_HAL_Driver/Src/stm32f1xx_hal_cortex.o
 .debug_info    0x00009e7e      0x6d2 ./Drivers/STM32F1xx_HAL_Driver/Src/stm32f1xx_hal_dma.o
 .debug_info    0x0000a550      0x5ab ./Drivers/STM32F1xx_HAL_Driver/Src/stm32f1xx_hal_gpio.o
 .debug_info    0x0000aafb     0x2515 ./Drivers/STM32F1xx_HAL_Driver/Src/stm32f1xx_hal_i2c.o
 .debug_info    0x0000d010      0x7d5 ./Drivers/STM32F1xx_HAL_Driver/Src/stm32f1xx_hal_rcc.o
 .debug_info    0x0000d7e5      0x3c0 ./Drivers/STM32F1xx_HAL_Driver/Src/stm32f1xx_hal_rcc_ex.o
 .debug_info    0x0000dba5     0x293b ./Drivers/STM32F1xx_HAL_Driver/Src/stm32f1xx_hal_tim.o
 .debug_info    0x000104e0     0x149b ./Drivers/STM32F1xx_HAL_Driver/Src/stm32f1xx_hal_tim_ex.o
 .debug_info    0x0001197b     0x2fa8 ./Drivers/STM32F1xx_HAL_Driver/Src/stm32f1xx_hal_uart.o

.debug_abbrev   0x00000000     0x3827
 .debug_abbrev  0x00000000      0x200 ./Core/Src/adc.o
 .debug_abbrev  0x00000200      0x13f ./Core/Src/gpio.o
 .debug_abbrev  0x0000033f      0x1ef ./Core/Src/i2c.o
 .debug_abbrev  0x0000052e      0x194 ./Core/Src/main.o
 .debug_abbrev  0x000006c2      0x11e ./Core/Src/stm32f1xx_hal_msp.o
 .debug_abbrev  0x000007e0      0x1f1 ./Core/Src/stm32f1xx_it.o
 .debug_abbrev  0x000009d1       0xbc ./Core/Src/sysmem.o
 .debug_abbrev  0x00000a8d      0x13f ./Core/Src/system_stm32f1xx.o
 .debug_abbrev  0x00000bcc      0x245 ./Core/Src/tim.o
 .debug_abbrev  0x00000e11      0x216 ./Core/Src/usart.o
 .debug_abbrev  0x00001027      0x239 ./Core/Src/usr_adc.o
 .debug_abbrev  0x00001260       0x9f ./Core/Src/usr_gpio.o
 .debug_abbrev  0x000012ff      0x23d ./Core/Src/usr_lcd.o
 .debug_abbrev  0x0000153c      0x1cd ./Core/Src/usr_pwm.o
 .debug_abbrev  0x00001709      0x227 ./Core/Src/usr_system.o
 .debug_abbrev  0x00001930      0x14d ./Core/Src/usr_tim.o
 .debug_abbrev  0x00001a7d      0x17b ./Core/Src/usr_uart.o
 .debug_abbrev  0x00001bf8       0x24 ./Core/Startup/startup_stm32f103c8tx.o
 .debug_abbrev  0x00001c1c      0x201 ./Drivers/STM32F1xx_HAL_Driver/Src/stm32f1xx_hal.o
 .debug_abbrev  0x00001e1d      0x225 ./Drivers/STM32F1xx_HAL_Driver/Src/stm32f1xx_hal_adc.o
 .debug_abbrev  0x00002042      0x249 ./Drivers/STM32F1xx_HAL_Driver/Src/stm32f1xx_hal_adc_ex.o
 .debug_abbrev  0x0000228b      0x2f8 ./Drivers/STM32F1xx_HAL_Driver/Src/stm32f1xx_hal_cortex.o
 .debug_abbrev  0x00002583      0x20b ./Drivers/STM32F1xx_HAL_Driver/Src/stm32f1xx_hal_dma.o
 .debug_abbrev  0x0000278e      0x1ca ./Drivers/STM32F1xx_HAL_Driver/Src/stm32f1xx_hal_gpio.o
 .debug_abbrev  0x00002958      0x2a3 ./Drivers/STM32F1xx_HAL_Driver/Src/stm32f1xx_hal_i2c.o
 .debug_abbrev  0x00002bfb      0x2b3 ./Drivers/STM32F1xx_HAL_Driver/Src/stm32f1xx_hal_rcc.o
 .debug_abbrev  0x00002eae      0x188 ./Drivers/STM32F1xx_HAL_Driver/Src/stm32f1xx_hal_rcc_ex.o
 .debug_abbrev  0x00003036      0x277 ./Drivers/STM32F1xx_HAL_Driver/Src/stm32f1xx_hal_tim.o
 .debug_abbrev  0x000032ad      0x282 ./Drivers/STM32F1xx_HAL_Driver/Src/stm32f1xx_hal_tim_ex.o
 .debug_abbrev  0x0000352f      0x2f8 ./Drivers/STM32F1xx_HAL_Driver/Src/stm32f1xx_hal_uart.o

.debug_aranges  0x00000000     0x1280
 .debug_aranges
                0x00000000       0x30 ./Core/Src/adc.o
 .debug_aranges
                0x00000030       0x20 ./Core/Src/gpio.o
 .debug_aranges
                0x00000050       0x30 ./Core/Src/i2c.o
 .debug_aranges
                0x00000080       0x30 ./Core/Src/main.o
 .debug_aranges
                0x000000b0       0x20 ./Core/Src/stm32f1xx_hal_msp.o
 .debug_aranges
                0x000000d0       0x88 ./Core/Src/stm32f1xx_it.o
 .debug_aranges
                0x00000158       0x20 ./Core/Src/sysmem.o
 .debug_aranges
                0x00000178       0x28 ./Core/Src/system_stm32f1xx.o
 .debug_aranges
                0x000001a0       0x40 ./Core/Src/tim.o
 .debug_aranges
                0x000001e0       0x30 ./Core/Src/usart.o
 .debug_aranges
                0x00000210       0x40 ./Core/Src/usr_adc.o
 .debug_aranges
                0x00000250       0x20 ./Core/Src/usr_gpio.o
 .debug_aranges
                0x00000270       0x50 ./Core/Src/usr_lcd.o
 .debug_aranges
                0x000002c0       0x58 ./Core/Src/usr_pwm.o
 .debug_aranges
                0x00000318       0x28 ./Core/Src/usr_system.o
 .debug_aranges
                0x00000340       0x28 ./Core/Src/usr_tim.o
 .debug_aranges
                0x00000368       0x20 ./Core/Src/usr_uart.o
 .debug_aranges
                0x00000388       0x28 ./Core/Startup/startup_stm32f103c8tx.o
 .debug_aranges
                0x000003b0       0xe0 ./Drivers/STM32F1xx_HAL_Driver/Src/stm32f1xx_hal.o
 .debug_aranges
                0x00000490       0xf0 ./Drivers/STM32F1xx_HAL_Driver/Src/stm32f1xx_hal_adc.o
 .debug_aranges
                0x00000580       0x80 ./Drivers/STM32F1xx_HAL_Driver/Src/stm32f1xx_hal_adc_ex.o
 .debug_aranges
                0x00000600      0x100 ./Drivers/STM32F1xx_HAL_Driver/Src/stm32f1xx_hal_cortex.o
 .debug_aranges
                0x00000700       0x80 ./Drivers/STM32F1xx_HAL_Driver/Src/stm32f1xx_hal_dma.o
 .debug_aranges
                0x00000780       0x58 ./Drivers/STM32F1xx_HAL_Driver/Src/stm32f1xx_hal_gpio.o
 .debug_aranges
                0x000007d8      0x2a8 ./Drivers/STM32F1xx_HAL_Driver/Src/stm32f1xx_hal_i2c.o
 .debug_aranges
                0x00000a80       0x90 ./Drivers/STM32F1xx_HAL_Driver/Src/stm32f1xx_hal_rcc.o
 .debug_aranges
                0x00000b10       0x30 ./Drivers/STM32F1xx_HAL_Driver/Src/stm32f1xx_hal_rcc_ex.o
 .debug_aranges
                0x00000b40      0x3d0 ./Drivers/STM32F1xx_HAL_Driver/Src/stm32f1xx_hal_tim.o
 .debug_aranges
                0x00000f10      0x168 ./Drivers/STM32F1xx_HAL_Driver/Src/stm32f1xx_hal_tim_ex.o
 .debug_aranges
                0x00001078      0x208 ./Drivers/STM32F1xx_HAL_Driver/Src/stm32f1xx_hal_uart.o

.debug_rnglists
                0x00000000      0xe65
 .debug_rnglists
                0x00000000       0x20 ./Core/Src/adc.o
 .debug_rnglists
                0x00000020       0x14 ./Core/Src/gpio.o
 .debug_rnglists
                0x00000034       0x20 ./Core/Src/i2c.o
 .debug_rnglists
                0x00000054       0x20 ./Core/Src/main.o
 .debug_rnglists
                0x00000074       0x13 ./Core/Src/stm32f1xx_hal_msp.o
 .debug_rnglists
                0x00000087       0x61 ./Core/Src/stm32f1xx_it.o
 .debug_rnglists
                0x000000e8       0x13 ./Core/Src/sysmem.o
 .debug_rnglists
                0x000000fb       0x1a ./Core/Src/system_stm32f1xx.o
 .debug_rnglists
                0x00000115       0x2e ./Core/Src/tim.o
 .debug_rnglists
                0x00000143       0x20 ./Core/Src/usart.o
 .debug_rnglists
                0x00000163       0x2d ./Core/Src/usr_adc.o
 .debug_rnglists
                0x00000190       0x13 ./Core/Src/usr_gpio.o
 .debug_rnglists
                0x000001a3       0x38 ./Core/Src/usr_lcd.o
 .debug_rnglists
                0x000001db       0x44 ./Core/Src/usr_pwm.o
 .debug_rnglists
                0x0000021f       0x1b ./Core/Src/usr_system.o
 .debug_rnglists
                0x0000023a       0x19 ./Core/Src/usr_tim.o
 .debug_rnglists
                0x00000253       0x13 ./Core/Src/usr_uart.o
 .debug_rnglists
                0x00000266       0x19 ./Core/Startup/startup_stm32f103c8tx.o
 .debug_rnglists
                0x0000027f       0xa3 ./Drivers/STM32F1xx_HAL_Driver/Src/stm32f1xx_hal.o
 .debug_rnglists
                0x00000322       0xbc ./Drivers/STM32F1xx_HAL_Driver/Src/stm32f1xx_hal_adc.o
 .debug_rnglists
                0x000003de       0x65 ./Drivers/STM32F1xx_HAL_Driver/Src/stm32f1xx_hal_adc_ex.o
 .debug_rnglists
                0x00000443       0xbb ./Drivers/STM32F1xx_HAL_Driver/Src/stm32f1xx_hal_cortex.o
 .debug_rnglists
                0x000004fe       0x64 ./Drivers/STM32F1xx_HAL_Driver/Src/stm32f1xx_hal_dma.o
 .debug_rnglists
                0x00000562       0x3f ./Drivers/STM32F1xx_HAL_Driver/Src/stm32f1xx_hal_gpio.o
 .debug_rnglists
                0x000005a1      0x23c ./Drivers/STM32F1xx_HAL_Driver/Src/stm32f1xx_hal_i2c.o
 .debug_rnglists
                0x000007dd       0x6c ./Drivers/STM32F1xx_HAL_Driver/Src/stm32f1xx_hal_rcc.o
 .debug_rnglists
                0x00000849       0x21 ./Drivers/STM32F1xx_HAL_Driver/Src/stm32f1xx_hal_rcc_ex.o
 .debug_rnglists
                0x0000086a      0x31a ./Drivers/STM32F1xx_HAL_Driver/Src/stm32f1xx_hal_tim.o
 .debug_rnglists
                0x00000b84      0x125 ./Drivers/STM32F1xx_HAL_Driver/Src/stm32f1xx_hal_tim_ex.o
 .debug_rnglists
                0x00000ca9      0x1bc ./Drivers/STM32F1xx_HAL_Driver/Src/stm32f1xx_hal_uart.o

.debug_macro    0x00000000    0x1b8c4
 .debug_macro   0x00000000      0x1da ./Core/Src/adc.o
 .debug_macro   0x000001da      0xaa8 ./Core/Src/adc.o
 .debug_macro   0x00000c82      0x227 ./Core/Src/adc.o
 .debug_macro   0x00000ea9       0x2e ./Core/Src/adc.o
 .debug_macro   0x00000ed7       0x22 ./Core/Src/adc.o
 .debug_macro   0x00000ef9       0x22 ./Core/Src/adc.o
 .debug_macro   0x00000f1b       0x8e ./Core/Src/adc.o
 .debug_macro   0x00000fa9       0x51 ./Core/Src/adc.o
 .debug_macro   0x00000ffa      0x103 ./Core/Src/adc.o
 .debug_macro   0x000010fd       0x6a ./Core/Src/adc.o
 .debug_macro   0x00001167      0x1df ./Core/Src/adc.o
 .debug_macro   0x00001346       0x1c ./Core/Src/adc.o
 .debug_macro   0x00001362       0x22 ./Core/Src/adc.o
 .debug_macro   0x00001384       0xbd ./Core/Src/adc.o
 .debug_macro   0x00001441      0xd23 ./Core/Src/adc.o
 .debug_macro   0x00002164     0xe09e ./Core/Src/adc.o
 .debug_macro   0x00010202       0x6d ./Core/Src/adc.o
 .debug_macro   0x0001026f     0x348d ./Core/Src/adc.o
 .debug_macro   0x000136fc      0x189 ./Core/Src/adc.o
 .debug_macro   0x00013885       0x5c ./Core/Src/adc.o
 .debug_macro   0x000138e1      0x5bc ./Core/Src/adc.o
 .debug_macro   0x00013e9d      0x289 ./Core/Src/adc.o
 .debug_macro   0x00014126      0x1cb ./Core/Src/adc.o
 .debug_macro   0x000142f1      0x114 ./Core/Src/adc.o
 .debug_macro   0x00014405      0x1b2 ./Core/Src/adc.o
 .debug_macro   0x000145b7       0x27 ./Core/Src/adc.o
 .debug_macro   0x000145de      0x136 ./Core/Src/adc.o
 .debug_macro   0x00014714      0x1bc ./Core/Src/adc.o
 .debug_macro   0x000148d0       0x34 ./Core/Src/adc.o
 .debug_macro   0x00014904       0x3c ./Core/Src/adc.o
 .debug_macro   0x00014940       0x57 ./Core/Src/adc.o
 .debug_macro   0x00014997      0x46a ./Core/Src/adc.o
 .debug_macro   0x00014e01      0x1b5 ./Core/Src/adc.o
 .debug_macro   0x00014fb6       0x87 ./Core/Src/adc.o
 .debug_macro   0x0001503d      0x240 ./Core/Src/adc.o
 .debug_macro   0x0001527d      0x287 ./Core/Src/adc.o
 .debug_macro   0x00015504      0x140 ./Core/Src/adc.o
 .debug_macro   0x00015644      0x8ed ./Core/Src/adc.o
 .debug_macro   0x00015f31      0x28e ./Core/Src/adc.o
 .debug_macro   0x000161bf       0x83 ./Core/Src/adc.o
 .debug_macro   0x00016242       0x28 ./Core/Src/adc.o
 .debug_macro   0x0001626a      0x1da ./Core/Src/gpio.o
 .debug_macro   0x00016444      0x1da ./Core/Src/i2c.o
 .debug_macro   0x0001661e      0x3d4 ./Core/Src/main.o
 .debug_macro   0x000169f2       0x16 ./Core/Src/main.o
 .debug_macro   0x00016a08       0x61 ./Core/Src/main.o
 .debug_macro   0x00016a69       0x24 ./Core/Src/main.o
 .debug_macro   0x00016a8d       0x43 ./Core/Src/main.o
 .debug_macro   0x00016ad0       0x34 ./Core/Src/main.o
 .debug_macro   0x00016b04       0x16 ./Core/Src/main.o
 .debug_macro   0x00016b1a       0x35 ./Core/Src/main.o
 .debug_macro   0x00016b4f      0x369 ./Core/Src/main.o
 .debug_macro   0x00016eb8       0x10 ./Core/Src/main.o
 .debug_macro   0x00016ec8       0x16 ./Core/Src/main.o
 .debug_macro   0x00016ede       0x43 ./Core/Src/main.o
 .debug_macro   0x00016f21       0x34 ./Core/Src/main.o
 .debug_macro   0x00016f55       0x10 ./Core/Src/main.o
 .debug_macro   0x00016f65       0x58 ./Core/Src/main.o
 .debug_macro   0x00016fbd       0x8e ./Core/Src/main.o
 .debug_macro   0x0001704b       0x1c ./Core/Src/main.o
 .debug_macro   0x00017067      0x177 ./Core/Src/main.o
 .debug_macro   0x000171de       0x16 ./Core/Src/main.o
 .debug_macro   0x000171f4       0x16 ./Core/Src/main.o
 .debug_macro   0x0001720a      0x146 ./Core/Src/main.o
 .debug_macro   0x00017350       0x16 ./Core/Src/main.o
 .debug_macro   0x00017366       0x16 ./Core/Src/main.o
 .debug_macro   0x0001737c       0x29 ./Core/Src/main.o
 .debug_macro   0x000173a5       0x22 ./Core/Src/main.o
 .debug_macro   0x000173c7       0x16 ./Core/Src/main.o
 .debug_macro   0x000173dd       0x20 ./Core/Src/main.o
 .debug_macro   0x000173fd      0x11f ./Core/Src/main.o
 .debug_macro   0x0001751c      0x19b ./Core/Src/main.o
 .debug_macro   0x000176b7       0xf4 ./Core/Src/main.o
 .debug_macro   0x000177ab       0x10 ./Core/Src/main.o
 .debug_macro   0x000177bb       0x1c ./Core/Src/main.o
 .debug_macro   0x000177d7       0x16 ./Core/Src/main.o
 .debug_macro   0x000177ed      0x1d0 ./Core/Src/stm32f1xx_hal_msp.o
 .debug_macro   0x000179bd      0x3ca ./Core/Src/stm32f1xx_it.o
 .debug_macro   0x00017d87       0xff ./Core/Src/sysmem.o
 .debug_macro   0x00017e86      0x23c ./Core/Src/sysmem.o
 .debug_macro   0x000180c2      0x1c1 ./Core/Src/system_stm32f1xx.o
 .debug_macro   0x00018283      0x1da ./Core/Src/tim.o
 .debug_macro   0x0001845d      0x1da ./Core/Src/usart.o
 .debug_macro   0x00018637      0x3cd ./Core/Src/usr_adc.o
 .debug_macro   0x00018a04       0x9e ./Core/Src/usr_adc.o
 .debug_macro   0x00018aa2      0x10b ./Core/Src/usr_adc.o
 .debug_macro   0x00018bad       0x56 ./Core/Src/usr_adc.o
 .debug_macro   0x00018c03      0x3ba ./Core/Src/usr_gpio.o
 .debug_macro   0x00018fbd      0x3c1 ./Core/Src/usr_lcd.o
 .debug_macro   0x0001937e      0x3c0 ./Core/Src/usr_pwm.o
 .debug_macro   0x0001973e       0x16 ./Core/Src/usr_pwm.o
 .debug_macro   0x00019754      0x3c0 ./Core/Src/usr_system.o
 .debug_macro   0x00019b14       0x10 ./Core/Src/usr_system.o
 .debug_macro   0x00019b24      0x3ba ./Core/Src/usr_tim.o
 .debug_macro   0x00019ede      0x3ba ./Core/Src/usr_uart.o
 .debug_macro   0x0001a298      0x1e5 ./Drivers/STM32F1xx_HAL_Driver/Src/stm32f1xx_hal.o
 .debug_macro   0x0001a47d      0x1de ./Drivers/STM32F1xx_HAL_Driver/Src/stm32f1xx_hal_adc.o
 .debug_macro   0x0001a65b      0x1d3 ./Drivers/STM32F1xx_HAL_Driver/Src/stm32f1xx_hal_adc_ex.o
 .debug_macro   0x0001a82e      0x1c1 ./Drivers/STM32F1xx_HAL_Driver/Src/stm32f1xx_hal_cortex.o
 .debug_macro   0x0001a9ef      0x1c1 ./Drivers/STM32F1xx_HAL_Driver/Src/stm32f1xx_hal_dma.o
 .debug_macro   0x0001abb0      0x22c ./Drivers/STM32F1xx_HAL_Driver/Src/stm32f1xx_hal_gpio.o
 .debug_macro   0x0001addc      0x20f ./Drivers/STM32F1xx_HAL_Driver/Src/stm32f1xx_hal_i2c.o
 .debug_macro   0x0001afeb      0x1d3 ./Drivers/STM32F1xx_HAL_Driver/Src/stm32f1xx_hal_rcc.o
 .debug_macro   0x0001b1be      0x1c1 ./Drivers/STM32F1xx_HAL_Driver/Src/stm32f1xx_hal_rcc_ex.o
 .debug_macro   0x0001b37f      0x1c2 ./Drivers/STM32F1xx_HAL_Driver/Src/stm32f1xx_hal_tim.o
 .debug_macro   0x0001b541      0x1c1 ./Drivers/STM32F1xx_HAL_Driver/Src/stm32f1xx_hal_tim_ex.o
 .debug_macro   0x0001b702      0x1c2 ./Drivers/STM32F1xx_HAL_Driver/Src/stm32f1xx_hal_uart.o

.debug_line     0x00000000    0x1b484
 .debug_line    0x00000000      0x7bf ./Core/Src/adc.o
 .debug_line    0x000007bf      0x765 ./Core/Src/gpio.o
 .debug_line    0x00000f24      0x7b3 ./Core/Src/i2c.o
 .debug_line    0x000016d7      0xa41 ./Core/Src/main.o
 .debug_line    0x00002118      0x74f ./Core/Src/stm32f1xx_hal_msp.o
 .debug_line    0x00002867      0xb07 ./Core/Src/stm32f1xx_it.o
 .debug_line    0x0000336e      0x583 ./Core/Src/sysmem.o
 .debug_line    0x000038f1      0x7cb ./Core/Src/system_stm32f1xx.o
 .debug_line    0x000040bc      0x8d6 ./Core/Src/tim.o
 .debug_line    0x00004992      0x7c0 ./Core/Src/usart.o
 .debug_line    0x00005152      0xbe8 ./Core/Src/usr_adc.o
 .debug_line    0x00005d3a      0x9b7 ./Core/Src/usr_gpio.o
 .debug_line    0x000066f1      0xaf4 ./Core/Src/usr_lcd.o
 .debug_line    0x000071e5      0xbc9 ./Core/Src/usr_pwm.o
 .debug_line    0x00007dae      0xa79 ./Core/Src/usr_system.o
 .debug_line    0x00008827      0x9fb ./Core/Src/usr_tim.o
 .debug_line    0x00009222      0x9c6 ./Core/Src/usr_uart.o
 .debug_line    0x00009be8       0x78 ./Core/Startup/startup_stm32f103c8tx.o
 .debug_line    0x00009c60      0x9f8 ./Drivers/STM32F1xx_HAL_Driver/Src/stm32f1xx_hal.o
 .debug_line    0x0000a658     0x1075 ./Drivers/STM32F1xx_HAL_Driver/Src/stm32f1xx_hal_adc.o
 .debug_line    0x0000b6cd      0xdaf ./Drivers/STM32F1xx_HAL_Driver/Src/stm32f1xx_hal_adc_ex.o
 .debug_line    0x0000c47c      0xbe4 ./Drivers/STM32F1xx_HAL_Driver/Src/stm32f1xx_hal_cortex.o
 .debug_line    0x0000d060      0xe51 ./Drivers/STM32F1xx_HAL_Driver/Src/stm32f1xx_hal_dma.o
 .debug_line    0x0000deb1      0xa91 ./Drivers/STM32F1xx_HAL_Driver/Src/stm32f1xx_hal_gpio.o
 .debug_line    0x0000e942     0x3c65 ./Drivers/STM32F1xx_HAL_Driver/Src/stm32f1xx_hal_i2c.o
 .debug_line    0x000125a7      0xe01 ./Drivers/STM32F1xx_HAL_Driver/Src/stm32f1xx_hal_rcc.o
 .debug_line    0x000133a8      0x942 ./Drivers/STM32F1xx_HAL_Driver/Src/stm32f1xx_hal_rcc_ex.o
 .debug_line    0x00013cea     0x3502 ./Drivers/STM32F1xx_HAL_Driver/Src/stm32f1xx_hal_tim.o
 .debug_line    0x000171ec     0x1957 ./Drivers/STM32F1xx_HAL_Driver/Src/stm32f1xx_hal_tim_ex.o
 .debug_line    0x00018b43     0x2941 ./Drivers/STM32F1xx_HAL_Driver/Src/stm32f1xx_hal_uart.o

.debug_str      0x00000000    0x939e2
 .debug_str     0x00000000    0x89cb3 ./Core/Src/adc.o
                              0x8a12a (size before relaxing)
 .debug_str     0x00089cb3       0x68 ./Core/Src/gpio.o
                              0x89a6a (size before relaxing)
 .debug_str     0x00089d1b      0x2cf ./Core/Src/i2c.o
                              0x89f52 (size before relaxing)
 .debug_str     0x00089fea     0x50bd ./Core/Src/main.o
                              0x8eac3 (size before relaxing)
 .debug_str     0x0008f0a7       0x2c ./Core/Src/stm32f1xx_hal_msp.o
                              0x89cf9 (size before relaxing)
 .debug_str     0x0008f0d3      0x5ac ./Core/Src/stm32f1xx_it.o
                              0x8f198 (size before relaxing)
 .debug_str     0x0008f67f      0x4dc ./Core/Src/sysmem.o
                               0x6090 (size before relaxing)
 .debug_str     0x0008fb5b       0x7e ./Core/Src/system_stm32f1xx.o
                              0x89982 (size before relaxing)
 .debug_str     0x0008fbd9      0x302 ./Core/Src/tim.o
                              0x8a579 (size before relaxing)
 .debug_str     0x0008fedb       0x51 ./Core/Src/usart.o
                              0x8a1fb (size before relaxing)
 .debug_str     0x0008ff2c      0x240 ./Core/Src/usr_adc.o
                              0x8ee36 (size before relaxing)
 .debug_str     0x0009016c       0x23 ./Core/Src/usr_gpio.o
                              0x8e83c (size before relaxing)
 .debug_str     0x0009018f      0x12c ./Core/Src/usr_lcd.o
                              0x8f041 (size before relaxing)
 .debug_str     0x000902bb       0x6a ./Core/Src/usr_pwm.o
                              0x8edb2 (size before relaxing)
 .debug_str     0x00090325       0x88 ./Core/Src/usr_system.o
                              0x8efa9 (size before relaxing)
 .debug_str     0x000903ad       0x98 ./Core/Src/usr_tim.o
                              0x8ec04 (size before relaxing)
 .debug_str     0x00090445       0x52 ./Core/Src/usr_uart.o
                              0x8ecb5 (size before relaxing)
 .debug_str     0x00090497       0x44 ./Core/Startup/startup_stm32f103c8tx.o
                                 0x9b (size before relaxing)
 .debug_str     0x000904db      0x384 ./Drivers/STM32F1xx_HAL_Driver/Src/stm32f1xx_hal.o
                              0x8a0b5 (size before relaxing)
 .debug_str     0x0009085f      0x33a ./Drivers/STM32F1xx_HAL_Driver/Src/stm32f1xx_hal_adc.o
                              0x8a066 (size before relaxing)
 .debug_str     0x00090b99      0x2bc ./Drivers/STM32F1xx_HAL_Driver/Src/stm32f1xx_hal_adc_ex.o
                              0x8a036 (size before relaxing)
 .debug_str     0x00090e55      0x231 ./Drivers/STM32F1xx_HAL_Driver/Src/stm32f1xx_hal_cortex.o
                              0x8a001 (size before relaxing)
 .debug_str     0x00091086      0x216 ./Drivers/STM32F1xx_HAL_Driver/Src/stm32f1xx_hal_dma.o
                              0x89d2b (size before relaxing)
 .debug_str     0x0009129c      0x2c1 ./Drivers/STM32F1xx_HAL_Driver/Src/stm32f1xx_hal_gpio.o
                              0x89d08 (size before relaxing)
 .debug_str     0x0009155d      0xb79 ./Drivers/STM32F1xx_HAL_Driver/Src/stm32f1xx_hal_i2c.o
                              0x8aa49 (size before relaxing)
 .debug_str     0x000920d6      0x209 ./Drivers/STM32F1xx_HAL_Driver/Src/stm32f1xx_hal_rcc.o
                              0x89db1 (size before relaxing)
 .debug_str     0x000922df       0x84 ./Drivers/STM32F1xx_HAL_Driver/Src/stm32f1xx_hal_rcc_ex.o
                              0x89b01 (size before relaxing)
 .debug_str     0x00092363      0xce8 ./Drivers/STM32F1xx_HAL_Driver/Src/stm32f1xx_hal_tim.o
                              0x8ada3 (size before relaxing)
 .debug_str     0x0009304b      0x3e1 ./Drivers/STM32F1xx_HAL_Driver/Src/stm32f1xx_hal_tim_ex.o
                              0x8a5bf (size before relaxing)
 .debug_str     0x0009342c      0x5b6 ./Drivers/STM32F1xx_HAL_Driver/Src/stm32f1xx_hal_uart.o
                              0x8a422 (size before relaxing)

.comment        0x00000000       0x43
 .comment       0x00000000       0x43 ./Core/Src/adc.o
                                 0x44 (size before relaxing)
 .comment       0x00000043       0x44 ./Core/Src/gpio.o
 .comment       0x00000043       0x44 ./Core/Src/i2c.o
 .comment       0x00000043       0x44 ./Core/Src/main.o
 .comment       0x00000043       0x44 ./Core/Src/stm32f1xx_hal_msp.o
 .comment       0x00000043       0x44 ./Core/Src/stm32f1xx_it.o
 .comment       0x00000043       0x44 ./Core/Src/sysmem.o
 .comment       0x00000043       0x44 ./Core/Src/system_stm32f1xx.o
 .comment       0x00000043       0x44 ./Core/Src/tim.o
 .comment       0x00000043       0x44 ./Core/Src/usart.o
 .comment       0x00000043       0x44 ./Core/Src/usr_adc.o
 .comment       0x00000043       0x44 ./Core/Src/usr_gpio.o
 .comment       0x00000043       0x44 ./Core/Src/usr_lcd.o
 .comment       0x00000043       0x44 ./Core/Src/usr_pwm.o
 .comment       0x00000043       0x44 ./Core/Src/usr_system.o
 .comment       0x00000043       0x44 ./Core/Src/usr_tim.o
 .comment       0x00000043       0x44 ./Core/Src/usr_uart.o
 .comment       0x00000043       0x44 ./Drivers/STM32F1xx_HAL_Driver/Src/stm32f1xx_hal.o
 .comment       0x00000043       0x44 ./Drivers/STM32F1xx_HAL_Driver/Src/stm32f1xx_hal_adc.o
 .comment       0x00000043       0x44 ./Drivers/STM32F1xx_HAL_Driver/Src/stm32f1xx_hal_adc_ex.o
 .comment       0x00000043       0x44 ./Drivers/STM32F1xx_HAL_Driver/Src/stm32f1xx_hal_cortex.o
 .comment       0x00000043       0x44 ./Drivers/STM32F1xx_HAL_Driver/Src/stm32f1xx_hal_dma.o
 .comment       0x00000043       0x44 ./Drivers/STM32F1xx_HAL_Driver/Src/stm32f1xx_hal_gpio.o
 .comment       0x00000043       0x44 ./Drivers/STM32F1xx_HAL_Driver/Src/stm32f1xx_hal_i2c.o
 .comment       0x00000043       0x44 ./Drivers/STM32F1xx_HAL_Driver/Src/stm32f1xx_hal_rcc.o
 .comment       0x00000043       0x44 ./Drivers/STM32F1xx_HAL_Driver/Src/stm32f1xx_hal_rcc_ex.o
 .comment       0x00000043       0x44 ./Drivers/STM32F1xx_HAL_Driver/Src/stm32f1xx_hal_tim.o
 .comment       0x00000043       0x44 ./Drivers/STM32F1xx_HAL_Driver/Src/stm32f1xx_hal_tim_ex.o
 .comment       0x00000043       0x44 ./Drivers/STM32F1xx_HAL_Driver/Src/stm32f1xx_hal_uart.o

.debug_frame    0x00000000     0x50e4
 .debug_frame   0x00000000       0x7c ./Core/Src/adc.o
 .debug_frame   0x0000007c       0x34 ./Core/Src/gpio.o
 .debug_frame   0x000000b0       0x74 ./Core/Src/i2c.o
 .debug_frame   0x00000124       0x68 ./Core/Src/main.o
 .debug_frame   0x0000018c       0x34 ./Core/Src/stm32f1xx_hal_msp.o
 .debug_frame   0x000001c0      0x1a0 ./Core/Src/stm32f1xx_it.o
 .debug_frame   0x00000360       0x34 ./Core/Src/sysmem.o
 .debug_frame   0x00000394       0x58 ./Core/Src/system_stm32f1xx.o
 .debug_frame   0x000003ec       0xc4 ./Core/Src/tim.o
 .debug_frame   0x000004b0       0x74 ./Core/Src/usart.o