../Core/Src/main.c:105:6:UsrReadAdc	8	static
../Core/Src/main.c:167:5:main	8	static
../Core/Src/main.c:220:6:SystemClock_Config	88	static
../Core/Src/main.c:267:13:MX_ADC1_Init	24	static
../Core/Src/main.c:314:13:MX_TIM1_Init	96	static
../Core/Src/main.c:398:13:MX_TIM2_Init	32	static
../Core/Src/main.c:443:13:MX_USART1_UART_Init	8	static
../Core/Src/main.c:476:13:MX_GPIO_Init	24	static
../Core/Src/main.c:492:6:UsrMyDelay	16	static
../Core/Src/main.c:499:6:HAL_TIM_OC_DelayElapsedCallback	16	static
../Core/Src/main.c:505:6:HAL_TIM_PeriodElapsedCallback	16	static
../Core/Src/main.c:511:6:HAL_TIM_PWM_PulseFinishedCallback	16	static
../Core/Src/main.c:520:6:UsrAdcGetValue	16	static
../Core/Src/main.c:550:6:UsrAdcCallback	16	static
../Core/Src/main.c:573:6:Error_Handler	4	static,ignoring_inline_asm
