Archive member included to satisfy reference by file (symbol)

C:/ST/STM32CubeIDE_1.15.1/STM32CubeIDE/plugins/com.st.stm32cube.ide.mcu.externaltools.gnu-tools-for-stm32.12.3.rel1.win32_1.0.100.202403111256/tools/bin/../lib/gcc/arm-none-eabi/12.3.1/../../../../arm-none-eabi/lib/thumb/v7-m/nofp\libc_nano.a(libc_a-exit.o)
                              C:/ST/STM32CubeIDE_1.15.1/STM32CubeIDE/plugins/com.st.stm32cube.ide.mcu.externaltools.gnu-tools-for-stm32.12.3.rel1.win32_1.0.100.202403111256/tools/bin/../lib/gcc/arm-none-eabi/12.3.1/../../../../arm-none-eabi/lib/thumb/v7-m/nofp/crt0.o (exit)
C:/ST/STM32CubeIDE_1.15.1/STM32CubeIDE/plugins/com.st.stm32cube.ide.mcu.externaltools.gnu-tools-for-stm32.12.3.rel1.win32_1.0.100.202403111256/tools/bin/../lib/gcc/arm-none-eabi/12.3.1/../../../../arm-none-eabi/lib/thumb/v7-m/nofp\libc_nano.a(libc_a-findfp.o)
                              C:/ST/STM32CubeIDE_1.15.1/STM32CubeIDE/plugins/com.st.stm32cube.ide.mcu.externaltools.gnu-tools-for-stm32.12.3.rel1.win32_1.0.100.202403111256/tools/bin/../lib/gcc/arm-none-eabi/12.3.1/../../../../arm-none-eabi/lib/thumb/v7-m/nofp\libc_nano.a(libc_a-exit.o) (__stdio_exit_handler)
C:/ST/STM32CubeIDE_1.15.1/STM32CubeIDE/plugins/com.st.stm32cube.ide.mcu.externaltools.gnu-tools-for-stm32.12.3.rel1.win32_1.0.100.202403111256/tools/bin/../lib/gcc/arm-none-eabi/12.3.1/../../../../arm-none-eabi/lib/thumb/v7-m/nofp\libc_nano.a(libc_a-fwalk.o)
                              C:/ST/STM32CubeIDE_1.15.1/STM32CubeIDE/plugins/com.st.stm32cube.ide.mcu.externaltools.gnu-tools-for-stm32.12.3.rel1.win32_1.0.100.202403111256/tools/bin/../lib/gcc/arm-none-eabi/12.3.1/../../../../arm-none-eabi/lib/thumb/v7-m/nofp\libc_nano.a(libc_a-findfp.o) (_fwalk_sglue)
C:/ST/STM32CubeIDE_1.15.1/STM32CubeIDE/plugins/com.st.stm32cube.ide.mcu.externaltools.gnu-tools-for-stm32.12.3.rel1.win32_1.0.100.202403111256/tools/bin/../lib/gcc/arm-none-eabi/12.3.1/../../../../arm-none-eabi/lib/thumb/v7-m/nofp\libc_nano.a(libc_a-sprintf.o)
                              ./Core/Src/usr_adc.o (sprintf)
C:/ST/STM32CubeIDE_1.15.1/STM32CubeIDE/plugins/com.st.stm32cube.ide.mcu.externaltools.gnu-tools-for-stm32.12.3.rel1.win32_1.0.100.202403111256/tools/bin/../lib/gcc/arm-none-eabi/12.3.1/../../../../arm-none-eabi/lib/thumb/v7-m/nofp\libc_nano.a(libc_a-stdio.o)
                              C:/ST/STM32CubeIDE_1.15.1/STM32CubeIDE/plugins/com.st.stm32cube.ide.mcu.externaltools.gnu-tools-for-stm32.12.3.rel1.win32_1.0.100.202403111256/tools/bin/../lib/gcc/arm-none-eabi/12.3.1/../../../../arm-none-eabi/lib/thumb/v7-m/nofp\libc_nano.a(libc_a-findfp.o) (__sread)
C:/ST/STM32CubeIDE_1.15.1/STM32CubeIDE/plugins/com.st.stm32cube.ide.mcu.externaltools.gnu-tools-for-stm32.12.3.rel1.win32_1.0.100.202403111256/tools/bin/../lib/gcc/arm-none-eabi/12.3.1/../../../../arm-none-eabi/lib/thumb/v7-m/nofp\libc_nano.a(libc_a-memset.o)
                              C:/ST/STM32CubeIDE_1.15.1/STM32CubeIDE/plugins/com.st.stm32cube.ide.mcu.externaltools.gnu-tools-for-stm32.12.3.rel1.win32_1.0.100.202403111256/tools/bin/../lib/gcc/arm-none-eabi/12.3.1/../../../../arm-none-eabi/lib/thumb/v7-m/nofp/crt0.o (memset)
C:/ST/STM32CubeIDE_1.15.1/STM32CubeIDE/plugins/com.st.stm32cube.ide.mcu.externaltools.gnu-tools-for-stm32.12.3.rel1.win32_1.0.100.202403111256/tools/bin/../lib/gcc/arm-none-eabi/12.3.1/../../../../arm-none-eabi/lib/thumb/v7-m/nofp\libc_nano.a(libc_a-closer.o)
                              C:/ST/STM32CubeIDE_1.15.1/STM32CubeIDE/plugins/com.st.stm32cube.ide.mcu.externaltools.gnu-tools-for-stm32.12.3.rel1.win32_1.0.100.202403111256/tools/bin/../lib/gcc/arm-none-eabi/12.3.1/../../../../arm-none-eabi/lib/thumb/v7-m/nofp\libc_nano.a(libc_a-stdio.o) (_close_r)
C:/ST/STM32CubeIDE_1.15.1/STM32CubeIDE/plugins/com.st.stm32cube.ide.mcu.externaltools.gnu-tools-for-stm32.12.3.rel1.win32_1.0.100.202403111256/tools/bin/../lib/gcc/arm-none-eabi/12.3.1/../../../../arm-none-eabi/lib/thumb/v7-m/nofp\libc_nano.a(libc_a-reent.o)
                              C:/ST/STM32CubeIDE_1.15.1/STM32CubeIDE/plugins/com.st.stm32cube.ide.mcu.externaltools.gnu-tools-for-stm32.12.3.rel1.win32_1.0.100.202403111256/tools/bin/../lib/gcc/arm-none-eabi/12.3.1/../../../../arm-none-eabi/lib/thumb/v7-m/nofp\libc_nano.a(libc_a-closer.o) (errno)
C:/ST/STM32CubeIDE_1.15.1/STM32CubeIDE/plugins/com.st.stm32cube.ide.mcu.externaltools.gnu-tools-for-stm32.12.3.rel1.win32_1.0.100.202403111256/tools/bin/../lib/gcc/arm-none-eabi/12.3.1/../../../../arm-none-eabi/lib/thumb/v7-m/nofp\libc_nano.a(libc_a-impure.o)
                              C:/ST/STM32CubeIDE_1.15.1/STM32CubeIDE/plugins/com.st.stm32cube.ide.mcu.externaltools.gnu-tools-for-stm32.12.3.rel1.win32_1.0.100.202403111256/tools/bin/../lib/gcc/arm-none-eabi/12.3.1/../../../../arm-none-eabi/lib/thumb/v7-m/nofp\libc_nano.a(libc_a-sprintf.o) (_impure_ptr)
[...]
Memory Configuration

Name             Origin             Length             Attributes
RAM              0x20000000         0x00005000         xrw
FLASH            0x08000000         0x00010000         xr
*default*        0x00000000         0xffffffff

Linker script and memory map

LOAD C:/ST/STM32CubeIDE_1.15.1/STM32CubeIDE/plugins/com.st.stm32cube.ide.mcu.externaltools.gnu-tools-for-stm32.12.3.rel1.win32_1.0.100.202403111256/tools/bin/../lib/gcc/arm-none-eabi/12.3.1/thumb/v7-m/nofp/crti.o
LOAD C:/ST/STM32CubeIDE_1.15.1/STM32CubeIDE/plugins/com.st.stm32cube.ide.mcu.externaltools.gnu-tools-for-stm32.12.3.rel1.win32_1.0.100.202403111256/tools/bin/../lib/gcc/arm-none-eabi/12.3.1/thumb/v7-m/nofp/crtbegin.o
LOAD C:/ST/STM32CubeIDE_1.15.1/STM32CubeIDE/plugins/com.st.stm32cube.ide.mcu.externaltools.gnu-tools-for-stm32.12.3.rel1.win32_1.0.100.202403111256/tools/bin/../lib/gcc/arm-none-eabi/12.3.1/../../../../arm-none-eabi/lib/thumb/v7-m/nofp/crt0.o
LOAD ./Core/Src/adc.o
LOAD ./Core/Src/gpio.o
LOAD ./Core/Src/i2c.o
LOAD ./Core/Src/main.o
LOAD ./Core/Src/stm32f1xx_hal_msp.o
LOAD ./Core/Src/stm32f1xx_it.o
LOAD ./Core/Src/syscalls.o
LOAD ./Core/Src/sysmem.o
LOAD ./Core/Src/system_stm32f1xx.o
LOAD ./Core/Src/tim.o
LOAD ./Core/Src/usart.o
LOAD ./Core/Src/usr_adc.o
LOAD ./Core/Src/usr_gpio.o
LOAD ./Core/Src/usr_lcd.o
LOAD ./Core/Src/usr_pwm.o
LOAD ./Core/Src/usr_system.o
LOAD ./Core/Src/usr_tim.o
LOAD ./Core/Src/usr_uart.o
LOAD ./Core/Startup/startup_stm32f103c8tx.o
LOAD ./Drivers/STM32F1xx_HAL_Driver/Src/stm32f1xx_hal.o
LOAD ./Drivers/STM32F1xx_HAL_Driver/Src/stm32f1xx_hal_adc.o
LOAD ./Drivers/STM32F1xx_HAL_Driver/Src/stm32f1xx_hal_adc_ex.o
LOAD ./Drivers/STM32F1xx_HAL_Driver/Src/stm32f1xx_hal_cortex.o
LOAD ./Drivers/STM32F1xx_HAL_Driver/Src/stm32f1xx_hal_dma.o
LOAD ./Drivers/STM32F1xx_HAL_Driver/Src/stm32f1xx_hal_exti.o
LOAD ./Drivers/STM32F1xx_HAL_Driver/Src/stm32f1xx_hal_flash.o
LOAD ./Drivers/STM32F1xx_HAL_Driver/Src/stm32f1xx_hal_flash_ex.o
LOAD ./Drivers/STM32F1xx_HAL_Driver/Src/stm32f1xx_hal_gpio.o
LOAD ./Drivers/STM32F1xx_HAL_Driver/Src/stm32f1xx_hal_gpio_ex.o
LOAD ./Drivers/STM32F1xx_HAL_Driver/Src/stm32f1xx_hal_i2c.o
LOAD ./Drivers/STM32F1xx_HAL_Driver/Src/stm32f1xx_hal_pwr.o
LOAD ./Drivers/STM32F1xx_HAL_Driver/Src/stm32f1xx_hal_rcc.o
LOAD ./Drivers/STM32F1xx_HAL_Driver/Src/stm32f1xx_hal_rcc_ex.o
LOAD ./Drivers/STM32F1xx_HAL_Driver/Src/stm32f1xx_hal_tim.o
LOAD ./Drivers/STM32F1xx_HAL_Driver/Src/stm32f1xx_hal_tim_ex.o
LOAD ./Drivers/STM32F1xx_HAL_Driver/Src/stm32f1xx_hal_uart.o
START GROUP
LOAD C:/ST/STM32CubeIDE_1.15.1/STM32CubeIDE/plugins/com.st.stm32cube.ide.mcu.externaltools.gnu-tools-for-stm32.12.3.rel1.win32_1.0.100.202403111256/tools/bin/../lib/gcc/arm-none-eabi/12.3.1/../../../../arm-none-eabi/lib/thumb/v7-m/nofp\libc_nano.a
LOAD C:/ST/STM32CubeIDE_1.15.1/STM32CubeIDE/plugins/com.st.stm32cube.ide.mcu.externaltools.gnu-tools-for-stm32.12.3.rel1.win32_1.0.100.202403111256/tools/bin/../lib/gcc/arm-none-eabi/12.3.1/../../../../arm-none-eabi/lib/thumb/v7-m/nofp\libm.a
END GROUP
START GROUP
LOAD C:/ST/STM32CubeIDE_1.15.1/STM32CubeIDE/plugins/com.st.stm32cube.ide.mcu.externaltools.gnu-tools-for-stm32.12.3.rel1.win32_1.0.100.202403111256/tools/bin/../lib/gcc/arm-none-eabi/12.3.1/thumb/v7-m/nofp\libgcc.a
LOAD C:/ST/STM32CubeIDE_1.15.1/STM32CubeIDE/plugins/com.st.stm32cube.ide.mcu.externaltools.gnu-tools-for-stm32.12.3.rel1.win32_1.0.100.202403111256/tools/bin/../lib/gcc/arm-none-eabi/12.3.1/../../../../arm-none-eabi/lib/thumb/v7-m/nofp\libc_nano.a
END GROUP
START GROUP
LOAD C:/ST/STM32CubeIDE_1.15.1/STM32CubeIDE/plugins/com.st.stm32cube.ide.mcu.externaltools.gnu-tools-for-stm32.12.3.rel1.win32_1.0.100.202403111256/tools/bin/../lib/gcc/arm-none-eabi/12.3.1/thumb/v7-m/nofp\libgcc.a
LOAD C:/ST/STM32CubeIDE_1.15.1/STM32CubeIDE/plugins/com.st.stm32cube.ide.mcu.externaltools.gnu-tools-for-stm32.12.3.rel1.win32_1.0.100.202403111256/tools/bin/../lib/gcc/arm-none-eabi/12.3.1/../../../../arm-none-eabi/lib/thumb/v7-m/nofp\libc_nano.a
LOAD C:/ST/STM32CubeIDE_1.15.1/STM32CubeIDE/plugins/com.st.stm32cube.ide.mcu.externaltools.gnu-tools-for-stm32.12.3.rel1.win32_1.0.100.202403111256/tools/bin/../lib/gcc/arm-none-eabi/12.3.1/../../../../arm-none-eabi/lib/thumb/v7-m/nofp\libnosys.a
END GROUP
START GROUP
LOAD C:/ST/STM32CubeIDE_1.15.1/STM32CubeIDE/plugins/com.st.stm32cube.ide.mcu.externaltools.gnu-tools-for-stm32.12.3.rel1.win32_1.0.100.202403111256/tools/bin/../lib/gcc/arm-none-eabi/12.3.1/thumb/v7-m/nofp\libgcc.a
LOAD C:/ST/STM32CubeIDE_1.15.1/STM32CubeIDE/plugins/com.st.stm32cube.ide.mcu.externaltools.gnu-tools-for-stm32.12.3.rel1.win32_1.0.100.202403111256/tools/bin/../lib/gcc/arm-none-eabi/12.3.1/../../../../arm-none-eabi/lib/thumb/v7-m/nofp\libc_nano.a
LOAD C:/ST/STM32CubeIDE_1.15.1/STM32CubeIDE/plugins/com.st.stm32cube.ide.mcu.externaltools.gnu-tools-for-stm32.12.3.rel1.win32_1.0.100.202403111256/tools/bin/../lib/gcc/arm-none-eabi/12.3.1/../../../../arm-none-eabi/lib/thumb/v7-m/nofp\libnosys.a
END GROUP
LOAD C:/ST/STM32CubeIDE_1.15.1/STM32CubeIDE/plugins/com.st.stm32cube.ide.mcu.externaltools.gnu-tools-for-stm32.12.3.rel1.win32_1.0.100.202403111256/tools/bin/../lib/gcc/arm-none-eabi/12.3.1/thumb/v7-m/nofp/crtend.o
LOAD C:/ST/STM32CubeIDE_1.15.1/STM32CubeIDE/plugins/com.st.stm32cube.ide.mcu.externaltools.gnu-tools-for-stm32.12.3.rel1.win32_1.0.100.202403111256/tools/bin/../lib/gcc/arm-none-eabi/12.3.1/thumb/v7-m/nofp/crtn.o
                0x20005000                        _estack = (ORIGIN (RAM) + LENGTH (RAM))
                0x00000200                        _Min_Heap_Size = 0x200
                0x00000400                        _Min_Stack_Size = 0x400

.isr_vector     0x08000000      0x10c
                0x08000000                        . = ALIGN (0x4)
 *(.isr_vector)
 .isr_vector    0x08000000      0x10c ./Core/Startup/startup_stm32f103c8tx.o
                0x08000000                g_pfnVectors
                0x0800010c                        . = ALIGN (0x4)

.text           0x08000110     0x6980
                0x08000110                        . = ALIGN (0x4)
 *(.text)
 .text          0x08000110       0x40 C:/ST/STM32CubeIDE_1.15.1/STM32CubeIDE/plugins/com.st.stm32cube.ide.mcu.externaltools.gnu-tools-for-stm32.12.3.rel1.win32_1.0.100.202403111256/tools/bin/../lib/gcc/arm-none-eabi/12.3.1/thumb/v7-m/nofp/crtbegin.o
 .text          0x08000150       0x10 C:/ST/STM32CubeIDE_1.15.1/STM32CubeIDE/plugins/com.st.stm32cube.ide.mcu.externaltools.gnu-tools-for-stm32.12.3.rel1.win32_1.0.100.202403111256/tools/bin/../lib/gcc/arm-none-eabi/12.3.1/../../../../arm-none-eabi/lib/thumb/v7-m/nofp\libc_nano.a(libc_a-strlen.o)
                0x08000150                strlen
 .text          0x08000160      0x254 C:/ST/STM32CubeIDE_1.15.1/STM32CubeIDE/plugins/com.st.stm32cube.ide.mcu.externaltools.gnu-tools-for-stm32.12.3.rel1.win32_1.0.100.202403111256/tools/bin/../lib/gcc/arm-none-eabi/12.3.1/thumb/v7-m/nofp\libgcc.a(_arm_muldf3.o)
                0x08000160                __muldf3
                0x08000160                __aeabi_dmul
 .text          0x080003b4      0x378 C:/ST/STM32CubeIDE_1.15.1/STM32CubeIDE/plugins/com.st.stm32cube.ide.mcu.externaltools.gnu-tools-for-stm32.12.3.rel1.win32_1.0.100.202403111256/tools/bin/../lib/gcc/arm-none-eabi/12.3.1/thumb/v7-m/nofp\libgcc.a(_arm_addsubdf3.o)
                0x080003b4                __aeabi_drsub
                0x080003bc                __aeabi_dsub
                0x080003bc                __subdf3
                0x080003c0                __aeabi_dadd
                0x080003c0                __adddf3
                0x08000638                __floatunsidf
                0x08000638                __aeabi_ui2d
                0x08000658                __floatsidf
                0x08000658                __aeabi_i2d
                0x0800067c                __aeabi_f2d
                0x0800067c                __extendsfdf2
                0x080006c0                __floatundidf
                0x080006c0                __aeabi_ul2d
                0x080006d0                __floatdidf
                0x080006d0                __aeabi_l2d
 .text          0x0800072c       0x40 C:/ST/STM32CubeIDE_1.15.1/STM32CubeIDE/plugins/com.st.stm32cube.ide.mcu.externaltools.gnu-tools-for-stm32.12.3.rel1.win32_1.0.100.202403111256/tools/bin/../lib/gcc/arm-none-eabi/12.3.1/thumb/v7-m/nofp\libgcc.a(_arm_fixunsdfsi.o)
                0x0800072c                __aeabi_d2uiz
                0x0800072c                __fixunsdfsi
 *(.text*)
 .text.MX_ADC1_Init
                0x0800076c       0x7c ./Core/Src/adc.o
                0x0800076c                MX_ADC1_Init
 .text.HAL_ADC_MspInit
                0x080007e8       0x88 ./Core/Src/adc.o
                0x080007e8                HAL_ADC_MspInit
 .text.MX_GPIO_Init
                0x08000870       0xb4 ./Core/Src/gpio.o
                0x08000870                MX_GPIO_Init
 .text.MX_I2C1_Init
                0x08000924       0x5c ./Core/Src/i2c.o
                0x08000924                MX_I2C1_Init
 .text.HAL_I2C_MspInit
                0x08000980       0xa0 ./Core/Src/i2c.o
                0x08000980                HAL_I2C_MspInit
 .text.main     0x08000a20       0x2e ./Core/Src/main.o
                0x08000a20                main
 .text.SystemClock_Config
                0x08000a4e       0xb6 ./Core/Src/main.o
                0x08000a4e                SystemClock_Config
 .text.Error_Handler
                0x08000b04        0xc ./Core/Src/main.o
                0x08000b04                Error_Handler
 .text.HAL_MspInit
                0x08000b10       0x74 ./Core/Src/stm32f1xx_hal_msp.o
                0x08000b10                HAL_MspInit
 .text.NMI_Handler
                0x08000b84        0x8 ./Core/Src/stm32f1xx_it.o
                0x08000b84                NMI_Handler
 .text.HardFault_Handler
                0x08000b8c        0x8 ./Core/Src/stm32f1xx_it.o
                0x08000b8c                HardFault_Handler
 .text.MemManage_Handler
                0x08000b94        0x8 ./Core/Src/stm32f1xx_it.o
                0x08000b94                MemManage_Handler
 .text.BusFault_Handler
                0x08000b9c        0x8 ./Core/Src/stm32f1xx_it.o
                0x08000b9c                BusFault_Handler
 .text.UsageFault_Handler
                0x08000ba4        0x8 ./Core/Src/stm32f1xx_it.o
                0x08000ba4                UsageFault_Handler
 .text.SVC_Handler
                0x08000bac        0xc ./Core/Src/stm32f1xx_it.o
                0x08000bac                SVC_Handler
 .text.DebugMon_Handler
                0x08000bb8        0xc ./Core/Src/stm32f1xx_it.o
                0x08000bb8                DebugMon_Handler
 .text.PendSV_Handler
                0x08000bc4        0xc ./Core/Src/stm32f1xx_it.o
                0x08000bc4                PendSV_Handler
 .text.SysTick_Handler
                0x08000bd0        0xc ./Core/Src/stm32f1xx_it.o
                0x08000bd0                SysTick_Handler
 .text.RCC_IRQHandler
                0x08000bdc        0xc ./Core/Src/stm32f1xx_it.o
                0x08000bdc                RCC_IRQHandler
 .text.ADC1_2_IRQHandler
                0x08000be8       0x14 ./Core/Src/stm32f1xx_it.o
                0x08000be8                ADC1_2_IRQHandler
 .text.TIM2_IRQHandler
                0x08000bfc       0x5c ./Core/Src/stm32f1xx_it.o
                0x08000bfc                TIM2_IRQHandler
 .text.USART1_IRQHandler
                0x08000c58       0x14 ./Core/Src/stm32f1xx_it.o
                0x08000c58                USART1_IRQHandler
 .text._sbrk    0x08000c6c       0x6c ./Core/Src/sysmem.o
                0x08000c6c                _sbrk
 .text.SystemInit
                0x08000cd8        0xc ./Core/Src/system_stm32f1xx.o
                0x08000cd8                SystemInit
 .text.MX_TIM1_Init
                0x08000ce4      0x170 ./Core/Src/tim.o
                0x08000ce4                MX_TIM1_Init
 .text.MX_TIM2_Init
                0x08000e54       0xc8 ./Core/Src/tim.o
                0x08000e54                MX_TIM2_Init
 .text.HAL_TIM_Base_MspInit
                0x08000f1c       0x70 ./Core/Src/tim.o
                0x08000f1c                HAL_TIM_Base_MspInit
 .text.HAL_TIM_MspPostInit
                0x08000f8c       0x9c ./Core/Src/tim.o
                0x08000f8c                HAL_TIM_MspPostInit
 .text.MX_USART1_UART_Init
                0x08001028       0x54 ./Core/Src/usart.o
                0x08001028                MX_USART1_UART_Init
 .text.HAL_UART_MspInit
                0x0800107c       0xc4 ./Core/Src/usart.o
                0x0800107c                HAL_UART_MspInit
 .text.AdcValuesMovingAverageProc
                0x08001140       0x4a ./Core/Src/usr_adc.o
 *fill*         0x0800118a        0x6 
 .text.UsrReadAdc
                0x08001190      0x358 ./Core/Src/usr_adc.o
                0x08001190                UsrReadAdc
 .text.UsrInitGpio
                0x080014e8       0x34 ./Core/Src/usr_gpio.o
                0x080014e8                UsrInitGpio
 .text.UsrLcdInit
                0x0800151c       0x62 ./Core/Src/usr_lcd.o
                0x0800151c                UsrLcdInit
 .text.UsrLcdSendString
                0x0800157e       0x2a ./Core/Src/usr_lcd.o
                0x0800157e                UsrLcdSendString
 .text.UsrLcdClearDisplay
                0x080015a8       0x5c ./Core/Src/usr_lcd.o
                0x080015a8                UsrLcdClearDisplay
 .text.UsrLcdSetCursor
                0x08001604       0x4e ./Core/Src/usr_lcd.o
                0x08001604                UsrLcdSetCursor
 *fill*         0x08001652        0x2 
 .text.UsrI2CScan
                0x08001654       0x8c ./Core/Src/usr_lcd.o
                0x08001654                UsrI2CScan
 .text.lcdSendCommandProc
                0x080016e0       0x78 ./Core/Src/usr_lcd.o
 .text.lcdSendDataProc
                0x08001758       0x78 ./Core/Src/usr_lcd.o
 .text.UsrInitPwm
                0x080017d0       0x78 ./Core/Src/usr_pwm.o
                0x080017d0                UsrInitPwm
 .text.UsrAllChannelLowLevel
                0x08001848       0x68 ./Core/Src/usr_pwm.o
                0x08001848                UsrAllChannelLowLevel
 .text.UsrSystemInitial
                0x080018b0       0xb0 ./Core/Src/usr_system.o
                0x080018b0                UsrSystemInitial
 .text.UsrSystemGeneral
                0x08001960       0x54 ./Core/Src/usr_system.o
                0x08001960                UsrSystemGeneral
 .text.UsrBatteryOnOffControl
                0x080019b4       0x1c ./Core/Src/usr_system.o
                0x080019b4                UsrBatteryOnOffControl
 .text.__NVIC_EnableIRQ
                0x080019d0       0x38 ./Core/Src/usr_tim.o
 .text.UsrTim2Init
                0x08001a08       0x60 ./Core/Src/usr_tim.o
                0x08001a08                UsrTim2Init
 .text.HAL_UART_RxCpltCallback
                0x08001a68       0x68 ./Core/Src/usr_uart.o
                0x08001a68                HAL_UART_RxCpltCallback
 .text.Reset_Handler
                0x08001ad0       0x48 ./Core/Startup/startup_stm32f103c8tx.o
                0x08001ad0                Reset_Handler
 .text.Default_Handler
                0x08001b18        0x2 ./Core/Startup/startup_stm32f103c8tx.o
                0x08001b18                RTC_Alarm_IRQHandler
                0x08001b18                EXTI2_IRQHandler
                0x08001b18                TIM1_CC_IRQHandler
                0x08001b18                PVD_IRQHandler
                0x08001b18                EXTI3_IRQHandler
                0x08001b18                EXTI0_IRQHandler
                0x08001b18                I2C2_EV_IRQHandler
                0x08001b18                SPI1_IRQHandler
                0x08001b18                TAMPER_IRQHandler
                0x08001b18                DMA1_Channel4_IRQHandler
                0x08001b18                USART3_IRQHandler
                0x08001b18                RTC_IRQHandler
                0x08001b18                DMA1_Channel7_IRQHandler
                0x08001b18                CAN1_RX1_IRQHandler
                0x08001b18                TIM4_IRQHandler
                0x08001b18                I2C1_EV_IRQHandler
                0x08001b18                DMA1_Channel6_IRQHandler
                0x08001b18                TIM3_IRQHandler
                0x08001b18                TIM1_TRG_COM_IRQHandler
                0x08001b18                DMA1_Channel1_IRQHandler
                0x08001b18                Default_Handler
                0x08001b18                EXTI15_10_IRQHandler
                0x08001b18                EXTI9_5_IRQHandler
                0x08001b18                SPI2_IRQHandler
                0x08001b18                DMA1_Channel5_IRQHandler
                0x08001b18                EXTI4_IRQHandler
                0x08001b18                USB_LP_CAN1_RX0_IRQHandler
                0x08001b18                USB_HP_CAN1_TX_IRQHandler
                0x08001b18                DMA1_Channel3_IRQHandler
                0x08001b18                TIM1_UP_IRQHandler
                0x08001b18                WWDG_IRQHandler
                0x08001b18                TIM1_BRK_IRQHandler
                0x08001b18                EXTI1_IRQHandler
                0x08001b18                USART2_IRQHandler
                0x08001b18                I2C2_ER_IRQHandler
                0x08001b18                DMA1_Channel2_IRQHandler
                0x08001b18                CAN1_SCE_IRQHandler
                0x08001b18                FLASH_IRQHandler
                0x08001b18                I2C1_ER_IRQHandler
                0x08001b18                USBWakeUp_IRQHandler
 *fill*         0x08001b1a        0x2 
 .text.HAL_Init
                0x08001b1c       0x2c ./Drivers/STM32F1xx_HAL_Driver/Src/stm32f1xx_hal.o
                0x08001b1c                HAL_Init
 .text.HAL_InitTick
                0x08001b48       0x60 ./Drivers/STM32F1xx_HAL_Driver/Src/stm32f1xx_hal.o
                0x08001b48                HAL_InitTick
 .text.HAL_IncTick
                0x08001ba8       0x24 ./Drivers/STM32F1xx_HAL_Driver/Src/stm32f1xx_hal.o
                0x08001ba8                HAL_IncTick
 .text.HAL_GetTick
                0x08001bcc       0x14 ./Drivers/STM32F1xx_HAL_Driver/Src/stm32f1xx_hal.o
                0x08001bcc                HAL_GetTick
 .text.HAL_Delay
                0x08001be0       0x48 ./Drivers/STM32F1xx_HAL_Driver/Src/stm32f1xx_hal.o
                0x08001be0                HAL_Delay
 .text.HAL_ADC_Init
                0x08001c28      0x1b0 ./Drivers/STM32F1xx_HAL_Driver/Src/stm32f1xx_hal_adc.o
                0x08001c28                HAL_ADC_Init
 .text.HAL_ADC_Start
                0x08001dd8      0x15c ./Drivers/STM32F1xx_HAL_Driver/Src/stm32f1xx_hal_adc.o
                0x08001dd8                HAL_ADC_Start
 .text.HAL_ADC_Stop
                0x08001f34       0x58 ./Drivers/STM32F1xx_HAL_Driver/Src/stm32f1xx_hal_adc.o
                0x08001f34                HAL_ADC_Stop
 .text.HAL_ADC_PollForConversion
                0x08001f8c      0x20c ./Drivers/STM32F1xx_HAL_Driver/Src/stm32f1xx_hal_adc.o
                0x08001f8c                HAL_ADC_PollForConversion
 .text.HAL_ADC_GetValue
                0x08002198       0x18 ./Drivers/STM32F1xx_HAL_Driver/Src/stm32f1xx_hal_adc.o
                0x08002198                HAL_ADC_GetValue
 .text.HAL_ADC_IRQHandler
                0x080021b0      0x17e ./Drivers/STM32F1xx_HAL_Driver/Src/stm32f1xx_hal_adc.o
                0x080021b0                HAL_ADC_IRQHandler
 .text.HAL_ADC_ConvCpltCallback
                0x0800232e       0x12 ./Drivers/STM32F1xx_HAL_Driver/Src/stm32f1xx_hal_adc.o
                0x0800232e                HAL_ADC_ConvCpltCallback
 .text.HAL_ADC_LevelOutOfWindowCallback
                0x08002340       0x12 ./Drivers/STM32F1xx_HAL_Driver/Src/stm32f1xx_hal_adc.o
                0x08002340                HAL_ADC_LevelOutOfWindowCallback
 *fill*         0x08002352        0x2 
 .text.HAL_ADC_ConfigChannel
                0x08002354      0x1f0 ./Drivers/STM32F1xx_HAL_Driver/Src/stm32f1xx_hal_adc.o
                0x08002354                HAL_ADC_ConfigChannel
 .text.ADC_Enable
                0x08002544       0xb4 ./Drivers/STM32F1xx_HAL_Driver/Src/stm32f1xx_hal_adc.o
                0x08002544                ADC_Enable
 .text.ADC_ConversionStop_Disable
                0x080025f8       0x82 ./Drivers/STM32F1xx_HAL_Driver/Src/stm32f1xx_hal_adc.o
                0x080025f8                ADC_ConversionStop_Disable
 *fill*         0x0800267a        0x2 
 .text.HAL_ADCEx_Calibration_Start
                0x0800267c      0x15c ./Drivers/STM32F1xx_HAL_Driver/Src/stm32f1xx_hal_adc_ex.o
                0x0800267c                HAL_ADCEx_Calibration_Start
 .text.HAL_ADCEx_InjectedConvCpltCallback
                0x080027d8       0x12 ./Drivers/STM32F1xx_HAL_Driver/Src/stm32f1xx_hal_adc_ex.o
                0x080027d8                HAL_ADCEx_InjectedConvCpltCallback
 *fill*         0x080027ea        0x2 
 .text.__NVIC_SetPriorityGrouping
                0x080027ec       0x48 ./Drivers/STM32F1xx_HAL_Driver/Src/stm32f1xx_hal_cortex.o
 .text.__NVIC_GetPriorityGrouping
                0x08002834       0x1c ./Drivers/STM32F1xx_HAL_Driver/Src/stm32f1xx_hal_cortex.o
 .text.__NVIC_EnableIRQ
                0x08002850       0x38 ./Drivers/STM32F1xx_HAL_Driver/Src/stm32f1xx_hal_cortex.o
 .text.__NVIC_SetPriority
                0x08002888       0x54 ./Drivers/STM32F1xx_HAL_Driver/Src/stm32f1xx_hal_cortex.o
 .text.NVIC_EncodePriority
                0x080028dc       0x64 ./Drivers/STM32F1xx_HAL_Driver/Src/stm32f1xx_hal_cortex.o
 .text.SysTick_Config
                0x08002940       0x44 ./Drivers/STM32F1xx_HAL_Driver/Src/stm32f1xx_hal_cortex.o
 .text.HAL_NVIC_SetPriorityGrouping
                0x08002984       0x16 ./Drivers/STM32F1xx_HAL_Driver/Src/stm32f1xx_hal_cortex.o
                0x08002984                HAL_NVIC_SetPriorityGrouping
 .text.HAL_NVIC_SetPriority
                0x0800299a       0x38 ./Drivers/STM32F1xx_HAL_Driver/Src/stm32f1xx_hal_cortex.o
                0x0800299a                HAL_NVIC_SetPriority
 .text.HAL_NVIC_EnableIRQ
                0x080029d2       0x1c ./Drivers/STM32F1xx_HAL_Driver/Src/stm32f1xx_hal_cortex.o
                0x080029d2                HAL_NVIC_EnableIRQ
 .text.HAL_SYSTICK_Config
                0x080029ee       0x18 ./Drivers/STM32F1xx_HAL_Driver/Src/stm32f1xx_hal_cortex.o
                0x080029ee                HAL_SYSTICK_Config
 .text.HAL_DMA_Abort
                0x08002a06       0x76 ./Drivers/STM32F1xx_HAL_Driver/Src/stm32f1xx_hal_dma.o
                0x08002a06                HAL_DMA_Abort
 .text.HAL_DMA_Abort_IT
                0x08002a7c       0xf0 ./Drivers/STM32F1xx_HAL_Driver/Src/stm32f1xx_hal_dma.o
                0x08002a7c                HAL_DMA_Abort_IT
 .text.HAL_GPIO_Init
                0x08002b6c      0x308 ./Drivers/STM32F1xx_HAL_Driver/Src/stm32f1xx_hal_gpio.o
                0x08002b6c                HAL_GPIO_Init
 .text.HAL_GPIO_WritePin
                0x08002e74       0x30 ./Drivers/STM32F1xx_HAL_Driver/Src/stm32f1xx_hal_gpio.o
                0x08002e74                HAL_GPIO_WritePin
 .text.HAL_I2C_Init
                0x08002ea4      0x288 ./Drivers/STM32F1xx_HAL_Driver/Src/stm32f1xx_hal_i2c.o
                0x08002ea4                HAL_I2C_Init
 .text.HAL_I2C_Master_Transmit
                0x0800312c      0x1fc ./Drivers/STM32F1xx_HAL_Driver/Src/stm32f1xx_hal_i2c.o
                0x0800312c                HAL_I2C_Master_Transmit
 .text.HAL_I2C_IsDeviceReady
                0x08003328      0x25c ./Drivers/STM32F1xx_HAL_Driver/Src/stm32f1xx_hal_i2c.o
                0x08003328                HAL_I2C_IsDeviceReady
 .text.I2C_MasterRequestWrite
                0x08003584      0x104 ./Drivers/STM32F1xx_HAL_Driver/Src/stm32f1xx_hal_i2c.o
 .text.I2C_WaitOnFlagUntilTimeout
                0x08003688       0xf4 ./Drivers/STM32F1xx_HAL_Driver/Src/stm32f1xx_hal_i2c.o
 .text.I2C_WaitOnMasterAddressFlagUntilTimeout
                0x0800377c      0x140 ./Drivers/STM32F1xx_HAL_Driver/Src/stm32f1xx_hal_i2c.o
 .text.I2C_WaitOnTXEFlagUntilTimeout
                0x080038bc       0x90 ./Drivers/STM32F1xx_HAL_Driver/Src/stm32f1xx_hal_i2c.o
 .text.I2C_WaitOnBTFFlagUntilTimeout
                0x0800394c       0x90 ./Drivers/STM32F1xx_HAL_Driver/Src/stm32f1xx_hal_i2c.o
 .text.I2C_IsAcknowledgeFailed
                0x080039dc       0x5c ./Drivers/STM32F1xx_HAL_Driver/Src/stm32f1xx_hal_i2c.o
 .text.HAL_RCC_OscConfig
                0x08003a38      0x504 ./Drivers/STM32F1xx_HAL_Driver/Src/stm32f1xx_hal_rcc.o
                0x08003a38                HAL_RCC_OscConfig
 .text.HAL_RCC_ClockConfig
                0x08003f3c      0x1d4 ./Drivers/STM32F1xx_HAL_Driver/Src/stm32f1xx_hal_rcc.o
                0x08003f3c                HAL_RCC_ClockConfig
 .text.HAL_RCC_GetSysClockFreq
                0x08004110       0xa8 ./Drivers/STM32F1xx_HAL_Driver/Src/stm32f1xx_hal_rcc.o
                0x08004110                HAL_RCC_GetSysClockFreq
 .text.HAL_RCC_GetHCLKFreq
                0x080041b8       0x14 ./Drivers/STM32F1xx_HAL_Driver/Src/stm32f1xx_hal_rcc.o
                0x080041b8                HAL_RCC_GetHCLKFreq
 .text.HAL_RCC_GetPCLK1Freq
                0x080041cc       0x28 ./Drivers/STM32F1xx_HAL_Driver/Src/stm32f1xx_hal_rcc.o
                0x080041cc                HAL_RCC_GetPCLK1Freq
 .text.HAL_RCC_GetPCLK2Freq
                0x080041f4       0x28 ./Drivers/STM32F1xx_HAL_Driver/Src/stm32f1xx_hal_rcc.o
                0x080041f4                HAL_RCC_GetPCLK2Freq
 .text.RCC_Delay
                0x0800421c       0x3c ./Drivers/STM32F1xx_HAL_Driver/Src/stm32f1xx_hal_rcc.o
 .text.HAL_RCCEx_PeriphCLKConfig
                0x08004258      0x16c ./Drivers/STM32F1xx_HAL_Driver/Src/stm32f1xx_hal_rcc_ex.o
                0x08004258                HAL_RCCEx_PeriphCLKConfig
 .text.HAL_RCCEx_GetPeriphCLKFreq
                0x080043c4      0x16c ./Drivers/STM32F1xx_HAL_Driver/Src/stm32f1xx_hal_rcc_ex.o
                0x080043c4                HAL_RCCEx_GetPeriphCLKFreq
 .text.HAL_TIM_Base_Init
                0x08004530       0x9e ./Drivers/STM32F1xx_HAL_Driver/Src/stm32f1xx_hal_tim.o
                0x08004530                HAL_TIM_Base_Init
 .text.HAL_TIM_PWM_Init
                0x080045ce       0x9e ./Drivers/STM32F1xx_HAL_Driver/Src/stm32f1xx_hal_tim.o
                0x080045ce                HAL_TIM_PWM_Init
 .text.HAL_TIM_PWM_MspInit
                0x0800466c       0x12 ./Drivers/STM32F1xx_HAL_Driver/Src/stm32f1xx_hal_tim.o
                0x0800466c                HAL_TIM_PWM_MspInit
 .text.HAL_TIM_IRQHandler
                0x0800467e      0x210 ./Drivers/STM32F1xx_HAL_Driver/Src/stm32f1xx_hal_tim.o
                0x0800467e                HAL_TIM_IRQHandler
 *fill*         0x0800488e        0x2 
 .text.HAL_TIM_PWM_ConfigChannel
                0x08004890      0x184 ./Drivers/STM32F1xx_HAL_Driver/Src/stm32f1xx_hal_tim.o
                0x08004890                HAL_TIM_PWM_ConfigChannel
 .text.HAL_TIM_ConfigClockSource
                0x08004a14      0x18e ./Drivers/STM32F1xx_HAL_Driver/Src/stm32f1xx_hal_tim.o
                0x08004a14                HAL_TIM_ConfigClockSource
 .text.HAL_TIM_SlaveConfigSynchro
                0x08004ba2       0x84 ./Drivers/STM32F1xx_HAL_Driver/Src/stm32f1xx_hal_tim.o
                0x08004ba2                HAL_TIM_SlaveConfigSynchro
 .text.HAL_TIM_PeriodElapsedCallback
                0x08004c26       0x12 ./Drivers/STM32F1xx_HAL_Driver/Src/stm32f1xx_hal_tim.o
                0x08004c26                HAL_TIM_PeriodElapsedCallback
 .text.HAL_TIM_OC_DelayElapsedCallback
                0x08004c38       0x12 ./Drivers/STM32F1xx_HAL_Driver/Src/stm32f1xx_hal_tim.o
                0x08004c38                HAL_TIM_OC_DelayElapsedCallback
 .text.HAL_TIM_IC_CaptureCallback
                0x08004c4a       0x12 ./Drivers/STM32F1xx_HAL_Driver/Src/stm32f1xx_hal_tim.o
                0x08004c4a                HAL_TIM_IC_CaptureCallback
 .text.HAL_TIM_PWM_PulseFinishedCallback
                0x08004c5c       0x12 ./Drivers/STM32F1xx_HAL_Driver/Src/stm32f1xx_hal_tim.o
                0x08004c5c                HAL_TIM_PWM_PulseFinishedCallback
 .text.HAL_TIM_TriggerCallback
                0x08004c6e       0x12 ./Drivers/STM32F1xx_HAL_Driver/Src/stm32f1xx_hal_tim.o
                0x08004c6e                HAL_TIM_TriggerCallback
 .text.TIM_Base_SetConfig
                0x08004c80       0xc4 ./Drivers/STM32F1xx_HAL_Driver/Src/stm32f1xx_hal_tim.o
                0x08004c80                TIM_Base_SetConfig
 .text.TIM_OC1_SetConfig
                0x08004d44       0xcc ./Drivers/STM32F1xx_HAL_Driver/Src/stm32f1xx_hal_tim.o
 .text.TIM_OC2_SetConfig
                0x08004e10       0xd4 ./Drivers/STM32F1xx_HAL_Driver/Src/stm32f1xx_hal_tim.o
                0x08004e10                TIM_OC2_SetConfig
 .text.TIM_OC3_SetConfig
                0x08004ee4       0xd4 ./Drivers/STM32F1xx_HAL_Driver/Src/stm32f1xx_hal_tim.o
 .text.TIM_OC4_SetConfig
                0x08004fb8       0x9c ./Drivers/STM32F1xx_HAL_Driver/Src/stm32f1xx_hal_tim.o
 .text.TIM_SlaveTimer_SetConfig
                0x08005054      0x122 ./Drivers/STM32F1xx_HAL_Driver/Src/stm32f1xx_hal_tim.o
 .text.TIM_TI1_ConfigInputStage
                0x08005176       0x5c ./Drivers/STM32F1xx_HAL_Driver/Src/stm32f1xx_hal_tim.o
 .text.TIM_TI2_ConfigInputStage
                0x080051d2       0x5e ./Drivers/STM32F1xx_HAL_Driver/Src/stm32f1xx_hal_tim.o
 .text.TIM_ITRx_SetConfig
                0x08005230       0x34 ./Drivers/STM32F1xx_HAL_Driver/Src/stm32f1xx_hal_tim.o
 .text.TIM_ETR_SetConfig
                0x08005264       0x3e ./Drivers/STM32F1xx_HAL_Driver/Src/stm32f1xx_hal_tim.o
                0x08005264                TIM_ETR_SetConfig
 *fill*         0x080052a2        0x2 
 .text.HAL_TIMEx_MasterConfigSynchronization
                0x080052a4       0xbc ./Drivers/STM32F1xx_HAL_Driver/Src/stm32f1xx_hal_tim_ex.o
                0x080052a4                HAL_TIMEx_MasterConfigSynchronization
 .text.HAL_TIMEx_ConfigBreakDeadTime
                0x08005360       0xa2 ./Drivers/STM32F1xx_HAL_Driver/Src/stm32f1xx_hal_tim_ex.o
                0x08005360                HAL_TIMEx_ConfigBreakDeadTime
 .text.HAL_TIMEx_CommutCallback
                0x08005402       0x12 ./Drivers/STM32F1xx_HAL_Driver/Src/stm32f1xx_hal_tim_ex.o
                0x08005402                HAL_TIMEx_CommutCallback
 .text.HAL_TIMEx_BreakCallback
                0x08005414       0x12 ./Drivers/STM32F1xx_HAL_Driver/Src/stm32f1xx_hal_tim_ex.o
                0x08005414                HAL_TIMEx_BreakCallback
 .text.HAL_UART_Init
                0x08005426       0xa0 ./Drivers/STM32F1xx_HAL_Driver/Src/stm32f1xx_hal_uart.o
                0x08005426                HAL_UART_Init
 .text.HAL_UART_Transmit
                0x080054c6      0x106 ./Drivers/STM32F1xx_HAL_Driver/Src/stm32f1xx_hal_uart.o
                0x080054c6                HAL_UART_Transmit
 .text.HAL_UART_Receive_IT
                0x080055cc       0x4a ./Drivers/STM32F1xx_HAL_Driver/Src/stm32f1xx_hal_uart.o
                0x080055cc                HAL_UART_Receive_IT
 *fill*         0x08005616        0x2 
 .text.HAL_UART_IRQHandler
                0x08005618      0x524 ./Drivers/STM32F1xx_HAL_Driver/Src/stm32f1xx_hal_uart.o
                0x08005618                HAL_UART_IRQHandler
 .text.HAL_UART_TxCpltCallback
                0x08005b3c       0x12 ./Drivers/STM32F1xx_HAL_Driver/Src/stm32f1xx_hal_uart.o
                0x08005b3c                HAL_UART_TxCpltCallback
 .text.HAL_UART_ErrorCallback
                0x08005b4e       0x12 ./Drivers/STM32F1xx_HAL_Driver/Src/stm32f1xx_hal_uart.o
                0x08005b4e                HAL_UART_ErrorCallback
 .text.HAL_UARTEx_RxEventCallback
                0x08005b60       0x16 ./Drivers/STM32F1xx_HAL_Driver/Src/stm32f1xx_hal_uart.o
                0x08005b60                HAL_UARTEx_RxEventCallback
 .text.UART_WaitOnFlagUntilTimeout
                0x08005b76       0xdc ./Drivers/STM32F1xx_HAL_Driver/Src/stm32f1xx_hal_uart.o
 .text.UART_Start_Receive_IT
                0x08005c52       0x72 ./Drivers/STM32F1xx_HAL_Driver/Src/stm32f1xx_hal_uart.o
                0x08005c52                UART_Start_Receive_IT
 .text.UART_EndRxTransfer
                0x08005cc4       0xc4 ./Drivers/STM32F1xx_HAL_Driver/Src/stm32f1xx_hal_uart.o
 .text.UART_DMAAbortOnError
                0x08005d88       0x28 ./Drivers/STM32F1xx_HAL_Driver/Src/stm32f1xx_hal_uart.o
 .text.UART_Transmit_IT
                0x08005db0       0x9e ./Drivers/STM32F1xx_HAL_Driver/Src/stm32f1xx_hal_uart.o
 .text.UART_EndTransmit_IT
                0x08005e4e       0x30 ./Drivers/STM32F1xx_HAL_Driver/Src/stm32f1xx_hal_uart.o
 .text.UART_Receive_IT
                0x08005e7e      0x17c ./Drivers/STM32F1xx_HAL_Driver/Src/stm32f1xx_hal_uart.o
 *fill*         0x08005ffa        0x2 
 .text.UART_SetConfig
                0x08005ffc      0x11c ./Drivers/STM32F1xx_HAL_Driver/Src/stm32f1xx_hal_uart.o
 .text.sprintf  0x08006118       0x40 C:/ST/STM32CubeIDE_1.15.1/STM32CubeIDE/plugins/com.st.stm32cube.ide.mcu.externaltools.gnu-tools-for-stm32.12.3.rel1.win32_1.0.100.202403111256/tools/bin/../lib/gcc/arm-none-eabi/12.3.1/../../../../arm-none-eabi/lib/thumb/v7-m/nofp\libc_nano.a(libc_a-sprintf.o)
                0x08006118                siprintf
                0x08006118                sprintf
 .text.memset   0x08006158       0x10 C:/ST/STM32CubeIDE_1.15.1/STM32CubeIDE/plugins/com.st.stm32cube.ide.mcu.externaltools.gnu-tools-for-stm32.12.3.rel1.win32_1.0.100.202403111256/tools/bin/../lib/gcc/arm-none-eabi/12.3.1/../../../../arm-none-eabi/lib/thumb/v7-m/nofp\libc_nano.a(libc_a-memset.o)
                0x08006158                memset
 .text.__errno  0x08006168        0xc C:/ST/STM32CubeIDE_1.15.1/STM32CubeIDE/plugins/com.st.stm32cube.ide.mcu.externaltools.gnu-tools-for-stm32.12.3.rel1.win32_1.0.100.202403111256/tools/bin/../lib/gcc/arm-none-eabi/12.3.1/../../../../arm-none-eabi/lib/thumb/v7-m/nofp\libc_nano.a(libc_a-errno.o)
                0x08006168                __errno
 .text.__libc_init_array
                0x08006174       0x48 C:/ST/STM32CubeIDE_1.15.1/STM32CubeIDE/plugins/com.st.stm32cube.ide.mcu.externaltools.gnu-tools-for-stm32.12.3.rel1.win32_1.0.100.202403111256/tools/bin/../lib/gcc/arm-none-eabi/12.3.1/../../../../arm-none-eabi/lib/thumb/v7-m/nofp\libc_nano.a(libc_a-init.o)
                0x08006174                __libc_init_array
 .text.__retarget_lock_acquire_recursive
                0x080061bc        0x2 C:/ST/STM32CubeIDE_1.15.1/STM32CubeIDE/plugins/com.st.stm32cube.ide.mcu.externaltools.gnu-tools-for-stm32.12.3.rel1.win32_1.0.100.202403111256/tools/bin/../lib/gcc/arm-none-eabi/12.3.1/../../../../arm-none-eabi/lib/thumb/v7-m/nofp\libc_nano.a(libc_a-lock.o)
                0x080061bc                __retarget_lock_acquire_recursive
 .text.__retarget_lock_release_recursive
                0x080061be        0x2 C:/ST/STM32CubeIDE_1.15.1/STM32CubeIDE/plugins/com.st.stm32cube.ide.mcu.externaltools.gnu-tools-for-stm32.12.3.rel1.win32_1.0.100.202403111256/tools/bin/../lib/gcc/arm-none-eabi/12.3.1/../../../../arm-none-eabi/lib/thumb/v7-m/nofp\libc_nano.a(libc_a-lock.o)
                0x080061be                __retarget_lock_release_recursive
 .text._free_r  0x080061c0       0x90 C:/ST/STM32CubeIDE_1.15.1/STM32CubeIDE/plugins/com.st.stm32cube.ide.mcu.externaltools.gnu-tools-for-stm32.12.3.rel1.win32_1.0.100.202403111256/tools/bin/../lib/gcc/arm-none-eabi/12.3.1/../../../../arm-none-eabi/lib/thumb/v7-m/nofp\libc_nano.a(libc_a-freer.o)
                0x080061c0                _free_r
 .text.sbrk_aligned
                0x08006250       0x44 C:/ST/STM32CubeIDE_1.15.1/STM32CubeIDE/plugins/com.st.stm32cube.ide.mcu.externaltools.gnu-tools-for-stm32.12.3.rel1.win32_1.0.100.202403111256/tools/bin/../lib/gcc/arm-none-eabi/12.3.1/../../../../arm-none-eabi/lib/thumb/v7-m/nofp\libc_nano.a(libc_a-mallocr.o)
 .text._malloc_r
                0x08006294      0x100 C:/ST/STM32CubeIDE_1.15.1/STM32CubeIDE/plugins/com.st.stm32cube.ide.mcu.externaltools.gnu-tools-for-stm32.12.3.rel1.win32_1.0.100.202403111256/tools/bin/../lib/gcc/arm-none-eabi/12.3.1/../../../../arm-none-eabi/lib/thumb/v7-m/nofp\libc_nano.a(libc_a-mallocr.o)
                0x08006294                _malloc_r
 .text.__malloc_lock
                0x08006394        0xc C:/ST/STM32CubeIDE_1.15.1/STM32CubeIDE/plugins/com.st.stm32cube.ide.mcu.externaltools.gnu-tools-for-stm32.12.3.rel1.win32_1.0.100.202403111256/tools/bin/../lib/gcc/arm-none-eabi/12.3.1/../../../../arm-none-eabi/lib/thumb/v7-m/nofp\libc_nano.a(libc_a-mlock.o)
                0x08006394                __malloc_lock
 .text.__malloc_unlock
                0x080063a0        0xc C:/ST/STM32CubeIDE_1.15.1/STM32CubeIDE/plugins/com.st.stm32cube.ide.mcu.externaltools.gnu-tools-for-stm32.12.3.rel1.win32_1.0.100.202403111256/tools/bin/../lib/gcc/arm-none-eabi/12.3.1/../../../../arm-none-eabi/lib/thumb/v7-m/nofp\libc_nano.a(libc_a-mlock.o)
                0x080063a0                __malloc_unlock
 .text.__ssputs_r
                0x080063ac       0xb6 C:/ST/STM32CubeIDE_1.15.1/STM32CubeIDE/plugins/com.st.stm32cube.ide.mcu.externaltools.gnu-tools-for-stm32.12.3.rel1.win32_1.0.100.202403111256/tools/bin/../lib/gcc/arm-none-eabi/12.3.1/../../../../arm-none-eabi/lib/thumb/v7-m/nofp\libc_nano.a(libc_a-nano-svfprintf.o)
                0x080063ac                __ssputs_r
 *fill*         0x08006462        0x2 
 .text._svfprintf_r
                0x08006464      0x1f8 C:/ST/STM32CubeIDE_1.15.1/STM32CubeIDE/plugins/com.st.stm32cube.ide.mcu.externaltools.gnu-tools-for-stm32.12.3.rel1.win32_1.0.100.202403111256/tools/bin/../lib/gcc/arm-none-eabi/12.3.1/../../../../arm-none-eabi/lib/thumb/v7-m/nofp\libc_nano.a(libc_a-nano-svfprintf.o)
                0x08006464                _svfiprintf_r
                0x08006464                _svfprintf_r
 .text._printf_common
                0x0800665c       0xe4 C:/ST/STM32CubeIDE_1.15.1/STM32CubeIDE/plugins/com.st.stm32cube.ide.mcu.externaltools.gnu-tools-for-stm32.12.3.rel1.win32_1.0.100.202403111256/tools/bin/../lib/gcc/arm-none-eabi/12.3.1/../../../../arm-none-eabi/lib/thumb/v7-m/nofp\libc_nano.a(libc_a-nano-vfprintf_i.o)
                0x0800665c                _printf_common
 .text._printf_i
                0x08006740      0x240 C:/ST/STM32CubeIDE_1.15.1/STM32CubeIDE/plugins/com.st.stm32cube.ide.mcu.externaltools.gnu-tools-for-stm32.12.3.rel1.win32_1.0.100.202403111256/tools/bin/../lib/gcc/arm-none-eabi/12.3.1/../../../../arm-none-eabi/lib/thumb/v7-m/nofp\libc_nano.a(libc_a-nano-vfprintf_i.o)
                0x08006740                _printf_i
 .text.memmove  0x08006980       0x34 C:/ST/STM32CubeIDE_1.15.1/STM32CubeIDE/plugins/com.st.stm32cube.ide.mcu.externaltools.gnu-tools-for-stm32.12.3.rel1.win32_1.0.100.202403111256/tools/bin/../lib/gcc/arm-none-eabi/12.3.1/../../../../arm-none-eabi/lib/thumb/v7-m/nofp\libc_nano.a(libc_a-memmove.o)
                0x08006980                memmove
 .text._sbrk_r  0x080069b4       0x20 C:/ST/STM32CubeIDE_1.15.1/STM32CubeIDE/plugins/com.st.stm32cube.ide.mcu.externaltools.gnu-tools-for-stm32.12.3.rel1.win32_1.0.100.202403111256/tools/bin/../lib/gcc/arm-none-eabi/12.3.1/../../../../arm-none-eabi/lib/thumb/v7-m/nofp\libc_nano.a(libc_a-sbrkr.o)
                0x080069b4                _sbrk_r
 .text.memchr   0x080069d4       0x1c C:/ST/STM32CubeIDE_1.15.1/STM32CubeIDE/plugins/com.st.stm32cube.ide.mcu.externaltools.gnu-tools-for-stm32.12.3.rel1.win32_1.0.100.202403111256/tools/bin/../lib/gcc/arm-none-eabi/12.3.1/../../../../arm-none-eabi/lib/thumb/v7-m/nofp\libc_nano.a(libc_a-memchr-stub.o)
                0x080069d4                memchr
 .text.memcpy   0x080069f0       0x1c C:/ST/STM32CubeIDE_1.15.1/STM32CubeIDE/plugins/com.st.stm32cube.ide.mcu.externaltools.gnu-tools-for-stm32.12.3.rel1.win32_1.0.100.202403111256/tools/bin/../lib/gcc/arm-none-eabi/12.3.1/../../../../arm-none-eabi/lib/thumb/v7-m/nofp\libc_nano.a(libc_a-memcpy-stub.o)
                0x080069f0                memcpy
 .text._realloc_r
                0x08006a0c       0x5c C:/ST/STM32CubeIDE_1.15.1/STM32CubeIDE/plugins/com.st.stm32cube.ide.mcu.externaltools.gnu-tools-for-stm32.12.3.rel1.win32_1.0.100.202403111256/tools/bin/../lib/gcc/arm-none-eabi/12.3.1/../../../../arm-none-eabi/lib/thumb/v7-m/nofp\libc_nano.a(libc_a-reallocr.o)
                0x08006a0c                _realloc_r
 .text._malloc_usable_size_r
                0x08006a68       0x10 C:/ST/STM32CubeIDE_1.15.1/STM32CubeIDE/plugins/com.st.stm32cube.ide.mcu.externaltools.gnu-tools-for-stm32.12.3.rel1.win32_1.0.100.202403111256/tools/bin/../lib/gcc/arm-none-eabi/12.3.1/../../../../arm-none-eabi/lib/thumb/v7-m/nofp\libc_nano.a(libc_a-msizer.o)
                0x08006a68                _malloc_usable_size_r
 *(.glue_7)
 .glue_7        0x08006a78        0x0 linker stubs
 *(.glue_7t)
 .glue_7t       0x08006a78        0x0 linker stubs
 *(.eh_frame)
 .eh_frame      0x08006a78        0x0 C:/ST/STM32CubeIDE_1.15.1/STM32CubeIDE/plugins/com.st.stm32cube.ide.mcu.externaltools.gnu-tools-for-stm32.12.3.rel1.win32_1.0.100.202403111256/tools/bin/../lib/gcc/arm-none-eabi/12.3.1/thumb/v7-m/nofp/crtbegin.o
 *(.init)
 .init          0x08006a78        0x4 C:/ST/STM32CubeIDE_1.15.1/STM32CubeIDE/plugins/com.st.stm32cube.ide.mcu.externaltools.gnu-tools-for-stm32.12.3.rel1.win32_1.0.100.202403111256/tools/bin/../lib/gcc/arm-none-eabi/12.3.1/thumb/v7-m/nofp/crti.o
                0x08006a78                _init
 .init          0x08006a7c        0x8 C:/ST/STM32CubeIDE_1.15.1/STM32CubeIDE/plugins/com.st.stm32cube.ide.mcu.externaltools.gnu-tools-for-stm32.12.3.rel1.win32_1.0.100.202403111256/tools/bin/../lib/gcc/arm-none-eabi/12.3.1/thumb/v7-m/nofp/crtn.o
 *(.fini)
 .fini          0x08006a84        0x4 C:/ST/STM32CubeIDE_1.15.1/STM32CubeIDE/plugins/com.st.stm32cube.ide.mcu.externaltools.gnu-tools-for-stm32.12.3.rel1.win32_1.0.100.202403111256/tools/bin/../lib/gcc/arm-none-eabi/12.3.1/thumb/v7-m/nofp/crti.o
                0x08006a84                _fini
 .fini          0x08006a88        0x8 C:/ST/STM32CubeIDE_1.15.1/STM32CubeIDE/plugins/com.st.stm32cube.ide.mcu.externaltools.gnu-tools-for-stm32.12.3.rel1.win32_1.0.100.202403111256/tools/bin/../lib/gcc/arm-none-eabi/12.3.1/thumb/v7-m/nofp/crtn.o
                0x08006a90                        . = ALIGN (0x4)
                0x08006a90                        _etext = .

.vfp11_veneer   0x08006a90        0x0
 .vfp11_veneer  0x08006a90        0x0 linker stubs

.v4_bx          0x08006a90        0x0
 .v4_bx         0x08006a90        0x0 linker stubs

.iplt           0x08006a90        0x0
 .iplt          0x08006a90        0x0 C:/ST/STM32CubeIDE_1.15.1/STM32CubeIDE/plugins/com.st.stm32cube.ide.mcu.externaltools.gnu-tools-for-stm32.12.3.rel1.win32_1.0.100.202403111256/tools/bin/../lib/gcc/arm-none-eabi/12.3.1/thumb/v7-m/nofp/crtbegin.o

.rodata         0x08006a90      0x148
                0x08006a90                        . = ALIGN (0x4)
 *(.rodata)
 .rodata        0x08006a90       0x27 ./Core/Src/usr_adc.o
 *fill*         0x08006ab7        0x1 
 .rodata        0x08006ab8       0x32 ./Core/Src/usr_lcd.o
 *fill*         0x08006aea        0x2 
 .rodata        0x08006aec       0x53 ./Core/Src/usr_pwm.o
 *fill*         0x08006b3f        0x1 
 .rodata        0x08006b40       0x24 ./Core/Src/usr_system.o
 *(.rodata*)
 .rodata.AHBPrescTable
                0x08006b64       0x10 ./Core/Src/system_stm32f1xx.o
                0x08006b64                AHBPrescTable
 .rodata.APBPrescTable
                0x08006b74        0x8 ./Core/Src/system_stm32f1xx.o
                0x08006b74                APBPrescTable
 .rodata.aPLLMULFactorTable.1
                0x08006b7c       0x10 ./Drivers/STM32F1xx_HAL_Driver/Src/stm32f1xx_hal_rcc.o
 .rodata.aPredivFactorTable.0
                0x08006b8c        0x2 ./Drivers/STM32F1xx_HAL_Driver/Src/stm32f1xx_hal_rcc.o
 *fill*         0x08006b8e        0x2 
 .rodata.aPLLMULFactorTable.1
                0x08006b90       0x10 ./Drivers/STM32F1xx_HAL_Driver/Src/stm32f1xx_hal_rcc_ex.o
 .rodata.aPredivFactorTable.0
                0x08006ba0        0x2 ./Drivers/STM32F1xx_HAL_Driver/Src/stm32f1xx_hal_rcc_ex.o
 .rodata._svfprintf_r.str1.1
                0x08006ba2       0x11 C:/ST/STM32CubeIDE_1.15.1/STM32CubeIDE/plugins/com.st.stm32cube.ide.mcu.externaltools.gnu-tools-for-stm32.12.3.rel1.win32_1.0.100.202403111256/tools/bin/../lib/gcc/arm-none-eabi/12.3.1/../../../../arm-none-eabi/lib/thumb/v7-m/nofp\libc_nano.a(libc_a-nano-svfprintf.o)
 .rodata._printf_i.str1.1
                0x08006bb3       0x22 C:/ST/STM32CubeIDE_1.15.1/STM32CubeIDE/plugins/com.st.stm32cube.ide.mcu.externaltools.gnu-tools-for-stm32.12.3.rel1.win32_1.0.100.202403111256/tools/bin/../lib/gcc/arm-none-eabi/12.3.1/../../../../arm-none-eabi/lib/thumb/v7-m/nofp\libc_nano.a(libc_a-nano-vfprintf_i.o)
                0x08006bd8                        . = ALIGN (0x4)
 *fill*         0x08006bd5        0x3 

.ARM.extab      0x08006bd8        0x0
                0x08006bd8                        . = ALIGN (0x4)
 *(.ARM.extab* .gnu.linkonce.armextab.*)
                0x08006bd8                        . = ALIGN (0x4)

.ARM            0x08006bd8        0x8
                0x08006bd8                        . = ALIGN (0x4)
                0x08006bd8                        __exidx_start = .
 *(.ARM.exidx*)
 .ARM.exidx     0x08006bd8        0x8 C:/ST/STM32CubeIDE_1.15.1/STM32CubeIDE/plugins/com.st.stm32cube.ide.mcu.externaltools.gnu-tools-for-stm32.12.3.rel1.win32_1.0.100.202403111256/tools/bin/../lib/gcc/arm-none-eabi/12.3.1/../../../../arm-none-eabi/lib/thumb/v7-m/nofp\libc_nano.a(libc_a-strlen.o)
                0x08006be0                        __exidx_end = .
                0x08006be0                        . = ALIGN (0x4)

.preinit_array  0x08006be0        0x0
                0x08006be0                        . = ALIGN (0x4)
                0x08006be0                        PROVIDE (__preinit_array_start = .)
 *(.preinit_array*)
                0x08006be0                        PROVIDE (__preinit_array_end = .)
                0x08006be0                        . = ALIGN (0x4)

.init_array     0x08006be0        0x4
                0x08006be0                        . = ALIGN (0x4)
                0x08006be0                        PROVIDE (__init_array_start = .)
 *(SORT_BY_NAME(.init_array.*))
 *(.init_array*)
 .init_array    0x08006be0        0x4 C:/ST/STM32CubeIDE_1.15.1/STM32CubeIDE/plugins/com.st.stm32cube.ide.mcu.externaltools.gnu-tools-for-stm32.12.3.rel1.win32_1.0.100.202403111256/tools/bin/../lib/gcc/arm-none-eabi/12.3.1/thumb/v7-m/nofp/crtbegin.o
                0x08006be4                        PROVIDE (__init_array_end = .)
                0x08006be4                        . = ALIGN (0x4)

.fini_array     0x08006be4        0x4
                0x08006be4                        . = ALIGN (0x4)
                [!provide]                        PROVIDE (__fini_array_start = .)
 *(SORT_BY_NAME(.fini_array.*))
 *(.fini_array*)
 .fini_array    0x08006be4        0x4 C:/ST/STM32CubeIDE_1.15.1/STM32CubeIDE/plugins/com.st.stm32cube.ide.mcu.externaltools.gnu-tools-for-stm32.12.3.rel1.win32_1.0.100.202403111256/tools/bin/../lib/gcc/arm-none-eabi/12.3.1/thumb/v7-m/nofp/crtbegin.o
                [!provide]                        PROVIDE (__fini_array_end = .)
                0x08006be8                        . = ALIGN (0x4)
                0x08006be8                        _sidata = LOADADDR (.data)

.rel.dyn        0x08006be8        0x0
 .rel.iplt      0x08006be8        0x0 C:/ST/STM32CubeIDE_1.15.1/STM32CubeIDE/plugins/com.st.stm32cube.ide.mcu.externaltools.gnu-tools-for-stm32.12.3.rel1.win32_1.0.100.202403111256/tools/bin/../lib/gcc/arm-none-eabi/12.3.1/thumb/v7-m/nofp/crtbegin.o

.data           0x20000000       0x64 load address 0x08006be8
                0x20000000                        . = ALIGN (0x4)
                0x20000000                        _sdata = .
 *(.data)
 *(.data*)
 .data.SystemCoreClock
                0x20000000        0x4 ./Core/Src/system_stm32f1xx.o
                0x20000000                SystemCoreClock
 .data.autoReload
                0x20000004        0x2 ./Core/Src/usr_system.o
                0x20000004                autoReload
 .data.prescaler
                0x20000006        0x2 ./Core/Src/usr_system.o
                0x20000006                prescaler
 .data.g_dutyCycle
                0x20000008        0x2 ./Core/Src/usr_system.o
                0x20000008                g_dutyCycle
 *fill*         0x2000000a        0x2 
 .data.uwTickPrio
                0x2000000c        0x4 ./Drivers/STM32F1xx_HAL_Driver/Src/stm32f1xx_hal.o
                0x2000000c                uwTickPrio
 .data.uwTickFreq
                0x20000010        0x1 ./Drivers/STM32F1xx_HAL_Driver/Src/stm32f1xx_hal.o
                0x20000010                uwTickFreq
 *fill*         0x20000011        0x3 
 .data._impure_ptr
                0x20000014        0x4 C:/ST/STM32CubeIDE_1.15.1/STM32CubeIDE/plugins/com.st.stm32cube.ide.mcu.externaltools.gnu-tools-for-stm32.12.3.rel1.win32_1.0.100.202403111256/tools/bin/../lib/gcc/arm-none-eabi/12.3.1/../../../../arm-none-eabi/lib/thumb/v7-m/nofp\libc_nano.a(libc_a-impure.o)
                0x20000014                _impure_ptr
 .data._impure_data
                0x20000018       0x4c C:/ST/STM32CubeIDE_1.15.1/STM32CubeIDE/plugins/com.st.stm32cube.ide.mcu.externaltools.gnu-tools-for-stm32.12.3.rel1.win32_1.0.100.202403111256/tools/bin/../lib/gcc/arm-none-eabi/12.3.1/../../../../arm-none-eabi/lib/thumb/v7-m/nofp\libc_nano.a(libc_a-impure.o)
                0x20000018                _impure_data
 *(.RamFunc)
 *(.RamFunc*)
                0x20000064                        . = ALIGN (0x4)
                0x20000064                        _edata = .

.igot.plt       0x20000064        0x0 load address 0x08006c4c
 .igot.plt      0x20000064        0x0 C:/ST/STM32CubeIDE_1.15.1/STM32CubeIDE/plugins/com.st.stm32cube.ide.mcu.externaltools.gnu-tools-for-stm32.12.3.rel1.win32_1.0.100.202403111256/tools/bin/../lib/gcc/arm-none-eabi/12.3.1/thumb/v7-m/nofp/crtbegin.o
                0x20000064                        . = ALIGN (0x4)

.bss            0x20000064      0x434 load address 0x08006c4c
                0x20000064                        _sbss = .
                0x20000064                        __bss_start__ = _sbss
 *(.bss)
 .bss           0x20000064       0x1c C:/ST/STM32CubeIDE_1.15.1/STM32CubeIDE/plugins/com.st.stm32cube.ide.mcu.externaltools.gnu-tools-for-stm32.12.3.rel1.win32_1.0.100.202403111256/tools/bin/../lib/gcc/arm-none-eabi/12.3.1/thumb/v7-m/nofp/crtbegin.o
 *(.bss*)
 .bss.hadc1     0x20000080       0x30 ./Core/Src/adc.o
                0x20000080                hadc1
 .bss.hi2c1     0x200000b0       0x54 ./Core/Src/i2c.o
                0x200000b0                hi2c1
 .bss.__sbrk_heap_end
                0x20000104        0x4 ./Core/Src/sysmem.o
 .bss.htim1     0x20000108       0x48 ./Core/Src/tim.o
                0x20000108                htim1
 .bss.htim2     0x20000150       0x48 ./Core/Src/tim.o
                0x20000150                htim2
 .bss.huart1    0x20000198       0x48 ./Core/Src/usart.o
                0x20000198                huart1
 .bss.g_rawAdcReadValues
                0x200001e0        0xa ./Core/Src/usr_adc.o
                0x200001e0                g_rawAdcReadValues
 *fill*         0x200001ea        0x2 
 .bss.g_batteryValues
                0x200001ec        0x8 ./Core/Src/usr_adc.o
                0x200001ec                g_batteryValues
 .bss.g_batteryValuesModified
                0x200001f4        0x8 ./Core/Src/usr_adc.o
                0x200001f4                g_batteryValuesModified
 .bss.g_adcBuffer
                0x200001fc       0x20 ./Core/Src/usr_adc.o
                0x200001fc                g_adcBuffer
 .bss.g_adcBufferIndex
                0x2000021c        0x2 ./Core/Src/usr_adc.o
                0x2000021c                g_adcBufferIndex
 .bss.fark0     0x2000021e        0x2 ./Core/Src/usr_adc.o
                0x2000021e                fark0
 .bss.fark1     0x20000220        0x2 ./Core/Src/usr_adc.o
                0x20000220                fark1
 .bss.fark2     0x20000222        0x2 ./Core/Src/usr_adc.o
                0x20000222                fark2
 .bss.sConfigPrivate
                0x20000224        0xc ./Core/Src/usr_adc.o
                0x20000224                sConfigPrivate
 .bss.startMessage
                0x20000230       0x40 ./Core/Src/usr_lcd.o
                0x20000230                startMessage
 .bss.data      0x20000270       0x40 ./Core/Src/usr_lcd.o
                0x20000270                data
 .bss.g_sendStringUpLine
                0x200002b0       0x10 ./Core/Src/usr_lcd.o
                0x200002b0                g_sendStringUpLine
 .bss.g_sendStringDownLine
                0x200002c0       0x10 ./Core/Src/usr_lcd.o
                0x200002c0                g_sendStringDownLine
 .bss.g_timerCount
                0x200002d0        0x4 ./Core/Src/usr_system.o
                0x200002d0                g_timerCount
 .bss.m_batteryBufferUpLine
                0x200002d4       0x10 ./Core/Src/usr_system.o
                0x200002d4                m_batteryBufferUpLine
 .bss.m_batteryBufferDownLine
                0x200002e4       0x10 ./Core/Src/usr_system.o
                0x200002e4                m_batteryBufferDownLine
 .bss.g_rxTempBuf
                0x200002f4        0x1 ./Core/Src/usr_uart.o
                0x200002f4                g_rxTempBuf
 *fill*         0x200002f5        0x3 
 .bss.g_rxBuf   0x200002f8       0x28 ./Core/Src/usr_uart.o
                0x200002f8                g_rxBuf
 .bss.g_txBuf   0x20000320       0x28 ./Core/Src/usr_uart.o
                0x20000320                g_txBuf
 .bss.g_rxIndex
                0x20000348        0x2 ./Core/Src/usr_uart.o
                0x20000348                g_rxIndex
 .bss.g_rxIntFlg
                0x2000034a        0x1 ./Core/Src/usr_uart.o
                0x2000034a                g_rxIntFlg
 *fill*         0x2000034b        0x1 
 .bss.uwTick    0x2000034c        0x4 ./Drivers/STM32F1xx_HAL_Driver/Src/stm32f1xx_hal.o
                0x2000034c                uwTick
 .bss.__sf      0x20000350      0x138 C:/ST/STM32CubeIDE_1.15.1/STM32CubeIDE/plugins/com.st.stm32cube.ide.mcu.externaltools.gnu-tools-for-stm32.12.3.rel1.win32_1.0.100.202403111256/tools/bin/../lib/gcc/arm-none-eabi/12.3.1/../../../../arm-none-eabi/lib/thumb/v7-m/nofp\libc_nano.a(libc_a-findfp.o)
                0x20000350                __sf
 .bss.errno     0x20000488        0x4 C:/ST/STM32CubeIDE_1.15.1/STM32CubeIDE/plugins/com.st.stm32cube.ide.mcu.externaltools.gnu-tools-for-stm32.12.3.rel1.win32_1.0.100.202403111256/tools/bin/../lib/gcc/arm-none-eabi/12.3.1/../../../../arm-none-eabi/lib/thumb/v7-m/nofp\libc_nano.a(libc_a-reent.o)
                0x20000488                errno
 .bss.__lock___malloc_recursive_mutex
                0x2000048c        0x1 C:/ST/STM32CubeIDE_1.15.1/STM32CubeIDE/plugins/com.st.stm32cube.ide.mcu.externaltools.gnu-tools-for-stm32.12.3.rel1.win32_1.0.100.202403111256/tools/bin/../lib/gcc/arm-none-eabi/12.3.1/../../../../arm-none-eabi/lib/thumb/v7-m/nofp\libc_nano.a(libc_a-lock.o)
                0x2000048c                __lock___malloc_recursive_mutex
 *fill*         0x2000048d        0x3 
 .bss.__malloc_sbrk_start
                0x20000490        0x4 C:/ST/STM32CubeIDE_1.15.1/STM32CubeIDE/plugins/com.st.stm32cube.ide.mcu.externaltools.gnu-tools-for-stm32.12.3.rel1.win32_1.0.100.202403111256/tools/bin/../lib/gcc/arm-none-eabi/12.3.1/../../../../arm-none-eabi/lib/thumb/v7-m/nofp\libc_nano.a(libc_a-mallocr.o)
                0x20000490                __malloc_sbrk_start
 .bss.__malloc_free_list
                0x20000494        0x4 C:/ST/STM32CubeIDE_1.15.1/STM32CubeIDE/plugins/com.st.stm32cube.ide.mcu.externaltools.gnu-tools-for-stm32.12.3.rel1.win32_1.0.100.202403111256/tools/bin/../lib/gcc/arm-none-eabi/12.3.1/../../../../arm-none-eabi/lib/thumb/v7-m/nofp\libc_nano.a(libc_a-mallocr.o)
                0x20000494                __malloc_free_list
 *(COMMON)
                0x20000498                        . = ALIGN (0x4)
                0x20000498                        _ebss = .
                0x20000498                        __bss_end__ = _ebss

._user_heap_stack
                0x20000498      0x600 load address 0x08006c4c
                0x20000498                        . = ALIGN (0x8)
                [!provide]                        PROVIDE (end = .)
                0x20000498                        PROVIDE (_end = .)
                0x20000698                        . = (. + _Min_Heap_Size)
 *fill*         0x20000498      0x200 
                0x20000a98                        . = (. + _Min_Stack_Size)
 *fill*         0x20000698      0x400 
                0x20000a98                        . = ALIGN (0x8)

/DISCARD/
 libc.a(*)
 libm.a(*)
 libgcc.a(*)

.ARM.attributes
                0x00000000       0x29
 *(.ARM.attributes)
 .ARM.attributes
                0x00000000       0x1d C:/ST/STM32CubeIDE_1.15.1/STM32CubeIDE/plugins/com.st.stm32cube.ide.mcu.externaltools.gnu-tools-for-stm32.12.3.rel1.win32_1.0.100.202403111256/tools/bin/../lib/gcc/arm-none-eabi/12.3.1/thumb/v7-m/nofp/crti.o
 .ARM.attributes
                0x0000001d       0x2d C:/ST/STM32CubeIDE_1.15.1/STM32CubeIDE/plugins/com.st.stm32cube.ide.mcu.externaltools.gnu-tools-for-stm32.12.3.rel1.win32_1.0.100.202403111256/tools/bin/../lib/gcc/arm-none-eabi/12.3.1/thumb/v7-m/nofp/crtbegin.o
 .ARM.attributes
                0x0000004a       0x2d ./Core/Src/adc.o
 .ARM.attributes
                0x00000077       0x2d ./Core/Src/gpio.o
 .ARM.attributes
                0x000000a4       0x2d ./Core/Src/i2c.o
 .ARM.attributes
                0x000000d1       0x2d ./Core/Src/main.o
 .ARM.attributes
                0x000000fe       0x2d ./Core/Src/stm32f1xx_hal_msp.o
 .ARM.attributes
                0x0000012b       0x2d ./Core/Src/stm32f1xx_it.o
 .ARM.attributes
                0x00000158       0x2d ./Core/Src/sysmem.o
 .ARM.attributes
                0x00000185       0x2d ./Core/Src/system_stm32f1xx.o
 .ARM.attributes
                0x000001b2       0x2d ./Core/Src/tim.o
 .ARM.attributes
                0x000001df       0x2d ./Core/Src/usart.o
 .ARM.attributes
                0x0000020c       0x2d ./Core/Src/usr_adc.o
 .ARM.attributes
                0x00000239       0x2d ./Core/Src/usr_gpio.o
 .ARM.attributes
                0x00000266       0x2d ./Core/Src/usr_lcd.o
 .ARM.attributes
                0x00000293       0x2d ./Core/Src/usr_pwm.o
 .ARM.attributes
                0x000002c0       0x2d ./Core/Src/usr_system.o
 .ARM.attributes
                0x000002ed       0x2d ./Core/Src/usr_tim.o
 .ARM.attributes
                0x0000031a       0x2d ./Core/Src/usr_uart.o
 .ARM.attributes
                0x00000347       0x21 ./Core/Startup/startup_stm32f103c8tx.o
 .ARM.attributes
                0x00000368       0x2d ./Drivers/STM32F1xx_HAL_Driver/Src/stm32f1xx_hal.o
 .ARM.attributes
                0x00000395       0x2d ./Drivers/STM32F1xx_HAL_Driver/Src/stm32f1xx_hal_adc.o
 .ARM.attributes
                0x000003c2       0x2d ./Drivers/STM32F1xx_HAL_Driver/Src/stm32f1xx_hal_adc_ex.o
 .ARM.attributes
                0x000003ef       0x2d ./Drivers/STM32F1xx_HAL_Driver/Src/stm32f1xx_hal_cortex.o
 .ARM.attributes
                0x0000041c       0x2d ./Drivers/STM32F1xx_HAL_Driver/Src/stm32f1xx_hal_dma.o
 .ARM.attributes
                0x00000449       0x2d ./Drivers/STM32F1xx_HAL_Driver/Src/stm32f1xx_hal_gpio.o
 .ARM.attributes
                0x00000476       0x2d ./Drivers/STM32F1xx_HAL_Driver/Src/stm32f1xx_hal_i2c.o
 .ARM.attributes
                0x000004a3       0x2d ./Drivers/STM32F1xx_HAL_Driver/Src/stm32f1xx_hal_rcc.o
 .ARM.attributes
                0x000004d0       0x2d ./Drivers/STM32F1xx_HAL_Driver/Src/stm32f1xx_hal_rcc_ex.o
 .ARM.attributes
                0x000004fd       0x2d ./Drivers/STM32F1xx_HAL_Driver/Src/stm32f1xx_hal_tim.o
 .ARM.attributes
                0x0000052a       0x2d ./Drivers/STM32F1xx_HAL_Driver/Src/stm32f1xx_hal_tim_ex.o
 .ARM.attributes
                0x00000557       0x2d ./Drivers/STM32F1xx_HAL_Driver/Src/stm32f1xx_hal_uart.o
 .ARM.attributes
                0x00000584       0x2d C:/ST/STM32CubeIDE_1.15.1/STM32CubeIDE/plugins/com.st.stm32cube.ide.mcu.externaltools.gnu-tools-for-stm32.12.3.rel1.win32_1.0.100.202403111256/tools/bin/../lib/gcc/arm-none-eabi/12.3.1/../../../../arm-none-eabi/lib/thumb/v7-m/nofp\libc_nano.a(libc_a-findfp.o)
 .ARM.attributes
                0x000005b1       0x2d C:/ST/STM32CubeIDE_1.15.1/STM32CubeIDE/plugins/com.st.stm32cube.ide.mcu.externaltools.gnu-tools-for-stm32.12.3.rel1.win32_1.0.100.202403111256/tools/bin/../lib/gcc/arm-none-eabi/12.3.1/../../../../arm-none-eabi/lib/thumb/v7-m/nofp\libc_nano.a(libc_a-sprintf.o)
 .ARM.attributes
                0x000005de       0x2d C:/ST/STM32CubeIDE_1.15.1/STM32CubeIDE/plugins/com.st.stm32cube.ide.mcu.externaltools.gnu-tools-for-stm32.12.3.rel1.win32_1.0.100.202403111256/tools/bin/../lib/gcc/arm-none-eabi/12.3.1/../../../../arm-none-eabi/lib/thumb/v7-m/nofp\libc_nano.a(libc_a-memset.o)
 .ARM.attributes
                0x0000060b       0x2d C:/ST/STM32CubeIDE_1.15.1/STM32CubeIDE/plugins/com.st.stm32cube.ide.mcu.externaltools.gnu-tools-for-stm32.12.3.rel1.win32_1.0.100.202403111256/tools/bin/../lib/gcc/arm-none-eabi/12.3.1/../../../../arm-none-eabi/lib/thumb/v7-m/nofp\libc_nano.a(libc_a-reent.o)
 .ARM.attributes
                0x00000638       0x2d C:/ST/STM32CubeIDE_1.15.1/STM32CubeIDE/plugins/com.st.stm32cube.ide.mcu.externaltools.gnu-tools-for-stm32.12.3.rel1.win32_1.0.100.202403111256/tools/bin/../lib/gcc/arm-none-eabi/12.3.1/../../../../arm-none-eabi/lib/thumb/v7-m/nofp\libc_nano.a(libc_a-impure.o)
 .ARM.attributes
                0x00000665       0x2d C:/ST/STM32CubeIDE_1.15.1/STM32CubeIDE/plugins/com.st.stm32cube.ide.mcu.externaltools.gnu-tools-for-stm32.12.3.rel1.win32_1.0.100.202403111256/tools/bin/../lib/gcc/arm-none-eabi/12.3.1/../../../../arm-none-eabi/lib/thumb/v7-m/nofp\libc_nano.a(libc_a-errno.o)
 .ARM.attributes
                0x00000692       0x2d C:/ST/STM32CubeIDE_1.15.1/STM32CubeIDE/plugins/com.st.stm32cube.ide.mcu.externaltools.gnu-tools-for-stm32.12.3.rel1.win32_1.0.100.202403111256/tools/bin/../lib/gcc/arm-none-eabi/12.3.1/../../../../arm-none-eabi/lib/thumb/v7-m/nofp\libc_nano.a(libc_a-init.o)
 .ARM.attributes
                0x000006bf       0x2d C:/ST/STM32CubeIDE_1.15.1/STM32CubeIDE/plugins/com.st.stm32cube.ide.mcu.externaltools.gnu-tools-for-stm32.12.3.rel1.win32_1.0.100.202403111256/tools/bin/../lib/gcc/arm-none-eabi/12.3.1/../../../../arm-none-eabi/lib/thumb/v7-m/nofp\libc_nano.a(libc_a-lock.o)
 .ARM.attributes
                0x000006ec       0x17 C:/ST/STM32CubeIDE_1.15.1/STM32CubeIDE/plugins/com.st.stm32cube.ide.mcu.externaltools.gnu-tools-for-stm32.12.3.rel1.win32_1.0.100.202403111256/tools/bin/../lib/gcc/arm-none-eabi/12.3.1/../../../../arm-none-eabi/lib/thumb/v7-m/nofp\libc_nano.a(libc_a-strlen.o)
 .ARM.attributes
                0x00000703       0x2d C:/ST/STM32CubeIDE_1.15.1/STM32CubeIDE/plugins/com.st.stm32cube.ide.mcu.externaltools.gnu-tools-for-stm32.12.3.rel1.win32_1.0.100.202403111256/tools/bin/../lib/gcc/arm-none-eabi/12.3.1/../../../../arm-none-eabi/lib/thumb/v7-m/nofp\libc_nano.a(libc_a-freer.o)
 .ARM.attributes
                0x00000730       0x2d C:/ST/STM32CubeIDE_1.15.1/STM32CubeIDE/plugins/com.st.stm32cube.ide.mcu.externaltools.gnu-tools-for-stm32.12.3.rel1.win32_1.0.100.202403111256/tools/bin/../lib/gcc/arm-none-eabi/12.3.1/../../../../arm-none-eabi/lib/thumb/v7-m/nofp\libc_nano.a(libc_a-mallocr.o)
 .ARM.attributes
                0x0000075d       0x2d C:/ST/STM32CubeIDE_1.15.1/STM32CubeIDE/plugins/com.st.stm32cube.ide.mcu.externaltools.gnu-tools-for-stm32.12.3.rel1.win32_1.0.100.202403111256/tools/bin/../lib/gcc/arm-none-eabi/12.3.1/../../../../arm-none-eabi/lib/thumb/v7-m/nofp\libc_nano.a(libc_a-mlock.o)
 .ARM.attributes
                0x0000078a       0x2d C:/ST/STM32CubeIDE_1.15.1/STM32CubeIDE/plugins/com.st.stm32cube.ide.mcu.externaltools.gnu-tools-for-stm32.12.3.rel1.win32_1.0.100.202403111256/tools/bin/../lib/gcc/arm-none-eabi/12.3.1/../../../../arm-none-eabi/lib/thumb/v7-m/nofp\libc_nano.a(libc_a-nano-svfprintf.o)
 .ARM.attributes
                0x000007b7       0x2d C:/ST/STM32CubeIDE_1.15.1/STM32CubeIDE/plugins/com.st.stm32cube.ide.mcu.externaltools.gnu-tools-for-stm32.12.3.rel1.win32_1.0.100.202403111256/tools/bin/../lib/gcc/arm-none-eabi/12.3.1/../../../../arm-none-eabi/lib/thumb/v7-m/nofp\libc_nano.a(libc_a-nano-vfprintf_i.o)
 .ARM.attributes
                0x000007e4       0x2d C:/ST/STM32CubeIDE_1.15.1/STM32CubeIDE/plugins/com.st.stm32cube.ide.mcu.externaltools.gnu-tools-for-stm32.12.3.rel1.win32_1.0.100.202403111256/tools/bin/../lib/gcc/arm-none-eabi/12.3.1/../../../../arm-none-eabi/lib/thumb/v7-m/nofp\libc_nano.a(libc_a-memmove.o)
 .ARM.attributes
                0x00000811       0x2d C:/ST/STM32CubeIDE_1.15.1/STM32CubeIDE/plugins/com.st.stm32cube.ide.mcu.externaltools.gnu-tools-for-stm32.12.3.rel1.win32_1.0.100.202403111256/tools/bin/../lib/gcc/arm-none-eabi/12.3.1/../../../../arm-none-eabi/lib/thumb/v7-m/nofp\libc_nano.a(libc_a-sbrkr.o)
 .ARM.attributes
                0x0000083e       0x2d C:/ST/STM32CubeIDE_1.15.1/STM32CubeIDE/plugins/com.st.stm32cube.ide.mcu.externaltools.gnu-tools-for-stm32.12.3.rel1.win32_1.0.100.202403111256/tools/bin/../lib/gcc/arm-none-eabi/12.3.1/../../../../arm-none-eabi/lib/thumb/v7-m/nofp\libc_nano.a(libc_a-memchr-stub.o)
 .ARM.attributes
                0x0000086b       0x2d C:/ST/STM32CubeIDE_1.15.1/STM32CubeIDE/plugins/com.st.stm32cube.ide.mcu.externaltools.gnu-tools-for-stm32.12.3.rel1.win32_1.0.100.202403111256/tools/bin/../lib/gcc/arm-none-eabi/12.3.1/../../../../arm-none-eabi/lib/thumb/v7-m/nofp\libc_nano.a(libc_a-memcpy-stub.o)
 .ARM.attributes
                0x00000898       0x2d C:/ST/STM32CubeIDE_1.15.1/STM32CubeIDE/plugins/com.st.stm32cube.ide.mcu.externaltools.gnu-tools-for-stm32.12.3.rel1.win32_1.0.100.202403111256/tools/bin/../lib/gcc/arm-none-eabi/12.3.1/../../../../arm-none-eabi/lib/thumb/v7-m/nofp\libc_nano.a(libc_a-reallocr.o)
 .ARM.attributes
                0x000008c5       0x2d C:/ST/STM32CubeIDE_1.15.1/STM32CubeIDE/plugins/com.st.stm32cube.ide.mcu.externaltools.gnu-tools-for-stm32.12.3.rel1.win32_1.0.100.202403111256/tools/bin/../lib/gcc/arm-none-eabi/12.3.1/../../../../arm-none-eabi/lib/thumb/v7-m/nofp\libc_nano.a(libc_a-msizer.o)
 .ARM.attributes
                0x000008f2       0x1d C:/ST/STM32CubeIDE_1.15.1/STM32CubeIDE/plugins/com.st.stm32cube.ide.mcu.externaltools.gnu-tools-for-stm32.12.3.rel1.win32_1.0.100.202403111256/tools/bin/../lib/gcc/arm-none-eabi/12.3.1/thumb/v7-m/nofp\libgcc.a(_arm_muldf3.o)
 .ARM.attributes
                0x0000090f       0x1d C:/ST/STM32CubeIDE_1.15.1/STM32CubeIDE/plugins/com.st.stm32cube.ide.mcu.externaltools.gnu-tools-for-stm32.12.3.rel1.win32_1.0.100.202403111256/tools/bin/../lib/gcc/arm-none-eabi/12.3.1/thumb/v7-m/nofp\libgcc.a(_arm_addsubdf3.o)
 .ARM.attributes
                0x0000092c       0x1d C:/ST/STM32CubeIDE_1.15.1/STM32CubeIDE/plugins/com.st.stm32cube.ide.mcu.externaltools.gnu-tools-for-stm32.12.3.rel1.win32_1.0.100.202403111256/tools/bin/../lib/gcc/arm-none-eabi/12.3.1/thumb/v7-m/nofp\libgcc.a(_arm_fixunsdfsi.o)
 .ARM.attributes
                0x00000949       0x1d C:/ST/STM32CubeIDE_1.15.1/STM32CubeIDE/plugins/com.st.stm32cube.ide.mcu.externaltools.gnu-tools-for-stm32.12.3.rel1.win32_1.0.100.202403111256/tools/bin/../lib/gcc/arm-none-eabi/12.3.1/thumb/v7-m/nofp/crtn.o
OUTPUT(cubemx_project_compPwmPolarity_02.elf elf32-littlearm)
LOAD linker stubs
LOAD C:/ST/STM32CubeIDE_1.15.1/STM32CubeIDE/plugins/com.st.stm32cube.ide.mcu.externaltools.gnu-tools-for-stm32.12.3.rel1.win32_1.0.100.202403111256/tools/bin/../lib/gcc/arm-none-eabi/12.3.1/../../../../arm-none-eabi/lib/thumb/v7-m/nofp\libc.a
LOAD C:/ST/STM32CubeIDE_1.15.1/STM32CubeIDE/plugins/com.st.stm32cube.ide.mcu.externaltools.gnu-tools-for-stm32.12.3.rel1.win32_1.0.100.202403111256/tools/bin/../lib/gcc/arm-none-eabi/12.3.1/../../../../arm-none-eabi/lib/thumb/v7-m/nofp\libm.a
LOAD C:/ST/STM32CubeIDE_1.15.1/STM32CubeIDE/plugins/com.st.stm32cube.ide.mcu.externaltools.gnu-tools-for-stm32.12.3.rel1.win32_1.0.100.202403111256/tools/bin/../lib/gcc/arm-none-eabi/12.3.1/thumb/v7-m/nofp\libgcc.a

.debug_info     0x00000000    0x148b5
 .debug_info    0x00000000      0x94a ./Core/Src/adc.o
 .debug_info    0x0000094a      0x2b7 ./Core/Src/gpio.o
 .debug_info    0x00000c01      0x879 ./Core/Src/i2c.o
 .debug_info    0x0000147a      0x348 ./Core/Src/main.o
 .debug_info    0x000017c2      0x370 ./Core/Src/stm32f1xx_hal_msp.o
 .debug_info    0x00001b32      0xbfe ./Core/Src/stm32f1xx_it.o
 .debug_info    0x00002730      0x168 ./Core/Src/sysmem.o
 .debug_info    0x00002898      0x222 ./Core/Src/system_stm32f1xx.o
 .debug_info    0x00002aba      0xd6d ./Core/Src/tim.o
 .debug_info    0x00003827      0x9be ./Core/Src/usart.o
 .debug_info    0x000041e5      0x97f ./Core/Src/usr_adc.o
 .debug_info    0x00004b64      0x12f ./Core/Src/usr_gpio.o
 .debug_info    0x00004c93      0xaec ./Core/Src/usr_lcd.o
 .debug_info    0x0000577f      0x88a ./Core/Src/usr_pwm.o
 .debug_info    0x00006009      0xaa1 ./Core/Src/usr_system.o
 .debug_info    0x00006aaa      0x4f0 ./Core/Src/usr_tim.o
 .debug_info    0x00006f9a      0x65b ./Core/Src/usr_uart.o
 .debug_info    0x000075f5       0x30 ./Core/Startup/startup_stm32f103c8tx.o
 .debug_info    0x00007625      0x704 ./Drivers/STM32F1xx_HAL_Driver/Src/stm32f1xx_hal.o
 .debug_info    0x00007d29      0xc50 ./Drivers/STM32F1xx_HAL_Driver/Src/stm32f1xx_hal_adc.o
 .debug_info    0x00008979      0xa10 ./Drivers/STM32F1xx_HAL_Driver/Src/stm32f1xx_hal_adc_ex.o
 .debug_info    0x00009389      0xa87 ./Drivers/STM32F1xx_HAL_Driver/Src/stm32f1xx_hal_cortex.o
 .debug_info    0x00009e10      0x6d2 ./Drivers/STM32F1xx_HAL_Driver/Src/stm32f1xx_hal_dma.o
 .debug_info    0x0000a4e2      0x5ab ./Drivers/STM32F1xx_HAL_Driver/Src/stm32f1xx_hal_gpio.o
 .debug_info    0x0000aa8d     0x2515 ./Drivers/STM32F1xx_HAL_Driver/Src/stm32f1xx_hal_i2c.o
 .debug_info    0x0000cfa2      0x7d5 ./Drivers/STM32F1xx_HAL_Driver/Src/stm32f1xx_hal_rcc.o
 .debug_info    0x0000d777      0x3c0 ./Drivers/STM32F1xx_HAL_Driver/Src/stm32f1xx_hal_rcc_ex.o
 .debug_info    0x0000db37     0x293b ./Drivers/STM32F1xx_HAL_Driver/Src/stm32f1xx_hal_tim.o
 .debug_info    0x00010472     0x149b ./Drivers/STM32F1xx_HAL_Driver/Src/stm32f1xx_hal_tim_ex.o
 .debug_info    0x0001190d     0x2fa8 ./Drivers/STM32F1xx_HAL_Driver/Src/stm32f1xx_hal_uart.o

.debug_abbrev   0x00000000     0x3842
 .debug_abbrev  0x00000000      0x200 ./Core/Src/adc.o
 .debug_abbrev  0x00000200      0x13f ./Core/Src/gpio.o
 .debug_abbrev  0x0000033f      0x1ef ./Core/Src/i2c.o
 .debug_abbrev  0x0000052e      0x194 ./Core/Src/main.o
 .debug_abbrev  0x000006c2      0x11e ./Core/Src/stm32f1xx_hal_msp.o
 .debug_abbrev  0x000007e0      0x1f1 ./Core/Src/stm32f1xx_it.o
 .debug_abbrev  0x000009d1       0xbc ./Core/Src/sysmem.o
 .debug_abbrev  0x00000a8d      0x13f ./Core/Src/system_stm32f1xx.o
 .debug_abbrev  0x00000bcc      0x245 ./Core/Src/tim.o
 .debug_abbrev  0x00000e11      0x216 ./Core/Src/usart.o
 .debug_abbrev  0x00001027      0x252 ./Core/Src/usr_adc.o
 .debug_abbrev  0x00001279       0x9f ./Core/Src/usr_gpio.o
 .debug_abbrev  0x00001318      0x23d ./Core/Src/usr_lcd.o
 .debug_abbrev  0x00001555      0x1cd ./Core/Src/usr_pwm.o
 .debug_abbrev  0x00001722      0x229 ./Core/Src/usr_system.o
 .debug_abbrev  0x0000194b      0x14d ./Core/Src/usr_tim.o
 .debug_abbrev  0x00001a98      0x17b ./Core/Src/usr_uart.o
 .debug_abbrev  0x00001c13       0x24 ./Core/Startup/startup_stm32f103c8tx.o
 .debug_abbrev  0x00001c37      0x201 ./Drivers/STM32F1xx_HAL_Driver/Src/stm32f1xx_hal.o
 .debug_abbrev  0x00001e38      0x225 ./Drivers/STM32F1xx_HAL_Driver/Src/stm32f1xx_hal_adc.o
 .debug_abbrev  0x0000205d      0x249 ./Drivers/STM32F1xx_HAL_Driver/Src/stm32f1xx_hal_adc_ex.o
 .debug_abbrev  0x000022a6      0x2f8 ./Drivers/STM32F1xx_HAL_Driver/Src/stm32f1xx_hal_cortex.o
 .debug_abbrev  0x0000259e      0x20b ./Drivers/STM32F1xx_HAL_Driver/Src/stm32f1xx_hal_dma.o
 .debug_abbrev  0x000027a9      0x1ca ./Drivers/STM32F1xx_HAL_Driver/Src/stm32f1xx_hal_gpio.o
 .debug_abbrev  0x00002973      0x2a3 ./Drivers/STM32F1xx_HAL_Driver/Src/stm32f1xx_hal_i2c.o
 .debug_abbrev  0x00002c16      0x2b3 ./Drivers/STM32F1xx_HAL_Driver/Src/stm32f1xx_hal_rcc.o
 .debug_abbrev  0x00002ec9      0x188 ./Drivers/STM32F1xx_HAL_Driver/Src/stm32f1xx_hal_rcc_ex.o
 .debug_abbrev  0x00003051      0x277 ./Drivers/STM32F1xx_HAL_Driver/Src/stm32f1xx_hal_tim.o
 .debug_abbrev  0x000032c8      0x282 ./Drivers/STM32F1xx_HAL_Driver/Src/stm32f1xx_hal_tim_ex.o
 .debug_abbrev  0x0000354a      0x2f8 ./Drivers/STM32F1xx_HAL_Driver/Src/stm32f1xx_hal_uart.o

.debug_aranges  0x00000000     0x1288
 .debug_aranges
                0x00000000       0x30 ./Core/Src/adc.o
 .debug_aranges
                0x00000030       0x20 ./Core/Src/gpio.o
 .debug_aranges
                0x00000050       0x30 ./Core/Src/i2c.o
 .debug_aranges
                0x00000080       0x30 ./Core/Src/main.o
 .debug_aranges
                0x000000b0       0x20 ./Core/Src/stm32f1xx_hal_msp.o
 .debug_aranges
                0x000000d0       0x88 ./Core/Src/stm32f1xx_it.o
 .debug_aranges
                0x00000158       0x20 ./Core/Src/sysmem.o
 .debug_aranges
                0x00000178       0x28 ./Core/Src/system_stm32f1xx.o
 .debug_aranges
                0x000001a0       0x40 ./Core/Src/tim.o
 .debug_aranges
                0x000001e0       0x30 ./Core/Src/usart.o
 .debug_aranges
                0x00000210       0x40 ./Core/Src/usr_adc.o
 .debug_aranges
                0x00000250       0x20 ./Core/Src/usr_gpio.o
 .debug_aranges
                0x00000270       0x50 ./Core/Src/usr_lcd.o
 .debug_aranges
                0x000002c0       0x58 ./Core/Src/usr_pwm.o
 .debug_aranges
                0x00000318       0x30 ./Core/Src/usr_system.o
 .debug_aranges
                0x00000348       0x28 ./Core/Src/usr_tim.o
 .debug_aranges
                0x00000370       0x20 ./Core/Src/usr_uart.o
 .debug_aranges
                0x00000390       0x28 ./Core/Startup/startup_stm32f103c8tx.o
 .debug_aranges
                0x000003b8       0xe0 ./Drivers/STM32F1xx_HAL_Driver/Src/stm32f1xx_hal.o
 .debug_aranges
                0x00000498       0xf0 ./Drivers/STM32F1xx_HAL_Driver/Src/stm32f1xx_hal_adc.o
 .debug_aranges
                0x00000588       0x80 ./Drivers/STM32F1xx_HAL_Driver/Src/stm32f1xx_hal_adc_ex.o
 .debug_aranges
                0x00000608      0x100 ./Drivers/STM32F1xx_HAL_Driver/Src/stm32f1xx_hal_cortex.o
 .debug_aranges
                0x00000708       0x80 ./Drivers/STM32F1xx_HAL_Driver/Src/stm32f1xx_hal_dma.o
 .debug_aranges
                0x00000788       0x58 ./Drivers/STM32F1xx_HAL_Driver/Src/stm32f1xx_hal_gpio.o
 .debug_aranges
                0x000007e0      0x2a8 ./Drivers/STM32F1xx_HAL_Driver/Src/stm32f1xx_hal_i2c.o
 .debug_aranges
                0x00000a88       0x90 ./Drivers/STM32F1xx_HAL_Driver/Src/stm32f1xx_hal_rcc.o
 .debug_aranges
                0x00000b18       0x30 ./Drivers/STM32F1xx_HAL_Driver/Src/stm32f1xx_hal_rcc_ex.o
 .debug_aranges
                0x00000b48      0x3d0 ./Drivers/STM32F1xx_HAL_Driver/Src/stm32f1xx_hal_tim.o
 .debug_aranges
                0x00000f18      0x168 ./Drivers/STM32F1xx_HAL_Driver/Src/stm32f1xx_hal_tim_ex.o
 .debug_aranges
                0x00001080      0x208 ./Drivers/STM32F1xx_HAL_Driver/Src/stm32f1xx_hal_uart.o

.debug_rnglists
                0x00000000      0xe68
 .debug_rnglists
                0x00000000       0x20 ./Core/Src/adc.o
 .debug_rnglists
                0x00000020       0x14 ./Core/Src/gpio.o
 .debug_rnglists
                0x00000034       0x20 ./Core/Src/i2c.o
 .debug_rnglists
                0x00000054       0x20 ./Core/Src/main.o
 .debug_rnglists
                0x00000074       0x13 ./Core/Src/stm32f1xx_hal_msp.o
 .debug_rnglists
                0x00000087       0x61 ./Core/Src/stm32f1xx_it.o
 .debug_rnglists
                0x000000e8       0x13 ./Core/Src/sysmem.o
 .debug_rnglists
                0x000000fb       0x1a ./Core/Src/system_stm32f1xx.o
 .debug_rnglists
                0x00000115       0x2e ./Core/Src/tim.o
 .debug_rnglists
                0x00000143       0x20 ./Core/Src/usart.o
 .debug_rnglists
                0x00000163       0x2c ./Core/Src/usr_adc.o
 .debug_rnglists
                0x0000018f       0x13 ./Core/Src/usr_gpio.o
 .debug_rnglists
                0x000001a2       0x38 ./Core/Src/usr_lcd.o
 .debug_rnglists
                0x000001da       0x43 ./Core/Src/usr_pwm.o
 .debug_rnglists
                0x0000021d       0x20 ./Core/Src/usr_system.o
 .debug_rnglists
                0x0000023d       0x19 ./Core/Src/usr_tim.o
 .debug_rnglists
                0x00000256       0x13 ./Core/Src/usr_uart.o
 .debug_rnglists
                0x00000269       0x19 ./Core/Startup/startup_stm32f103c8tx.o
 .debug_rnglists
                0x00000282       0xa3 ./Drivers/STM32F1xx_HAL_Driver/Src/stm32f1xx_hal.o
 .debug_rnglists
                0x00000325       0xbc ./Drivers/STM32F1xx_HAL_Driver/Src/stm32f1xx_hal_adc.o
 .debug_rnglists
                0x000003e1       0x65 ./Drivers/STM32F1xx_HAL_Driver/Src/stm32f1xx_hal_adc_ex.o
 .debug_rnglists
                0x00000446       0xbb ./Drivers/STM32F1xx_HAL_Driver/Src/stm32f1xx_hal_cortex.o
 .debug_rnglists
                0x00000501       0x64 ./Drivers/STM32F1xx_HAL_Driver/Src/stm32f1xx_hal_dma.o
 .debug_rnglists
                0x00000565       0x3f ./Drivers/STM32F1xx_HAL_Driver/Src/stm32f1xx_hal_gpio.o
 .debug_rnglists
                0x000005a4      0x23c ./Drivers/STM32F1xx_HAL_Driver/Src/stm32f1xx_hal_i2c.o
 .debug_rnglists
                0x000007e0       0x6c ./Drivers/STM32F1xx_HAL_Driver/Src/stm32f1xx_hal_rcc.o
 .debug_rnglists
                0x0000084c       0x21 ./Drivers/STM32F1xx_HAL_Driver/Src/stm32f1xx_hal_rcc_ex.o
 .debug_rnglists
                0x0000086d      0x31a ./Drivers/STM32F1xx_HAL_Driver/Src/stm32f1xx_hal_tim.o
 .debug_rnglists
                0x00000b87      0x125 ./Drivers/STM32F1xx_HAL_Driver/Src/stm32f1xx_hal_tim_ex.o
 .debug_rnglists
                0x00000cac      0x1bc ./Drivers/STM32F1xx_HAL_Driver/Src/stm32f1xx_hal_uart.o

.debug_macro    0x00000000    0x1b8b8
 .debug_macro   0x00000000      0x1da ./Core/Src/adc.o
 .debug_macro   0x000001da      0xaa8 ./Core/Src/adc.o
 .debug_macro   0x00000c82      0x227 ./Core/Src/adc.o
 .debug_macro   0x00000ea9       0x2e ./Core/Src/adc.o
 .debug_macro   0x00000ed7       0x22 ./Core/Src/adc.o
 .debug_macro   0x00000ef9       0x22 ./Core/Src/adc.o
 .debug_macro   0x00000f1b       0x8e ./Core/Src/adc.o
 .debug_macro   0x00000fa9       0x51 ./Core/Src/adc.o
 .debug_macro   0x00000ffa      0x103 ./Core/Src/adc.o
 .debug_macro   0x000010fd       0x6a ./Core/Src/adc.o
 .debug_macro   0x00001167      0x1df ./Core/Src/adc.o
 .debug_macro   0x00001346       0x1c ./Core/Src/adc.o
 .debug_macro   0x00001362       0x22 ./Core/Src/adc.o
 .debug_macro   0x00001384       0xbd ./Core/Src/adc.o
 .debug_macro   0x00001441      0xd23 ./Core/Src/adc.o
 .debug_macro   0x00002164     0xe09e ./Core/Src/adc.o
 .debug_macro   0x00010202       0x6d ./Core/Src/adc.o
 .debug_macro   0x0001026f     0x348d ./Core/Src/adc.o
 .debug_macro   0x000136fc      0x189 ./Core/Src/adc.o
 .debug_macro   0x00013885       0x5c ./Core/Src/adc.o
 .debug_macro   0x000138e1      0x5bc ./Core/Src/adc.o
 .debug_macro   0x00013e9d      0x289 ./Core/Src/adc.o
 .debug_macro   0x00014126      0x1cb ./Core/Src/adc.o
 .debug_macro   0x000142f1      0x114 ./Core/Src/adc.o
 .debug_macro   0x00014405      0x1b2 ./Core/Src/adc.o
 .debug_macro   0x000145b7       0x27 ./Core/Src/adc.o
 .debug_macro   0x000145de      0x136 ./Core/Src/adc.o
 .debug_macro   0x00014714      0x1bc ./Core/Src/adc.o
 .debug_macro   0x000148d0       0x34 ./Core/Src/adc.o
 .debug_macro   0x00014904       0x3c ./Core/Src/adc.o
 .debug_macro   0x00014940       0x57 ./Core/Src/adc.o
 .debug_macro   0x00014997      0x46a ./Core/Src/adc.o
 .debug_macro   0x00014e01      0x1b5 ./Core/Src/adc.o
 .debug_macro   0x00014fb6       0x87 ./Core/Src/adc.o
 .debug_macro   0x0001503d      0x240 ./Core/Src/adc.o
 .debug_macro   0x0001527d      0x287 ./Core/Src/adc.o
 .debug_macro   0x00015504      0x140 ./Core/Src/adc.o
 .debug_macro   0x00015644      0x8ed ./Core/Src/adc.o
 .debug_macro   0x00015f31      0x28e ./Core/Src/adc.o
 .debug_macro   0x000161bf       0x83 ./Core/Src/adc.o
 .debug_macro   0x00016242       0x28 ./Core/Src/adc.o
 .debug_macro   0x0001626a      0x1da ./Core/Src/gpio.o
 .debug_macro   0x00016444      0x1da ./Core/Src/i2c.o
 .debug_macro   0x0001661e      0x3d4 ./Core/Src/main.o
 .debug_macro   0x000169f2       0x16 ./Core/Src/main.o
 .debug_macro   0x00016a08       0x61 ./Core/Src/main.o
 .debug_macro   0x00016a69       0x24 ./Core/Src/main.o
 .debug_macro   0x00016a8d       0x43 ./Core/Src/main.o
 .debug_macro   0x00016ad0       0x34 ./Core/Src/main.o
 .debug_macro   0x00016b04       0x16 ./Core/Src/main.o
 .debug_macro   0x00016b1a       0x35 ./Core/Src/main.o
 .debug_macro   0x00016b4f      0x369 ./Core/Src/main.o
 .debug_macro   0x00016eb8       0x10 ./Core/Src/main.o
 .debug_macro   0x00016ec8       0x16 ./Core/Src/main.o
 .debug_macro   0x00016ede       0x43 ./Core/Src/main.o
 .debug_macro   0x00016f21       0x34 ./Core/Src/main.o
 .debug_macro   0x00016f55       0x10 ./Core/Src/main.o
 .debug_macro   0x00016f65       0x58 ./Core/Src/main.o
 .debug_macro   0x00016fbd       0x8e ./Core/Src/main.o
 .debug_macro   0x0001704b       0x1c ./Core/Src/main.o
 .debug_macro   0x00017067      0x177 ./Core/Src/main.o
 .debug_macro   0x000171de       0x16 ./Core/Src/main.o
 .debug_macro   0x000171f4       0x16 ./Core/Src/main.o
 .debug_macro   0x0001720a      0x146 ./Core/Src/main.o
 .debug_macro   0x00017350       0x16 ./Core/Src/main.o
 .debug_macro   0x00017366       0x16 ./Core/Src/main.o
 .debug_macro   0x0001737c       0x29 ./Core/Src/main.o
 .debug_macro   0x000173a5       0x22 ./Core/Src/main.o
 .debug_macro   0x000173c7       0x16 ./Core/Src/main.o
 .debug_macro   0x000173dd       0x20 ./Core/Src/main.o
 .debug_macro   0x000173fd      0x11f ./Core/Src/main.o
 .debug_macro   0x0001751c      0x19b ./Core/Src/main.o
 .debug_macro   0x000176b7       0xf4 ./Core/Src/main.o
 .debug_macro   0x000177ab       0x10 ./Core/Src/main.o
 .debug_macro   0x000177bb       0x1c ./Core/Src/main.o
 .debug_macro   0x000177d7       0x16 ./Core/Src/main.o
 .debug_macro   0x000177ed      0x1d0 ./Core/Src/stm32f1xx_hal_msp.o
 .debug_macro   0x000179bd      0x3ca ./Core/Src/stm32f1xx_it.o
 .debug_macro   0x00017d87       0xff ./Core/Src/sysmem.o
 .debug_macro   0x00017e86      0x23c ./Core/Src/sysmem.o
 .debug_macro   0x000180c2      0x1c1 ./Core/Src/system_stm32f1xx.o
 .debug_macro   0x00018283      0x1da ./Core/Src/tim.o
 .debug_macro   0x0001845d      0x1da ./Core/Src/usart.o
 .debug_macro   0x00018637      0x3c1 ./Core/Src/usr_adc.o
 .debug_macro   0x000189f8       0x9e ./Core/Src/usr_adc.o
 .debug_macro   0x00018a96      0x10b ./Core/Src/usr_adc.o
 .debug_macro   0x00018ba1       0x56 ./Core/Src/usr_adc.o
 .debug_macro   0x00018bf7      0x3ba ./Core/Src/usr_gpio.o
 .debug_macro   0x00018fb1      0x3c1 ./Core/Src/usr_lcd.o
 .debug_macro   0x00019372      0x3c0 ./Core/Src/usr_pwm.o
 .debug_macro   0x00019732       0x16 ./Core/Src/usr_pwm.o
 .debug_macro   0x00019748      0x3c0 ./Core/Src/usr_system.o
 .debug_macro   0x00019b08       0x10 ./Core/Src/usr_system.o
 .debug_macro   0x00019b18      0x3ba ./Core/Src/usr_tim.o
 .debug_macro   0x00019ed2      0x3ba ./Core/Src/usr_uart.o
 .debug_macro   0x0001a28c      0x1e5 ./Drivers/STM32F1xx_HAL_Driver/Src/stm32f1xx_hal.o
 .debug_macro   0x0001a471      0x1de ./Drivers/STM32F1xx_HAL_Driver/Src/stm32f1xx_hal_adc.o
 .debug_macro   0x0001a64f      0x1d3 ./Drivers/STM32F1xx_HAL_Driver/Src/stm32f1xx_hal_adc_ex.o
 .debug_macro   0x0001a822      0x1c1 ./Drivers/STM32F1xx_HAL_Driver/Src/stm32f1xx_hal_cortex.o
 .debug_macro   0x0001a9e3      0x1c1 ./Drivers/STM32F1xx_HAL_Driver/Src/stm32f1xx_hal_dma.o
 .debug_macro   0x0001aba4      0x22c ./Drivers/STM32F1xx_HAL_Driver/Src/stm32f1xx_hal_gpio.o
 .debug_macro   0x0001add0      0x20f ./Drivers/STM32F1xx_HAL_Driver/Src/stm32f1xx_hal_i2c.o
 .debug_macro   0x0001afdf      0x1d3 ./Drivers/STM32F1xx_HAL_Driver/Src/stm32f1xx_hal_rcc.o
 .debug_macro   0x0001b1b2      0x1c1 ./Drivers/STM32F1xx_HAL_Driver/Src/stm32f1xx_hal_rcc_ex.o
 .debug_macro   0x0001b373      0x1c2 ./Drivers/STM32F1xx_HAL_Driver/Src/stm32f1xx_hal_tim.o
 .debug_macro   0x0001b535      0x1c1 ./Drivers/STM32F1xx_HAL_Driver/Src/stm32f1xx_hal_tim_ex.o
 .debug_macro   0x0001b6f6      0x1c2 ./Drivers/STM32F1xx_HAL_Driver/Src/stm32f1xx_hal_uart.o

.debug_line     0x00000000    0x1b555
 .debug_line    0x00000000      0x7bf ./Core/Src/adc.o
 .debug_line    0x000007bf      0x765 ./Core/Src/gpio.o
 .debug_line    0x00000f24      0x7b3 ./Core/Src/i2c.o
 .debug_line    0x000016d7      0xa41 ./Core/Src/main.o
 .debug_line    0x00002118      0x74f ./Core/Src/stm32f1xx_hal_msp.o
 .debug_line    0x00002867      0xb07 ./Core/Src/stm32f1xx_it.o
 .debug_line    0x0000336e      0x583 ./Core/Src/sysmem.o
 .debug_line    0x000038f1      0x7cb ./Core/Src/system_stm32f1xx.o
 .debug_line    0x000040bc      0x8d6 ./Core/Src/tim.o
 .debug_line    0x00004992      0x7c0 ./Core/Src/usart.o
 .debug_line    0x00005152      0xcc7 ./Core/Src/usr_adc.o
 .debug_line    0x00005e19      0x9b7 ./Core/Src/usr_gpio.o
 .debug_line    0x000067d0      0xaf4 ./Core/Src/usr_lcd.o
 .debug_line    0x000072c4      0xbc2 ./Core/Src/usr_pwm.o
 .debug_line    0x00007e86      0xa72 ./Core/Src/usr_system.o
 .debug_line    0x000088f8      0x9fb ./Core/Src/usr_tim.o
 .debug_line    0x000092f3      0x9c6 ./Core/Src/usr_uart.o
 .debug_line    0x00009cb9       0x78 ./Core/Startup/startup_stm32f103c8tx.o
 .debug_line    0x00009d31      0x9f8 ./Drivers/STM32F1xx_HAL_Driver/Src/stm32f1xx_hal.o
 .debug_line    0x0000a729     0x1075 ./Drivers/STM32F1xx_HAL_Driver/Src/stm32f1xx_hal_adc.o
 .debug_line    0x0000b79e      0xdaf ./Drivers/STM32F1xx_HAL_Driver/Src/stm32f1xx_hal_adc_ex.o
 .debug_line    0x0000c54d      0xbe4 ./Drivers/STM32F1xx_HAL_Driver/Src/stm32f1xx_hal_cortex.o
 .debug_line    0x0000d131      0xe51 ./Drivers/STM32F1xx_HAL_Driver/Src/stm32f1xx_hal_dma.o
 .debug_line    0x0000df82      0xa91 ./Drivers/STM32F1xx_HAL_Driver/Src/stm32f1xx_hal_gpio.o
 .debug_line    0x0000ea13     0x3c65 ./Drivers/STM32F1xx_HAL_Driver/Src/stm32f1xx_hal_i2c.o
 .debug_line    0x00012678      0xe01 ./Drivers/STM32F1xx_HAL_Driver/Src/stm32f1xx_hal_rcc.o
 .debug_line    0x00013479      0x942 ./Drivers/STM32F1xx_HAL_Driver/Src/stm32f1xx_hal_rcc_ex.o
 .debug_line    0x00013dbb     0x3502 ./Drivers/STM32F1xx_HAL_Driver/Src/stm32f1xx_hal_tim.o
 .debug_line    0x000172bd     0x1957 ./Drivers/STM32F1xx_HAL_Driver/Src/stm32f1xx_hal_tim_ex.o
 .debug_line    0x00018c14     0x2941 ./Drivers/STM32F1xx_HAL_Driver/Src/stm32f1xx_hal_uart.o

.debug_str      0x00000000    0x939d5
 .debug_str     0x00000000    0x89cb3 ./Core/Src/adc.o
                              0x8a12a (size before relaxing)
 .debug_str     0x00089cb3       0x68 ./Core/Src/gpio.o
                              0x89a6a (size before relaxing)
 .debug_str     0x00089d1b      0x2cf ./Core/Src/i2c.o
                              0x89f52 (size before relaxing)
 .debug_str     0x00089fea     0x50bd ./Core/Src/main.o
                              0x8eac3 (size before relaxing)
 .debug_str     0x0008f0a7       0x2c ./Core/Src/stm32f1xx_hal_msp.o
                              0x89cf9 (size before relaxing)
 .debug_str     0x0008f0d3      0x5ac ./Core/Src/stm32f1xx_it.o
                              0x8f198 (size before relaxing)
 .debug_str     0x0008f67f      0x4dc ./Core/Src/sysmem.o
                               0x6090 (size before relaxing)
 .debug_str     0x0008fb5b       0x7e ./Core/Src/system_stm32f1xx.o
                              0x89982 (size before relaxing)
 .debug_str     0x0008fbd9      0x302 ./Core/Src/tim.o
                              0x8a579 (size before relaxing)
 .debug_str     0x0008fedb       0x51 ./Core/Src/usart.o
                              0x8a1fb (size before relaxing)
 .debug_str     0x0008ff2c      0x230 ./Core/Src/usr_adc.o
                              0x8ee26 (size before relaxing)
 .debug_str     0x0009015c       0x23 ./Core/Src/usr_gpio.o
                              0x8e83c (size before relaxing)
 .debug_str     0x0009017f      0x12c ./Core/Src/usr_lcd.o
                              0x8f041 (size before relaxing)
 .debug_str     0x000902ab       0x56 ./Core/Src/usr_pwm.o
                              0x8edb2 (size before relaxing)
 .debug_str     0x00090301       0x9f ./Core/Src/usr_system.o
                              0x8efaf (size before relaxing)
 .debug_str     0x000903a0       0x98 ./Core/Src/usr_tim.o
                              0x8ec18 (size before relaxing)
 .debug_str     0x00090438       0x52 ./Core/Src/usr_uart.o
                              0x8ecb5 (size before relaxing)
 .debug_str     0x0009048a       0x44 ./Core/Startup/startup_stm32f103c8tx.o
                                 0x9b (size before relaxing)
 .debug_str     0x000904ce      0x384 ./Drivers/STM32F1xx_HAL_Driver/Src/stm32f1xx_hal.o
                              0x8a0b5 (size before relaxing)
 .debug_str     0x00090852      0x33a ./Drivers/STM32F1xx_HAL_Driver/Src/stm32f1xx_hal_adc.o
                              0x8a066 (size before relaxing)
 .debug_str     0x00090b8c      0x2bc ./Drivers/STM32F1xx_HAL_Driver/Src/stm32f1xx_hal_adc_ex.o
                              0x8a036 (size before relaxing)
 .debug_str     0x00090e48      0x231 ./Drivers/STM32F1xx_HAL_Driver/Src/stm32f1xx_hal_cortex.o
                              0x8a001 (size before relaxing)
 .debug_str     0x00091079      0x216 ./Drivers/STM32F1xx_HAL_Driver/Src/stm32f1xx_hal_dma.o
                              0x89d2b (size before relaxing)
 .debug_str     0x0009128f      0x2c1 ./Drivers/STM32F1xx_HAL_Driver/Src/stm32f1xx_hal_gpio.o
                              0x89d08 (size before relaxing)
 .debug_str     0x00091550      0xb79 ./Drivers/STM32F1xx_HAL_Driver/Src/stm32f1xx_hal_i2c.o
                              0x8aa49 (size before relaxing)
 .debug_str     0x000920c9      0x209 ./Drivers/STM32F1xx_HAL_Driver/Src/stm32f1xx_hal_rcc.o
                              0x89db1 (size before relaxing)
 .debug_str     0x000922d2       0x84 ./Drivers/STM32F1xx_HAL_Driver/Src/stm32f1xx_hal_rcc_ex.o
                              0x89b01 (size before relaxing)
 .debug_str     0x00092356      0xce8 ./Drivers/STM32F1xx_HAL_Driver/Src/stm32f1xx_hal_tim.o
                              0x8ada3 (size before relaxing)
 .debug_str     0x0009303e      0x3e1 ./Drivers/STM32F1xx_HAL_Driver/Src/stm32f1xx_hal_tim_ex.o
                              0x8a5bf (size before relaxing)
 .debug_str     0x0009341f      0x5b6 ./Drivers/STM32F1xx_HAL_Driver/Src/stm32f1xx_hal_uart.o
                              0x8a422 (size before relaxing)

.comment        0x00000000       0x43
 .comment       0x00000000       0x43 ./Core/Src/adc.o
                                 0x44 (size before relaxing)
 .comment       0x00000043       0x44 ./Core/Src/gpio.o
 .comment       0x00000043       0x44 ./Core/Src/i2c.o
 .comment       0x00000043       0x44 ./Core/Src/main.o
 .comment       0x00000043       0x44 ./Core/Src/stm32f1xx_hal_msp.o
 .comment       0x00000043       0x44 ./Core/Src/stm32f1xx_it.o
 .comment       0x00000043       0x44 ./Core/Src/sysmem.o
 .comment       0x00000043       0x44 ./Core/Src/system_stm32f1xx.o
 .comment       0x00000043       0x44 ./Core/Src/tim.o
 .comment       0x00000043       0x44 ./Core/Src/usart.o
 .comment       0x00000043       0x44 ./Core/Src/usr_adc.o
 .comment       0x00000043       0x44 ./Core/Src/usr_gpio.o
 .comment       0x00000043       0x44 ./Core/Src/usr_lcd.o
 .comment       0x00000043       0x44 ./Core/Src/usr_pwm.o
 .comment       0x00000043       0x44 ./Core/Src/usr_system.o
 .comment       0x00000043       0x44 ./Core/Src/usr_tim.o
 .comment       0x00000043       0x44 ./Core/Src/usr_uart.o
 .comment       0x00000043       0x44 ./Drivers/STM32F1xx_HAL_Driver/Src/stm32f1xx_hal.o
 .comment       0x00000043       0x44 ./Drivers/STM32F1xx_HAL_Driver/Src/stm32f1xx_hal_adc.o
 .comment       0x00000043       0x44 ./Drivers/STM32F1xx_HAL_Driver/Src/stm32f1xx_hal_adc_ex.o
 .comment       0x00000043       0x44 ./Drivers/STM32F1xx_HAL_Driver/Src/stm32f1xx_hal_cortex.o
 .comment       0x00000043       0x44 ./Drivers/STM32F1xx_HAL_Driver/Src/stm32f1xx_hal_dma.o
 .comment       0x00000043       0x44 ./Drivers/STM32F1xx_HAL_Driver/Src/stm32f1xx_hal_gpio.o
 .comment       0x00000043       0x44 ./Drivers/STM32F1xx_HAL_Driver/Src/stm32f1xx_hal_i2c.o
 .comment       0x00000043       0x44 ./Drivers/STM32F1xx_HAL_Driver/Src/stm32f1xx_hal_rcc.o
 .comment       0x00000043       0x44 ./Drivers/STM32F1xx_HAL_Driver/Src/stm32f1xx_hal_rcc_ex.o
 .comment       0x00000043       0x44 ./Drivers/STM32F1xx_HAL_Driver/Src/stm32f1xx_hal_tim.o
 .comment       0x00000043       0x44 ./Drivers/STM32F1xx_HAL_Driver/Src/stm32f1xx_hal_tim_ex.o
 .comment       0x00000043       0x44 ./Drivers/STM32F1xx_HAL_Driver/Src/stm32f1xx_hal_uart.o

.debug_frame    0x00000000     0x50e8
 .debug_frame   0x00000000       0x7c ./Core/Src/adc.o
 .debug_frame   0x0000007c       0x34 ./Core/Src/gpio.o
 .debug_frame   0x000000b0       0x74 ./Core/Src/i2c.o
 .debug_frame   0x00000124       0x68 ./Core/Src/main.o
 .debug_frame   0x0000018c       0x34 ./Core/Src/stm32f1xx_hal_msp.o
 .debug_frame   0x000001c0      0x1a0 ./Core/Src/stm32f1xx_it.o
 .debug_frame   0x00000360       0x34 ./Core/Src/sysmem.o
 .debug_frame   0x00000394       0x58 ./Core/Src/system_stm32f1xx.o
 .debug_frame   0x000003ec       0xc4 ./Core/Src/tim.o
 .debug_frame   0x000004b0       0x74 ./Core/Src/usart.o
 .debug_frame   0x00000524       0xb4 ./Core/Src/usr_adc.o
 .debug_frame   0x000005d8       0x30 ./Core/Src/usr_gpio.o
 .debug_frame   0x00000608       0xfc ./Core/Src/usr_lcd.o
 .debug_frame   0x00000704      0x12c ./Core/Src/usr_pwm.o
 .debug_frame   0x00000830       0x6c ./Core/Src/usr_system.o