../Drivers/CMSIS/Include/core_cm3.h:1511:22:__NVIC_EnableIRQ	16	static
../Core/Src/main.c:73:5:main	8	static
../Core/Src/main.c:122:6:SystemClock_Config	72	static
../Core/Src/main.c:162:13:MX_TIM1_Init	96	static
../Core/Src/main.c:245:13:MX_TIM2_Init	56	static
../Core/Src/main.c:297:13:MX_GPIO_Init	24	static
../Core/Src/main.c:312:6:UsrInitGpio	4	static
../Core/Src/main.c:325:6:UsrInitPwm	16	static
../Core/Src/main.c:352:6:UsrTim2Init	8	static
../Core/Src/main.c:370:6:Error_Handler	4	static,ignoring_inline_asm
