../Drivers/CMSIS/Include/core_cm3.h:1511:22:__NVIC_EnableIRQ	16	static
../Core/Src/main.c:84:10:MovingAverage	24	static
../Core/Src/main.c:94:6:UsrReadAdc	24	static
../Core/Src/main.c:151:6:UsrInitGpio	4	static
../Core/Src/main.c:163:6:UsrInitPwm	4	static
../Core/Src/main.c:184:6:UsrTim2Init	8	static
../Core/Src/main.c:197:6:UsrTrigPwm1Channel1	16	static
../Core/Src/main.c:206:6:UsrTrigSwapPwm1Channel1	16	static
../Core/Src/main.c:214:6:UsrTrigPwm1Channel2	16	static
../Core/Src/main.c:222:6:UsrTrigSwapPwm1Channel2	16	static
../Core/Src/main.c:230:6:UsrTrigPwm1Channel3	16	static
../Core/Src/main.c:238:6:UsrTrigSwapPwm1Channel3	16	static
../Core/Src/main.c:245:6:UsrCheckBat1Bat2	8	static
../Core/Src/main.c:256:6:UsrCheckBat2Bat3	8	static
../Core/Src/main.c:267:6:UsrCheckBat3Bat4	8	static
../Core/Src/main.c:283:5:main	8	static
../Core/Src/main.c:340:6:SystemClock_Config	88	static
../Core/Src/main.c:390:6:Error_Handler	4	static,ignoring_inline_asm
